[13:33:44] PAPER-ONLY config overrides active: {'exit_management': {'vol_time_stop_fraction': 0.35, 'stop_exit_slippage_frac': 0.1, 'edge_scaled_target': True, 'edge_scale_min_ratio': 1.1, 'edge_scale_min_r': 1.0, 'edge_scale_max_r': 3.0}, 'risk': {'normal_risk_pct_of_capital': 5.0, 'normal_risk_cap_rupees': 5000, 'a_plus_risk_pct_of_capital': 6.0, 'a_plus_risk_cap_rupees': 6000, 'max_daily_loss_rupees': 8000}, 'instrument_risk_overrides': {'BANKNIFTY': {'normal_risk_cap_rupees': 5000, 'a_plus_risk_cap_rupees': 6000}, 'NIFTY': {'normal_risk_cap_rupees': 5000, 'a_plus_risk_cap_rupees': 6000}, 'FINNIFTY': {'normal_risk_cap_rupees': 5000, 'a_plus_risk_cap_rupees': 6000}, 'MIDCPNIFTY': {'normal_risk_cap_rupees': 5000, 'a_plus_risk_cap_rupees': 6000}}, 'instrument_calibration_status': {'BANKNIFTY': {'direction': 'OBSERVED', 'liquidity': 'OBSERVED', 'expected_move': 'UNVALIDATED'}, 'NIFTY': {'direction': 'OBSERVED', 'liquidity': 'OBSERVED', 'expected_move': 'UNVALIDATED'}, 'FINNIFTY': {'direction': 'OBSERVED', 'liquidity': 'OBSERVED', 'expected_move': 'UNVALIDATED'}, 'MIDCPNIFTY': {'direction': 'OBSERVED', 'liquidity': 'OBSERVED', 'expected_move': 'UNVALIDATED'}}}
[13:33:46]   NIFTY [NSE, TRADE_ELIGIBLE]: 18 expiries, nearest 2026-08-25
[13:33:46]   BANKNIFTY [NSE, TRADE_ELIGIBLE]: 6 expiries, nearest 2026-08-25
[13:33:46]   FINNIFTY [NSE, TRADE_ELIGIBLE]: 3 expiries, nearest 2026-08-25
[13:33:46]   MIDCPNIFTY [NSE, TRADE_ELIGIBLE]: 3 expiries, nearest 2026-08-25
[13:33:46]   SENSEX [BSE, TRADE_ELIGIBLE]: 19 expiries, nearest 2026-08-27
[13:33:46]   BANKEX [BSE, TRADE_ELIGIBLE]: 3 expiries, nearest 2026-08-27
[13:33:46]   FOCIT [BSE, TRADE_ELIGIBLE]: 3 expiries, nearest 2026-08-27
[13:33:46]   NIFTYNXT50 [NSE, TRADE_ELIGIBLE]: 3 expiries, nearest 2026-08-25
[13:33:46]   NIFTYFPI [NSE, TRADE_ELIGIBLE]: 3 expiries, nearest 2026-08-25
[13:33:46]   ADANIENT [NSE, TRADE_ELIGIBLE]: 3 expiries, nearest 2026-08-25
[13:33:46]   ADANIPORTS [NSE, TRADE_ELIGIBLE]: 3 expiries, nearest 2026-08-25
[13:33:46]   APOLLOHOSP [NSE, TRADE_ELIGIBLE]: 3 expiries, nearest 2026-08-25
[13:33:46]   ASIANPAINT [NSE, TRADE_ELIGIBLE]: 3 expiries, nearest 2026-08-25
[13:33:46]   AXISBANK [NSE, TRADE_ELIGIBLE]: 6 expiries, nearest 2026-08-25
[13:33:46]   BAJAJ-AUTO [NSE, TRADE_ELIGIBLE]: 3 expiries, nearest 2026-08-25
[13:33:46]   BAJFINANCE [NSE, TRADE_ELIGIBLE]: 3 expiries, nearest 2026-08-25
[13:33:46]   BAJAJFINSV [NSE, TRADE_ELIGIBLE]: 3 expiries, nearest 2026-08-25
[13:33:46]   BEL [NSE, TRADE_ELIGIBLE]: 3 expiries, nearest 2026-08-25
[13:33:46]   BHARTIARTL [NSE, TRADE_ELIGIBLE]: 3 expiries, nearest 2026-08-25
[13:33:46]   CIPLA [NSE, TRADE_ELIGIBLE]: 3 expiries, nearest 2026-08-25
[13:33:46]   COALINDIA [NSE, TRADE_ELIGIBLE]: 3 expiries, nearest 2026-08-25
[13:33:46]   DRREDDY [NSE, TRADE_ELIGIBLE]: 3 expiries, nearest 2026-08-25
[13:33:46]   EICHERMOT [NSE, TRADE_ELIGIBLE]: 3 expiries, nearest 2026-08-25
[13:33:46]   ETERNAL [NSE, TRADE_ELIGIBLE]: 3 expiries, nearest 2026-08-25
[13:33:46]   GRASIM [NSE, TRADE_ELIGIBLE]: 3 expiries, nearest 2026-08-25
[13:33:46]   HCLTECH [NSE, TRADE_ELIGIBLE]: 3 expiries, nearest 2026-08-25
[13:33:46]   HDFCBANK [NSE, TRADE_ELIGIBLE]: 6 expiries, nearest 2026-08-25
[13:33:46]   HDFCLIFE [NSE, TRADE_ELIGIBLE]: 3 expiries, nearest 2026-08-25
[13:33:46]   HINDALCO [NSE, TRADE_ELIGIBLE]: 3 expiries, nearest 2026-08-25
[13:33:46]   HINDUNILVR [NSE, TRADE_ELIGIBLE]: 3 expiries, nearest 2026-08-25
[13:33:46]   ICICIBANK [NSE, TRADE_ELIGIBLE]: 6 expiries, nearest 2026-08-25
[13:33:46]   ITC [NSE, TRADE_ELIGIBLE]: 6 expiries, nearest 2026-08-25
[13:33:46]   INFY [NSE, TRADE_ELIGIBLE]: 6 expiries, nearest 2026-08-25
[13:33:46]   INDIGO [NSE, TRADE_ELIGIBLE]: 3 expiries, nearest 2026-08-25
[13:33:46]   JSWSTEEL [NSE, TRADE_ELIGIBLE]: 6 expiries, nearest 2026-08-25
[13:33:46]   JIOFIN [NSE, TRADE_ELIGIBLE]: 6 expiries, nearest 2026-08-25
[13:33:46]   KOTAKBANK [NSE, TRADE_ELIGIBLE]: 3 expiries, nearest 2026-08-25
[13:33:46]   LT [NSE, TRADE_ELIGIBLE]: 3 expiries, nearest 2026-08-25
[13:33:46]   M&M [NSE, TRADE_ELIGIBLE]: 3 expiries, nearest 2026-08-25
[13:33:46]   MARUTI [NSE, TRADE_ELIGIBLE]: 3 expiries, nearest 2026-08-25
[13:33:46]   MAXHEALTH [NSE, TRADE_ELIGIBLE]: 3 expiries, nearest 2026-08-25
[13:33:46]   NTPC [NSE, TRADE_ELIGIBLE]: 3 expiries, nearest 2026-08-25
[13:33:46]   NESTLEIND [NSE, TRADE_ELIGIBLE]: 3 expiries, nearest 2026-08-25
[13:33:46]   ONGC [NSE, TRADE_ELIGIBLE]: 3 expiries, nearest 2026-08-25
[13:33:46]   POWERGRID [NSE, TRADE_ELIGIBLE]: 3 expiries, nearest 2026-08-25
[13:33:46]   RELIANCE [NSE, TRADE_ELIGIBLE]: 6 expiries, nearest 2026-08-25
[13:33:46]   SBILIFE [NSE, TRADE_ELIGIBLE]: 3 expiries, nearest 2026-08-25
[13:33:46]   SHRIRAMFIN [NSE, TRADE_ELIGIBLE]: 3 expiries, nearest 2026-08-25
[13:33:46]   SBIN [NSE, TRADE_ELIGIBLE]: 6 expiries, nearest 2026-08-25
[13:33:46]   SUNPHARMA [NSE, TRADE_ELIGIBLE]: 3 expiries, nearest 2026-08-25
[13:33:46]   TCS [NSE, TRADE_ELIGIBLE]: 6 expiries, nearest 2026-08-25
[13:33:46]   TATACONSUM [NSE, TRADE_ELIGIBLE]: 3 expiries, nearest 2026-08-25
[13:33:46]   TMPV [NSE, TRADE_ELIGIBLE]: 3 expiries, nearest 2026-08-25
[13:33:46]   TATASTEEL [NSE, TRADE_ELIGIBLE]: 6 expiries, nearest 2026-08-25
[13:33:46]   TECHM [NSE, TRADE_ELIGIBLE]: 3 expiries, nearest 2026-08-25
[13:33:46]   TITAN [NSE, TRADE_ELIGIBLE]: 6 expiries, nearest 2026-08-25
[13:33:46]   TRENT [NSE, TRADE_ELIGIBLE]: 3 expiries, nearest 2026-08-25
[13:33:46]   ULTRACEMCO [NSE, TRADE_ELIGIBLE]: 3 expiries, nearest 2026-08-25
[13:33:46]   WIPRO [NSE, TRADE_ELIGIBLE]: 3 expiries, nearest 2026-08-25
[13:33:46] Paper selector universe: NIFTY, BANKNIFTY, FINNIFTY, MIDCPNIFTY, SENSEX, BANKEX, FOCIT, NIFTYNXT50, NIFTYFPI, ADANIENT, ADANIPORTS, APOLLOHOSP, ASIANPAINT, AXISBANK, BAJAJ-AUTO, BAJFINANCE, BAJAJFINSV, BEL, BHARTIARTL, CIPLA, COALINDIA, DRREDDY, EICHERMOT, ETERNAL, GRASIM, HCLTECH, HDFCBANK, HDFCLIFE, HINDALCO, HINDUNILVR, ICICIBANK, ITC, INFY, INDIGO, JSWSTEEL, JIOFIN, KOTAKBANK, LT, M&M, MARUTI, MAXHEALTH, NTPC, NESTLEIND, ONGC, POWERGRID, RELIANCE, SBILIFE, SHRIRAMFIN, SBIN, SUNPHARMA, TCS, TATACONSUM, TMPV, TATASTEEL, TECHM, TITAN, TRENT, ULTRACEMCO, WIPRO; monitor-only: -

Dashboard: http://127.0.0.1:8775  (Ctrl+C to stop)
[13:33:46] Loop started.
[13:33:59]   NIFTYNXT50 NSE:NIFTYNXT5026AUG73700CE depth unavailable: ValueError: Fyers depth source timestamp invalid
[13:33:59]   NIFTYNXT50 NSE:NIFTYNXT5026AUG73700PE depth unavailable: ValueError: Fyers depth source timestamp invalid
[13:34:00]   NIFTYNXT50 NSE:NIFTYNXT5026AUG73800PE depth unavailable: ValueError: Fyers depth source timestamp invalid
[13:34:00]   NIFTYNXT50 NSE:NIFTYNXT5026AUG73900CE depth unavailable: ValueError: Fyers depth source timestamp invalid
[13:34:00]   NIFTYNXT50 NSE:NIFTYNXT5026AUG73900PE depth unavailable: ValueError: Fyers depth best quote invalid
[13:34:00]   NIFTYFPI chain unavailable [OPTIONS_CHAIN_UNAVAILABLE]: OptionChainParseError: Missing data.optionsChain in Fyers payload
[13:34:06] Cycle error; new entries blocked for 30.0s: OptionChainParseError: Missing CE at strike 2960.0
[13:34:21]   NIFTYNXT50 NSE:NIFTYNXT5026AUG73700CE depth unavailable: ValueError: Fyers depth source timestamp invalid
[13:34:21]   NIFTYNXT50 NSE:NIFTYNXT5026AUG73700PE depth unavailable: ValueError: Fyers depth source timestamp invalid
[13:34:21]   NIFTYNXT50 NSE:NIFTYNXT5026AUG73800PE depth unavailable: ValueError: Fyers depth source timestamp invalid
[13:34:21]   NIFTYNXT50 NSE:NIFTYNXT5026AUG73900CE depth unavailable: ValueError: Fyers depth source timestamp invalid
[13:34:22]   NIFTYNXT50 NSE:NIFTYNXT5026AUG73900PE depth unavailable: ValueError: Fyers depth best quote invalid
[13:34:22]   NIFTYFPI chain unavailable [OPTIONS_CHAIN_UNAVAILABLE]: OptionChainParseError: Missing data.optionsChain in Fyers payload
[13:34:39]   SENSEX BSE:SENSEX26AUG77300PE depth unavailable: FyersAPIError: Fyers HTTP 429 on https://api-t1.fyers.in/data/depth?symbol=BSE%3ASENSEX26AUG77300PE&ohlcv_flag=1: {"message":"request limit reached","code":429,"s":"error"}
[13:34:41]   SENSEX BSE:SENSEX26AUG77400CE depth unavailable: FyersAPIError: Fyers HTTP 429 on https://api-t1.fyers.in/data/depth?symbol=BSE%3ASENSEX26AUG77400CE&ohlcv_flag=1: {"message":"request limit reached","code":429,"s":"error"}
[13:34:48]   NIFTYNXT50 NSE:NIFTYNXT5026AUG73600CE depth unavailable: ValueError: Fyers depth best quote invalid
[13:34:48]   NIFTYNXT50 NSE:NIFTYNXT5026AUG73600PE depth unavailable: ValueError: Fyers depth best quote invalid
[13:34:48]   NIFTYNXT50 NSE:NIFTYNXT5026AUG73700CE depth unavailable: ValueError: Fyers depth source timestamp invalid
[13:34:48]   NIFTYNXT50 NSE:NIFTYNXT5026AUG73700PE depth unavailable: ValueError: Fyers depth source timestamp invalid
[13:34:49]   NIFTYNXT50 NSE:NIFTYNXT5026AUG73800PE depth unavailable: ValueError: Fyers depth source timestamp invalid
[13:34:49]   NIFTYFPI chain unavailable [OPTIONS_CHAIN_UNAVAILABLE]: OptionChainParseError: Missing data.optionsChain in Fyers payload
[13:34:53]   DATA HEALTH ALERT NIFTY: Invalid IV for CE 22650.0; Missing delta for CE 22650.0; Invalid IV for PE 22650.0; Zero volume CE at 22650.0; Zero volume CE at 22750.0; Zero volume CE at 22850.0; Candidate option quote stale 23.57s; Candidate option quote stale 23.57s; Candidate option quote stale 24.57s; Candidate option quote stale 24.57s; Candidate option quote stale 23.57s; Candidate option quote stale 23.58s
[13:34:53]   DATA HEALTH ALERT BANKNIFTY: Invalid IV for CE 54300.0; Missing delta for CE 54300.0; Invalid IV for PE 54300.0; Zero volume CE at 54300.0; Zero volume CE at 54400.0; Zero volume CE at 54600.0; Candidate option quote stale 22.60s; Candidate option quote stale 22.60s; Candidate option quote stale 22.61s; Candidate option quote stale 23.61s; Candidate option quote stale 22.61s; Candidate option quote stale 22.61s
[13:34:53]   DATA HEALTH ALERT FINNIFTY: CE/PE timestamp delta 164.00s at 26050.0; CE/PE timestamp delta 16.00s at 26150.0; Candidate option quote stale 32.63s; Candidate option quote stale 32.63s; Candidate option quote stale 196.63s; Candidate option quote stale 32.63s; Candidate option quote stale 24.63s; Candidate option quote stale 40.63s
[13:34:53]   DATA HEALTH ALERT MIDCPNIFTY: CE/PE timestamp delta 5.00s at 14850.0; CE/PE timestamp delta 4.00s at 14875.0; Candidate option quote stale 25.64s; Candidate option quote stale 21.64s; Candidate option quote stale 25.64s; Candidate option quote stale 20.64s; Candidate option quote stale 19.64s; Candidate option quote stale 20.64s
[13:34:53]   DATA HEALTH ALERT SENSEX: CE/PE timestamp delta 3.48s at 77300.0; CE/PE timestamp delta 10.48s at 77400.0; Candidate option quote stale 18.64s; Candidate option quote depth unavailable; Candidate option quote stale 19.64s; Candidate option quote stale 18.65s; Candidate option quote depth unavailable; Candidate option quote stale 11.65s
[13:34:53]   DATA HEALTH ALERT BANKEX: CE/PE timestamp delta 199.00s at 64900.0; CE/PE timestamp delta 63.00s at 65000.0; CE/PE timestamp delta 14.00s at 65100.0; Candidate option quote stale 17.65s; Candidate option quote stale 80.65s; Candidate option quote stale 458.65s; Candidate option quote stale 259.65s; Candidate option quote stale 282.65s; Candidate option quote stale 268.65s
[13:34:53]   DATA HEALTH ALERT FOCIT: CE/PE timestamp delta 37845.00s at 37100.0; CE/PE timestamp delta 6599.00s at 37200.0; CE/PE timestamp delta 44573.00s at 37300.0; Candidate option quote stale 8316.65s; Candidate option quote stale 1717.65s; Candidate option quote stale 11048.65s; Candidate option quote stale 48893.65s; Candidate option quote stale 48893.65s; Candidate option quote stale 4320.65s
[13:34:53]   DATA HEALTH ALERT NIFTYNXT50: CE/PE timestamp delta 2072342.52s at 73800.0; Candidate option quote depth unavailable; Candidate option quote depth unavailable; Candidate option quote invalid; Candidate option quote invalid; Candidate option quote stale 2072364.66s; Candidate option quote depth unavailable
[13:34:53] Cycle error; new entries blocked for 30.0s: OptionChainParseError: Missing CE at strike 2960.0
[13:35:39]   BAJAJFINSV NSE:BAJAJFINSV26AUG2000CE depth unavailable: FyersAPIError: Fyers HTTP 429 on https://api-t1.fyers.in/data/depth?symbol=NSE%3ABAJAJFINSV26AUG2000CE&ohlcv_flag=1: {"message":"request limit reached","code":429,"s":"error"}
[13:35:41]   BAJAJFINSV NSE:BAJAJFINSV26AUG2000PE depth unavailable: FyersAPIError: Fyers HTTP 429 on https://api-t1.fyers.in/data/depth?symbol=NSE%3ABAJAJFINSV26AUG2000PE&ohlcv_flag=1: {"message":"request limit reached","code":429,"s":"error"}
[13:35:43]   BAJAJFINSV NSE:BAJAJFINSV26AUG2020CE depth unavailable: FyersAPIError: Fyers HTTP 429 on https://api-t1.fyers.in/data/depth?symbol=NSE%3ABAJAJFINSV26AUG2020CE&ohlcv_flag=1: {"message":"request limit reached","code":429,"s":"error"}
[13:36:11]   DATA HEALTH ALERT ASIANPAINT: CE/PE timestamp delta 1034.00s at 2600.0; CE/PE timestamp delta 361.00s at 2620.0; CE/PE timestamp delta 54.00s at 2640.0; Candidate option quote stale 437.70s; Candidate option quote stale 76.70s; Candidate option quote stale 1385.70s; Candidate option quote stale 351.70s; Candidate option quote stale 122.70s; Candidate option quote stale 68.70s
[13:36:11]   DATA HEALTH ALERT AXISBANK: CE/PE timestamp delta 9.00s at 1220.0; CE/PE timestamp delta 9.00s at 1240.0; CE/PE timestamp delta 5.00s at 1260.0; Candidate option quote stale 13.71s; Candidate option quote stale 22.71s; Candidate option quote stale 22.71s; Candidate option quote stale 13.71s; Candidate option quote stale 17.71s; Candidate option quote stale 22.71s
[13:36:11]   DATA HEALTH ALERT BAJAJ-AUTO: CE/PE timestamp delta 52.00s at 11700.0; CE/PE timestamp delta 29.00s at 11800.0; CE/PE timestamp delta 327.00s at 11900.0; Candidate option quote stale 18.71s; Candidate option quote stale 47.71s; Candidate option quote stale 70.71s; Candidate option quote stale 18.71s; Candidate option quote stale 25.71s; Candidate option quote stale 352.71s
[13:36:11]   DATA HEALTH ALERT BAJFINANCE: CE/PE timestamp delta 124.00s at 1070.0; CE/PE timestamp delta 5.00s at 1080.0; CE/PE timestamp delta 14.00s at 1090.0; Candidate option quote stale 52.72s; Candidate option quote stale 47.72s; Candidate option quote stale 145.72s; Candidate option quote stale 21.72s; Candidate option quote stale 35.73s; Candidate option quote stale 21.73s
[13:36:11]   DATA HEALTH ALERT BAJAJFINSV: CE/PE timestamp delta 5.00s at 1980.0; CE/PE timestamp delta 5.00s at 2020.0; Candidate option quote stale 39.73s; Candidate option quote stale 37.73s; Candidate option quote stale 29.73s; Candidate option quote stale 24.73s; Candidate option quote stale 24.73s; Candidate option quote stale 29.73s
[13:36:11]   DATA HEALTH ALERT BEL: CE/PE timestamp delta 48.00s at 400.0; CE/PE timestamp delta 4.00s at 405.0; CE/PE timestamp delta 41.00s at 410.0; Candidate option quote stale 24.73s; Candidate option quote stale 20.73s; Candidate option quote stale 93.73s; Candidate option quote stale 45.73s; Candidate option quote stale 33.73s; Candidate option quote stale 74.73s
[13:36:11]   DATA HEALTH ALERT BHARTIARTL: CE/PE timestamp delta 12.00s at 1920.0; CE/PE timestamp delta 51.00s at 1960.0; Candidate option quote stale 34.74s; Candidate option quote stale 34.74s; Candidate option quote stale 30.74s; Candidate option quote stale 42.74s; Candidate option quote stale 81.74s; Candidate option quote stale 30.74s
[13:36:11]   DATA HEALTH ALERT CIPLA: CE/PE timestamp delta 18.00s at 1410.0; CE/PE timestamp delta 30.00s at 1420.0; CE/PE timestamp delta 23.00s at 1430.0; Candidate option quote stale 51.74s; Candidate option quote stale 21.74s; Candidate option quote stale 46.74s; Candidate option quote stale 64.74s; Candidate option quote stale 45.74s; Candidate option quote stale 22.74s
[13:36:43]   HDFCLIFE NSE:HDFCLIFE26AUG550PE depth unavailable: FyersAPIError: Fyers HTTP 429 on https://api-t1.fyers.in/data/depth?symbol=NSE%3AHDFCLIFE26AUG550PE&ohlcv_flag=1: {"message":"request limit reached","code":429,"s":"error"}
[13:36:45]   HDFCLIFE NSE:HDFCLIFE26AUG555CE depth unavailable: FyersAPIError: Fyers HTTP 429 on https://api-t1.fyers.in/data/depth?symbol=NSE%3AHDFCLIFE26AUG555CE&ohlcv_flag=1: {"message":"request limit reached","code":429,"s":"error"}
[13:37:08]   DATA HEALTH ALERT COALINDIA: CE/PE timestamp delta 15.00s at 400.0; CE/PE timestamp delta 32.00s at 405.0; CE/PE timestamp delta 5.00s at 410.0; Candidate option quote stale 36.08s; Candidate option quote stale 68.08s; Candidate option quote stale 127.08s; Candidate option quote stale 112.09s; Candidate option quote stale 26.09s; Candidate option quote stale 31.09s
[13:37:08]   DATA HEALTH ALERT DRREDDY: CE/PE timestamp delta 40.00s at 1180.0; CE/PE timestamp delta 70.00s at 1190.0; CE/PE timestamp delta 137.00s at 1200.0; Candidate option quote stale 124.09s; Candidate option quote stale 194.09s; Candidate option quote stale 43.09s; Candidate option quote stale 83.09s; Candidate option quote stale 39.09s; Candidate option quote stale 176.09s
[13:37:08]   DATA HEALTH ALERT EICHERMOT: CE/PE timestamp delta 84.00s at 7900.0; CE/PE timestamp delta 61.00s at 8000.0; CE/PE timestamp delta 300.00s at 8100.0; Candidate option quote stale 111.09s; Candidate option quote stale 50.09s; Candidate option quote stale 182.09s; Candidate option quote stale 98.09s; Candidate option quote stale 71.09s; Candidate option quote stale 371.09s
[13:37:08]   DATA HEALTH ALERT ETERNAL: CE/PE timestamp delta 31.00s at 330.0; Candidate option quote stale 31.10s; Candidate option quote stale 33.10s; Candidate option quote stale 68.10s; Candidate option quote stale 68.10s; Candidate option quote stale 42.10s; Candidate option quote stale 73.10s
[13:37:08]   DATA HEALTH ALERT GRASIM: CE/PE timestamp delta 3.00s at 3260.0; CE/PE timestamp delta 70.00s at 3280.0; CE/PE timestamp delta 24.00s at 3300.0; Candidate option quote stale 29.10s; Candidate option quote stale 99.10s; Candidate option quote stale 68.10s; Candidate option quote stale 65.10s; Candidate option quote stale 44.10s; Candidate option quote stale 68.10s
[13:37:08]   DATA HEALTH ALERT HCLTECH: CE/PE timestamp delta 11.00s at 1320.0; Candidate option quote stale 17.10s; Candidate option quote stale 28.10s; Candidate option quote stale 13.10s; Candidate option quote stale 13.10s; Candidate option quote stale 13.11s; Candidate option quote stale 13.11s
[13:37:08]   DATA HEALTH ALERT HDFCBANK: CE/PE timestamp delta 8.00s at 720.0; CE/PE timestamp delta 8.00s at 730.0; CE/PE timestamp delta 9.00s at 740.0; Candidate option quote stale 14.11s; Candidate option quote warning stale 6.11s; Candidate option quote warning stale 6.11s; Candidate option quote stale 14.11s; Candidate option quote stale 15.11s; Candidate option quote warning stale 6.11s
[13:37:08]   DATA HEALTH ALERT HDFCLIFE: CE/PE timestamp delta 32.00s at 545.0; CE/PE timestamp delta 36.00s at 550.0; CE/PE timestamp delta 21.00s at 555.0; Candidate option quote stale 178.11s; Candidate option quote stale 142.11s; Candidate option quote stale 142.11s; Candidate option quote stale 174.11s; Candidate option quote stale 138.11s; Candidate option quote stale 117.11s
[13:38:01] Cycle error; new entries blocked for 30.0s: OptionChainParseError: Missing CE at strike 1135.0
[13:38:41]   ITC NSE:ITC26AUG265PE depth unavailable: FyersAPIError: Fyers HTTP 429 on https://api-t1.fyers.in/data/depth?symbol=NSE%3AITC26AUG265PE&ohlcv_flag=1: {"message":"request limit reached","code":429,"s":"error"}
[13:38:43]   ITC NSE:ITC26AUG267.5CE depth unavailable: FyersAPIError: Fyers HTTP 429 on https://api-t1.fyers.in/data/depth?symbol=NSE%3AITC26AUG267.5CE&ohlcv_flag=1: {"message":"request limit reached","code":429,"s":"error"}
[13:38:45]   ITC NSE:ITC26AUG267.5PE depth unavailable: FyersAPIError: Fyers HTTP 429 on https://api-t1.fyers.in/data/depth?symbol=NSE%3AITC26AUG267.5PE&ohlcv_flag=1: {"message":"request limit reached","code":429,"s":"error"}
[13:38:53]   DATA HEALTH ALERT HINDALCO: CE/PE timestamp delta 12.00s at 1060.0; CE/PE timestamp delta 54.00s at 1080.0; Candidate option quote stale 22.21s; Candidate option quote stale 34.21s; Candidate option quote stale 34.21s; Candidate option quote stale 33.21s; Candidate option quote stale 34.21s; Candidate option quote stale 88.21s
[13:38:53]   DATA HEALTH ALERT HINDUNILVR: CE/PE timestamp delta 90.00s at 2000.0; CE/PE timestamp delta 78.00s at 2040.0; Candidate option quote stale 50.22s; Candidate option quote stale 48.22s; Candidate option quote stale 134.22s; Candidate option quote stale 44.22s; Candidate option quote stale 50.22s; Candidate option quote stale 128.22s
[13:38:53]   DATA HEALTH ALERT ICICIBANK: CE/PE timestamp delta 7.00s at 1420.0; Candidate option quote stale 36.23s; Candidate option quote stale 36.23s; Candidate option quote stale 44.23s; Candidate option quote stale 46.23s; Candidate option quote stale 35.23s; Candidate option quote stale 42.23s
[13:38:53]   DATA HEALTH ALERT ITC: CE/PE timestamp delta 29.53s at 265.0; CE/PE timestamp delta 6.00s at 270.0; Candidate option quote depth unavailable; Candidate option quote depth unavailable; Candidate option quote stale 53.23s; Candidate option quote depth unavailable; Candidate option quote stale 27.23s; Candidate option quote stale 21.24s
[13:38:53] Cycle error; new entries blocked for 30.0s: OptionChainParseError: Missing CE at strike 1135.0
[13:39:39]   NESTLEIND NSE:NESTLEIND26AUG1470CE depth unavailable: FyersAPIError: Fyers HTTP 429 on https://api-t1.fyers.in/data/depth?symbol=NSE%3ANESTLEIND26AUG1470CE&ohlcv_flag=1: {"message":"request limit reached","code":429,"s":"error"}
[13:39:41]   NESTLEIND NSE:NESTLEIND26AUG1470PE depth unavailable: FyersAPIError: Fyers HTTP 429 on https://api-t1.fyers.in/data/depth?symbol=NSE%3ANESTLEIND26AUG1470PE&ohlcv_flag=1: {"message":"request limit reached","code":429,"s":"error"}
[13:39:42]   ONGC chain unavailable [OPTIONS_CHAIN_ERROR]: FyersAPIError: Fyers HTTP 429 on https://api-t1.fyers.in/data/options-chain-v3?symbol=NSE%3AONGC-EQ&strikecount=30: {"message":"request limit reached","code":429,"s":"error"}
[13:39:42] Cycle error; new entries blocked for 30.0s: OptionChainParseError: Missing CE at strike 4080.0
[13:39:47]   NIFTY chain unavailable [OPTIONS_CHAIN_ERROR]: FyersAPIError: Fyers HTTP 429 on https://api-t1.fyers.in/data/options-chain-v3?symbol=NSE%3ANIFTY50-INDEX&strikecount=30: {"message":"request limit reached","code":429,"s":"error"}
[13:40:40]   MIDCPNIFTY NSE:MIDCPNIFTY26AUG14900CE depth unavailable: FyersAPIError: Fyers HTTP 429 on https://api-t1.fyers.in/data/depth?symbol=NSE%3AMIDCPNIFTY26AUG14900CE&ohlcv_flag=1: {"message":"request limit reached","code":429,"s":"error"}
[13:40:42]   MIDCPNIFTY NSE:MIDCPNIFTY26AUG14900PE depth unavailable: FyersAPIError: Fyers HTTP 429 on https://api-t1.fyers.in/data/depth?symbol=NSE%3AMIDCPNIFTY26AUG14900PE&ohlcv_flag=1: {"message":"request limit reached","code":429,"s":"error"}
[13:40:42]   POWERGRID chain unavailable [OPTIONS_CHAIN_ERROR]: FyersAPIError: Fyers HTTP 429 on https://api-t1.fyers.in/data/options-chain-v3?symbol=NSE%3APOWERGRID-EQ&strikecount=30: {"message":"request limit reached","code":429,"s":"error"}
[13:40:43]   RELIANCE chain unavailable [OPTIONS_CHAIN_ERROR]: FyersAPIError: Fyers HTTP 429 on https://api-t1.fyers.in/data/options-chain-v3?symbol=NSE%3ARELIANCE-EQ&strikecount=30: {"message":"request limit reached","code":429,"s":"error"}
[13:40:43]   SBILIFE chain unavailable [OPTIONS_CHAIN_ERROR]: FyersAPIError: Fyers HTTP 429 on https://api-t1.fyers.in/data/options-chain-v3?symbol=NSE%3ASBILIFE-EQ&strikecount=30: {"message":"request limit reached","code":429,"s":"error"}
[13:40:43]   SHRIRAMFIN chain unavailable [OPTIONS_CHAIN_ERROR]: FyersAPIError: Fyers HTTP 429 on https://api-t1.fyers.in/data/options-chain-v3?symbol=NSE%3ASHRIRAMFIN-EQ&strikecount=30: {"message":"request limit reached","code":429,"s":"error"}
[13:40:43]   SBIN chain unavailable [OPTIONS_CHAIN_ERROR]: FyersAPIError: Fyers HTTP 429 on https://api-t1.fyers.in/data/options-chain-v3?symbol=NSE%3ASBIN-EQ&strikecount=30: {"message":"request limit reached","code":429,"s":"error"}
[13:40:43]   SUNPHARMA chain unavailable [OPTIONS_CHAIN_ERROR]: FyersAPIError: Fyers HTTP 429 on https://api-t1.fyers.in/data/options-chain-v3?symbol=NSE%3ASUNPHARMA-EQ&strikecount=30: {"message":"request limit reached","code":429,"s":"error"}
[13:40:44]   TCS chain unavailable [OPTIONS_CHAIN_ERROR]: FyersAPIError: Fyers HTTP 429 on https://api-t1.fyers.in/data/options-chain-v3?symbol=NSE%3ATCS-EQ&strikecount=30: {"message":"request limit reached","code":429,"s":"error"}
[13:40:44]   TATACONSUM chain unavailable [OPTIONS_CHAIN_ERROR]: FyersAPIError: Fyers HTTP 429 on https://api-t1.fyers.in/data/options-chain-v3?symbol=NSE%3ATATACONSUM-EQ&strikecount=30: {"message":"request limit reached","code":429,"s":"error"}
[13:40:44]   DATA HEALTH ALERT NIFTY: Invalid IV for CE 22650.0; Missing delta for CE 22650.0; Invalid IV for PE 22650.0; Zero volume CE at 22650.0; Zero volume CE at 22750.0; Zero volume CE at 22850.0; Candidate option quote stale 13.64s; Candidate option quote stale 13.64s; Candidate option quote stale 14.64s; Candidate option quote stale 13.64s; Candidate option quote stale 13.65s; Candidate option quote stale 13.65s
[13:41:44]   FINNIFTY NSE:FINNIFTY26AUG26150PE depth unavailable: FyersAPIError: Fyers HTTP 429 on https://api-t1.fyers.in/data/depth?symbol=NSE%3AFINNIFTY26AUG26150PE&ohlcv_flag=1: {"message":"request limit reached","code":429,"s":"error"}
[13:41:46]   FINNIFTY NSE:FINNIFTY26AUG26200CE depth unavailable: FyersAPIError: Fyers HTTP 429 on https://api-t1.fyers.in/data/depth?symbol=NSE%3AFINNIFTY26AUG26200CE&ohlcv_flag=1: {"message":"request limit reached","code":429,"s":"error"}
[13:41:48]   FINNIFTY NSE:FINNIFTY26AUG26200PE depth unavailable: FyersAPIError: Fyers HTTP 429 on https://api-t1.fyers.in/data/depth?symbol=NSE%3AFINNIFTY26AUG26200PE&ohlcv_flag=1: {"message":"request limit reached","code":429,"s":"error"}
[13:41:48]   MIDCPNIFTY chain unavailable [OPTIONS_CHAIN_ERROR]: FyersAPIError: Fyers HTTP 429 on https://api-t1.fyers.in/data/options-chain-v3?symbol=NSE%3AMIDCPNIFTY-INDEX&strikecount=30: {"message":"request limit reached","code":429,"s":"error"}
[13:41:48]   TMPV chain unavailable [OPTIONS_CHAIN_ERROR]: FyersAPIError: Fyers HTTP 429 on https://api-t1.fyers.in/data/options-chain-v3?symbol=NSE%3ATMPV-EQ&strikecount=30: {"message":"request limit reached","code":429,"s":"error"}
[13:41:48]   TATASTEEL chain unavailable [OPTIONS_CHAIN_ERROR]: FyersAPIError: Fyers HTTP 429 on https://api-t1.fyers.in/data/options-chain-v3?symbol=NSE%3ATATASTEEL-EQ&strikecount=30: {"message":"request limit reached","code":429,"s":"error"}
[13:41:49]   TECHM chain unavailable [OPTIONS_CHAIN_ERROR]: FyersAPIError: Fyers HTTP 429 on https://api-t1.fyers.in/data/options-chain-v3?symbol=NSE%3ATECHM-EQ&strikecount=30: {"message":"request limit reached","code":429,"s":"error"}
[13:41:49]   TITAN chain unavailable [OPTIONS_CHAIN_ERROR]: FyersAPIError: Fyers HTTP 429 on https://api-t1.fyers.in/data/options-chain-v3?symbol=NSE%3ATITAN-EQ&strikecount=30: {"message":"request limit reached","code":429,"s":"error"}
[13:41:49]   TRENT chain unavailable [OPTIONS_CHAIN_ERROR]: FyersAPIError: Fyers HTTP 429 on https://api-t1.fyers.in/data/options-chain-v3?symbol=NSE%3ATRENT-EQ&strikecount=30: {"message":"request limit reached","code":429,"s":"error"}
[13:41:49]   ULTRACEMCO chain unavailable [OPTIONS_CHAIN_ERROR]: FyersAPIError: Fyers HTTP 429 on https://api-t1.fyers.in/data/options-chain-v3?symbol=NSE%3AULTRACEMCO-EQ&strikecount=30: {"message":"request limit reached","code":429,"s":"error"}
[13:41:49]   WIPRO chain unavailable [OPTIONS_CHAIN_ERROR]: FyersAPIError: Fyers HTTP 429 on https://api-t1.fyers.in/data/options-chain-v3?symbol=NSE%3AWIPRO-EQ&strikecount=30: {"message":"request limit reached","code":429,"s":"error"}
[13:42:31]   NIFTYNXT50 NSE:NIFTYNXT5026AUG73700CE depth unavailable: ValueError: Fyers depth best quote invalid
[13:42:32]   NIFTYNXT50 NSE:NIFTYNXT5026AUG73700PE depth unavailable: ValueError: Fyers depth best quote invalid
[13:42:32]   NIFTYNXT50 NSE:NIFTYNXT5026AUG73800PE depth unavailable: ValueError: Fyers depth best quote invalid
[13:42:32]   NIFTYNXT50 NSE:NIFTYNXT5026AUG73900CE depth unavailable: ValueError: Fyers depth best quote invalid
[13:42:32]   NIFTYNXT50 NSE:NIFTYNXT5026AUG73900PE depth unavailable: ValueError: Fyers depth best quote invalid
[13:42:41]   DATA HEALTH ALERT MIDCPNIFTY: CE/PE timestamp delta 4.00s at 14900.0; Candidate option quote stale 26.61s; Candidate option quote stale 27.61s; Candidate option quote stale 33.61s; Candidate option quote stale 32.61s; Candidate option quote stale 20.61s; Candidate option quote stale 24.61s
[13:42:56]   NIFTYNXT50 NSE:NIFTYNXT5026AUG73700CE depth unavailable: ValueError: Fyers depth best quote invalid
[13:42:56]   NIFTYNXT50 NSE:NIFTYNXT5026AUG73700PE depth unavailable: ValueError: Fyers depth best quote invalid
[13:42:56]   NIFTYNXT50 NSE:NIFTYNXT5026AUG73800PE depth unavailable: ValueError: Fyers depth best quote invalid
[13:42:56]   NIFTYNXT50 NSE:NIFTYNXT5026AUG73900CE depth unavailable: ValueError: Fyers depth best quote invalid
[13:42:57]   NIFTYNXT50 NSE:NIFTYNXT5026AUG73900PE depth unavailable: ValueError: Fyers depth best quote invalid
[13:43:04]   DATA HEALTH ALERT ADANIENT: CE/PE timestamp delta 65.00s at 3000.0; Candidate option quote stale 16.69s; Candidate option quote stale 81.69s; Candidate option quote stale 344.69s; Candidate option quote stale 344.69s
[13:43:04]   DATA HEALTH ALERT ADANIPORTS: CE/PE timestamp delta 71.00s at 1660.0; CE/PE timestamp delta 116.00s at 1680.0; CE/PE timestamp delta 19.00s at 1700.0; Candidate option quote stale 168.70s; Candidate option quote stale 52.70s; Candidate option quote stale 89.70s; Candidate option quote stale 160.70s; Candidate option quote stale 71.70s; Candidate option quote stale 52.70s
[13:43:04]   DATA HEALTH ALERT APOLLOHOSP: CE/PE timestamp delta 47.00s at 8700.0; CE/PE timestamp delta 19.00s at 8800.0; Candidate option quote stale 49.70s; Candidate option quote stale 96.70s; Candidate option quote stale 90.70s; Candidate option quote stale 90.70s; Candidate option quote stale 77.70s; Candidate option quote stale 96.70s
[13:43:19]   NIFTYNXT50 NSE:NIFTYNXT5026AUG73700CE depth unavailable: ValueError: Fyers depth best quote invalid
[13:43:19]   NIFTYNXT50 NSE:NIFTYNXT5026AUG73700PE depth unavailable: ValueError: Fyers depth best quote invalid
[13:43:20]   NIFTYNXT50 NSE:NIFTYNXT5026AUG73800PE depth unavailable: ValueError: Fyers depth best quote invalid
[13:43:20]   NIFTYNXT50 NSE:NIFTYNXT5026AUG73900CE depth unavailable: ValueError: Fyers depth best quote invalid
[13:43:20]   NIFTYNXT50 NSE:NIFTYNXT5026AUG73900PE depth unavailable: ValueError: Fyers depth best quote invalid
[13:44:48]   BAJAJ-AUTO NSE:BAJAJ-AUTO26AUG11800PE depth unavailable: FyersAPIError: Fyers HTTP 429 on https://api-t1.fyers.in/data/depth?symbol=NSE%3ABAJAJ-AUTO26AUG11800PE&ohlcv_flag=1: {"message":"request limit reached","code":429,"s":"error"}
[13:44:50]   BAJAJ-AUTO NSE:BAJAJ-AUTO26AUG11900CE depth unavailable: FyersAPIError: Fyers HTTP 429 on https://api-t1.fyers.in/data/depth?symbol=NSE%3ABAJAJ-AUTO26AUG11900CE&ohlcv_flag=1: {"message":"request limit reached","code":429,"s":"error"}
[13:45:46]   HCLTECH NSE:HCLTECH26AUG1320CE depth unavailable: FyersAPIError: Fyers HTTP 429 on https://api-t1.fyers.in/data/depth?symbol=NSE%3AHCLTECH26AUG1320CE&ohlcv_flag=1: {"message":"request limit reached","code":429,"s":"error"}
[13:45:48]   HCLTECH NSE:HCLTECH26AUG1320PE depth unavailable: FyersAPIError: Fyers HTTP 429 on https://api-t1.fyers.in/data/depth?symbol=NSE%3AHCLTECH26AUG1320PE&ohlcv_flag=1: {"message":"request limit reached","code":429,"s":"error"}
[13:45:50]   HCLTECH NSE:HCLTECH26AUG1330CE depth unavailable: FyersAPIError: Fyers HTTP 429 on https://api-t1.fyers.in/data/depth?symbol=NSE%3AHCLTECH26AUG1330CE&ohlcv_flag=1: {"message":"request limit reached","code":429,"s":"error"}
[13:46:45]   KOTAKBANK NSE:KOTAKBANK26AUG405PE depth unavailable: FyersAPIError: Fyers HTTP 429 on https://api-t1.fyers.in/data/depth?symbol=NSE%3AKOTAKBANK26AUG405PE&ohlcv_flag=1: {"message":"request limit reached","code":429,"s":"error"}
[13:46:46]   LT chain unavailable [OPTIONS_CHAIN_ERROR]: FyersAPIError: Fyers HTTP 429 on https://api-t1.fyers.in/data/options-chain-v3?symbol=NSE%3ALT-EQ&strikecount=30: {"message":"request limit reached","code":429,"s":"error"}
[13:46:46] Cycle error; new entries blocked for 30.0s: OptionChainParseError: Missing CE at strike 1135.0
[13:47:31] Cycle error; new entries blocked for 30.0s: OptionChainParseError: Missing CE at strike 1135.0
[13:47:44]   M&M chain unavailable [OPTIONS_CHAIN_ERROR]: FyersAPIError: Fyers HTTP 429 on https://api-t1.fyers.in/data/options-chain-v3?symbol=NSE%3AM%26M-EQ&strikecount=30: {"message":"request limit reached","code":429,"s":"error"}
[13:47:44]   MARUTI chain unavailable [OPTIONS_CHAIN_ERROR]: FyersAPIError: Fyers HTTP 429 on https://api-t1.fyers.in/data/options-chain-v3?symbol=NSE%3AMARUTI-EQ&strikecount=30: {"message":"request limit reached","code":429,"s":"error"}
[13:47:44]   MAXHEALTH chain unavailable [OPTIONS_CHAIN_ERROR]: FyersAPIError: Fyers HTTP 429 on https://api-t1.fyers.in/data/options-chain-v3?symbol=NSE%3AMAXHEALTH-EQ&strikecount=30: {"message":"request limit reached","code":429,"s":"error"}
[13:47:44]   NTPC chain unavailable [OPTIONS_CHAIN_ERROR]: FyersAPIError: Fyers HTTP 429 on https://api-t1.fyers.in/data/options-chain-v3?symbol=NSE%3ANTPC-EQ&strikecount=30: {"message":"request limit reached","code":429,"s":"error"}
[13:47:45]   NESTLEIND chain unavailable [OPTIONS_CHAIN_ERROR]: FyersAPIError: Fyers HTTP 429 on https://api-t1.fyers.in/data/options-chain-v3?symbol=NSE%3ANESTLEIND-EQ&strikecount=30: {"message":"request limit reached","code":429,"s":"error"}
[13:47:45]   ONGC chain unavailable [OPTIONS_CHAIN_ERROR]: FyersAPIError: Fyers HTTP 429 on https://api-t1.fyers.in/data/options-chain-v3?symbol=NSE%3AONGC-EQ&strikecount=30: {"message":"request limit reached","code":429,"s":"error"}
[13:47:45]   POWERGRID chain unavailable [OPTIONS_CHAIN_ERROR]: FyersAPIError: Fyers HTTP 429 on https://api-t1.fyers.in/data/options-chain-v3?symbol=NSE%3APOWERGRID-EQ&strikecount=30: {"message":"request limit reached","code":429,"s":"error"}
[13:47:45]   RELIANCE chain unavailable [OPTIONS_CHAIN_ERROR]: FyersAPIError: Fyers HTTP 429 on https://api-t1.fyers.in/data/options-chain-v3?symbol=NSE%3ARELIANCE-EQ&strikecount=30: {"message":"request limit reached","code":429,"s":"error"}
[13:47:51]   NIFTY chain unavailable [OPTIONS_CHAIN_ERROR]: FyersAPIError: Fyers HTTP 429 on https://api-t1.fyers.in/data/options-chain-v3?symbol=NSE%3ANIFTY50-INDEX&strikecount=30: {"message":"request limit reached","code":429,"s":"error"}
[13:47:51]   BANKNIFTY chain unavailable [OPTIONS_CHAIN_ERROR]: FyersAPIError: Fyers HTTP 429 on https://api-t1.fyers.in/data/options-chain-v3?symbol=NSE%3ANIFTYBANK-INDEX&strikecount=30: {"message":"request limit reached","code":429,"s":"error"}
[13:47:51]   FINNIFTY chain unavailable [OPTIONS_CHAIN_ERROR]: FyersAPIError: Fyers HTTP 429 on https://api-t1.fyers.in/data/options-chain-v3?symbol=NSE%3AFINNIFTY-INDEX&strikecount=30: {"message":"request limit reached","code":429,"s":"error"}
[13:48:30]   DATA HEALTH ALERT M&M: CE/PE timestamp delta 15.00s at 3350.0; CE/PE timestamp delta 10.00s at 3400.0; CE/PE timestamp delta 6.00s at 3450.0; Candidate option quote stale 24.29s; Candidate option quote stale 14.29s; Candidate option quote stale 51.29s; Candidate option quote stale 66.29s; Candidate option quote stale 42.29s; Candidate option quote stale 36.29s
[13:48:30]   DATA HEALTH ALERT MARUTI: CE/PE timestamp delta 115.00s at 13400.0; CE/PE timestamp delta 19.00s at 13500.0; CE/PE timestamp delta 32.00s at 13600.0; Candidate option quote stale 45.30s; Candidate option quote stale 26.30s; Candidate option quote stale 155.30s; Candidate option quote stale 40.30s; Candidate option quote stale 72.30s; Candidate option quote stale 40.30s
[13:48:30]   DATA HEALTH ALERT MAXHEALTH: CE/PE timestamp delta 272.00s at 980.0; CE/PE timestamp delta 100.00s at 990.0; CE/PE timestamp delta 163.00s at 1000.0; Candidate option quote stale 250.30s; Candidate option quote stale 150.31s; Candidate option quote stale 522.31s; Candidate option quote stale 250.31s; Candidate option quote stale 40.31s; Candidate option quote stale 203.31s
[13:48:30]   DATA HEALTH ALERT NTPC: CE/PE timestamp delta 9.00s at 335.0; CE/PE timestamp delta 109.00s at 340.0; CE/PE timestamp delta 15.00s at 345.0; Candidate option quote stale 24.31s; Candidate option quote stale 133.31s; Candidate option quote stale 117.31s; Candidate option quote stale 126.31s; Candidate option quote stale 34.31s; Candidate option quote stale 19.31s
[13:48:30]   DATA HEALTH ALERT NESTLEIND: CE/PE timestamp delta 277.00s at 1450.0; CE/PE timestamp delta 52.00s at 1460.0; CE/PE timestamp delta 35.00s at 1470.0; Candidate option quote stale 124.32s; Candidate option quote stale 72.32s; Candidate option quote stale 433.32s; Candidate option quote stale 156.32s; Candidate option quote stale 201.32s; Candidate option quote stale 166.32s
[13:48:30]   DATA HEALTH ALERT ONGC: CE/PE timestamp delta 718.00s at 232.5; CE/PE timestamp delta 73.00s at 235.0; CE/PE timestamp delta 11.00s at 237.5; Candidate option quote stale 192.32s; Candidate option quote stale 119.32s; Candidate option quote stale 834.32s; Candidate option quote stale 116.32s; Candidate option quote stale 45.33s; Candidate option quote stale 34.33s
[13:48:30]   DATA HEALTH ALERT POWERGRID: CE/PE timestamp delta 138.00s at 267.5; CE/PE timestamp delta 58.00s at 270.0; Candidate option quote stale 98.33s; Candidate option quote stale 40.33s; Candidate option quote stale 40.33s; Candidate option quote stale 178.33s; Candidate option quote stale 46.33s; Candidate option quote stale 46.33s
[13:48:30]   DATA HEALTH ALERT RELIANCE: CE/PE timestamp delta 8.00s at 1300.0; CE/PE timestamp delta 17.00s at 1320.0; Candidate option quote stale 31.33s; Candidate option quote stale 31.33s; Candidate option quote stale 8.33s; Candidate option quote stale 16.33s; Candidate option quote stale 25.33s; Candidate option quote stale 8.33s
[13:48:47]   MAXHEALTH NSE:MAXHEALTH26AUG980CE depth unavailable: FyersAPIError: Fyers HTTP 429 on https://api-t1.fyers.in/data/depth?symbol=NSE%3AMAXHEALTH26AUG980CE&ohlcv_flag=1: {"message":"request limit reached","code":429,"s":"error"}
[13:48:49]   MAXHEALTH NSE:MAXHEALTH26AUG980PE depth unavailable: FyersAPIError: Fyers HTTP 429 on https://api-t1.fyers.in/data/depth?symbol=NSE%3AMAXHEALTH26AUG980PE&ohlcv_flag=1: {"message":"request limit reached","code":429,"s":"error"}
[13:48:51]   MAXHEALTH NSE:MAXHEALTH26AUG990CE depth unavailable: FyersAPIError: Fyers HTTP 429 on https://api-t1.fyers.in/data/depth?symbol=NSE%3AMAXHEALTH26AUG990CE&ohlcv_flag=1: {"message":"request limit reached","code":429,"s":"error"}
[13:48:59]   DATA HEALTH ALERT NIFTY: Invalid IV for CE 22650.0; Missing delta for CE 22650.0; Invalid IV for PE 22650.0; Zero volume CE at 22650.0; Zero volume CE at 22750.0; Zero volume CE at 22850.0; Candidate option quote stale 26.98s; Candidate option quote stale 25.98s; Candidate option quote stale 26.98s; Candidate option quote stale 26.98s; Candidate option quote stale 25.98s; Candidate option quote stale 25.98s
[13:48:59]   DATA HEALTH ALERT BANKNIFTY: Invalid IV for CE 54300.0; Missing delta for CE 54300.0; Invalid IV for PE 54300.0; Zero volume CE at 54300.0; Zero volume CE at 54400.0; Zero volume CE at 54600.0; Candidate option quote stale 25.99s; Candidate option quote stale 23.99s; Candidate option quote stale 25.99s; Candidate option quote stale 24.99s; Candidate option quote stale 23.99s; Candidate option quote stale 23.99s
[13:49:25]   DATA HEALTH ALERT SBILIFE: CE/PE timestamp delta 57.00s at 1760.0; CE/PE timestamp delta 19.00s at 1780.0; CE/PE timestamp delta 1179.00s at 1800.0; Candidate option quote stale 78.90s; Candidate option quote stale 97.90s; Candidate option quote stale 16.90s; Candidate option quote stale 73.90s; Candidate option quote stale 77.90s; Candidate option quote stale 1256.90s
[13:49:25]   DATA HEALTH ALERT SHRIRAMFIN: CE/PE timestamp delta 42.00s at 1100.0; CE/PE timestamp delta 41.00s at 1140.0; Candidate option quote stale 24.91s; Candidate option quote stale 24.91s; Candidate option quote stale 61.91s; Candidate option quote stale 19.91s; Candidate option quote stale 65.91s; Candidate option quote stale 24.91s
[13:49:25]   DATA HEALTH ALERT SBIN: Invalid IV for CE 730.0; Missing delta for CE 730.0; Invalid IV for PE 730.0; Zero volume CE at 730.0; Zero volume PE at 730.0; Zero volume CE at 740.0; Candidate option quote stale 19.91s; Candidate option quote stale 19.91s; Candidate option quote stale 19.92s; Candidate option quote stale 19.92s; Candidate option quote stale 15.92s; Candidate option quote stale 15.92s
[13:49:25]   DATA HEALTH ALERT SUNPHARMA: CE/PE timestamp delta 10.00s at 1900.0; CE/PE timestamp delta 11.00s at 1920.0; CE/PE timestamp delta 74.00s at 1940.0; Candidate option quote stale 31.92s; Candidate option quote stale 20.92s; Candidate option quote stale 34.92s; Candidate option quote stale 24.92s; Candidate option quote stale 14.92s; Candidate option quote stale 88.92s
[13:49:25]   DATA HEALTH ALERT TCS: CE/PE timestamp delta 28.00s at 2260.0; CE/PE timestamp delta 47.00s at 2300.0; Candidate option quote stale 29.92s; Candidate option quote stale 29.92s; Candidate option quote stale 47.93s; Candidate option quote stale 75.93s; Candidate option quote stale 13.93s; Candidate option quote stale 60.93s
[13:49:25]   DATA HEALTH ALERT TATACONSUM: CE/PE timestamp delta 529.00s at 1040.0; CE/PE timestamp delta 291.00s at 1060.0; Candidate option quote stale 164.93s; Candidate option quote stale 164.93s; Candidate option quote stale 197.93s; Candidate option quote stale 726.93s; Candidate option quote stale 87.93s; Candidate option quote stale 378.93s
[13:49:25]   DATA HEALTH ALERT TMPV: CE/PE timestamp delta 171.00s at 310.0; CE/PE timestamp delta 5.00s at 315.0; CE/PE timestamp delta 69.00s at 320.0; Candidate option quote stale 103.93s; Candidate option quote stale 108.93s; Candidate option quote stale 224.94s; Candidate option quote stale 53.94s; Candidate option quote stale 128.94s; Candidate option quote stale 59.94s
[13:49:25]   DATA HEALTH ALERT TATASTEEL: CE/PE timestamp delta 3.00s at 182.5; CE/PE timestamp delta 21.00s at 185.0; CE/PE timestamp delta 76.00s at 187.5; Candidate option quote stale 24.94s; Candidate option quote stale 45.94s; Candidate option quote stale 25.94s; Candidate option quote stale 22.94s; Candidate option quote stale 35.94s; Candidate option quote stale 111.94s
[13:49:46]   TATACONSUM NSE:TATACONSUM26AUG1050PE depth unavailable: FyersAPIError: Fyers HTTP 429 on https://api-t1.fyers.in/data/depth?symbol=NSE%3ATATACONSUM26AUG1050PE&ohlcv_flag=1: {"message":"request limit reached","code":429,"s":"error"}
[13:49:48]   TATACONSUM NSE:TATACONSUM26AUG1060CE depth unavailable: FyersAPIError: Fyers HTTP 429 on https://api-t1.fyers.in/data/depth?symbol=NSE%3ATATACONSUM26AUG1060CE&ohlcv_flag=1: {"message":"request limit reached","code":429,"s":"error"}
[13:49:51]   TATACONSUM NSE:TATACONSUM26AUG1060PE depth unavailable: FyersAPIError: Fyers HTTP 429 on https://api-t1.fyers.in/data/depth?symbol=NSE%3ATATACONSUM26AUG1060PE&ohlcv_flag=1: {"message":"request limit reached","code":429,"s":"error"}
[13:49:51]   TMPV chain unavailable [OPTIONS_CHAIN_ERROR]: FyersAPIError: Fyers HTTP 429 on https://api-t1.fyers.in/data/options-chain-v3?symbol=NSE%3ATMPV-EQ&strikecount=30: {"message":"request limit reached","code":429,"s":"error"}
[13:49:51]   TATASTEEL chain unavailable [OPTIONS_CHAIN_ERROR]: FyersAPIError: Fyers HTTP 429 on https://api-t1.fyers.in/data/options-chain-v3?symbol=NSE%3ATATASTEEL-EQ&strikecount=30: {"message":"request limit reached","code":429,"s":"error"}
[13:50:40]   DATA HEALTH ALERT TECHM: CE/PE timestamp delta 190.00s at 1560.0; CE/PE timestamp delta 202.00s at 1564.0; CE/PE timestamp delta 62.00s at 1580.0; Candidate option quote stale 34.95s; Candidate option quote stale 96.95s; Candidate option quote stale 105.95s; Candidate option quote stale 307.95s; Candidate option quote stale 105.95s; Candidate option quote stale 295.95s
[13:50:40]   DATA HEALTH ALERT TITAN: CE/PE timestamp delta 4.00s at 5000.0; CE/PE timestamp delta 66.00s at 5050.0; CE/PE timestamp delta 13.00s at 5100.0; Candidate option quote stale 91.95s; Candidate option quote stale 157.95s; Candidate option quote stale 151.96s; Candidate option quote stale 147.96s; Candidate option quote stale 29.96s; Candidate option quote stale 42.96s
[13:50:40]   DATA HEALTH ALERT TRENT: CE/PE timestamp delta 26.00s at 2850.0; CE/PE timestamp delta 28.00s at 2900.0; CE/PE timestamp delta 23.00s at 2950.0; Candidate option quote stale 13.96s; Candidate option quote stale 41.96s; Candidate option quote stale 67.96s; Candidate option quote stale 41.96s; Candidate option quote stale 37.96s; Candidate option quote stale 14.96s
[13:50:40]   DATA HEALTH ALERT ULTRACEMCO: CE/PE timestamp delta 22.00s at 11560.0; CE/PE timestamp delta 27.00s at 11600.0; Candidate option quote stale 59.97s; Candidate option quote stale 37.97s; Candidate option quote stale 10.97s; Candidate option quote stale 37.97s; Candidate option quote stale 37.97s; Candidate option quote stale 37.97s
[13:50:40]   DATA HEALTH ALERT WIPRO: CE/PE timestamp delta 58.00s at 180.0; CE/PE timestamp delta 20.00s at 185.0; Candidate option quote stale 75.97s; Candidate option quote stale 75.97s; Candidate option quote stale 73.97s; Candidate option quote stale 15.97s; Candidate option quote stale 41.97s; Candidate option quote stale 61.98s
[13:50:52]   FINNIFTY NSE:FINNIFTY26AUG26100PE depth unavailable: FyersAPIError: Fyers HTTP 429 on https://api-t1.fyers.in/data/depth?symbol=NSE%3AFINNIFTY26AUG26100PE&ohlcv_flag=1: {"message":"request limit reached","code":429,"s":"error"}
[13:50:54]   FINNIFTY NSE:FINNIFTY26AUG26150CE depth unavailable: FyersAPIError: Fyers HTTP 429 on https://api-t1.fyers.in/data/depth?symbol=NSE%3AFINNIFTY26AUG26150CE&ohlcv_flag=1: {"message":"request limit reached","code":429,"s":"error"}
[13:50:56]   FINNIFTY NSE:FINNIFTY26AUG26150PE depth unavailable: FyersAPIError: Fyers HTTP 429 on https://api-t1.fyers.in/data/depth?symbol=NSE%3AFINNIFTY26AUG26150PE&ohlcv_flag=1: {"message":"request limit reached","code":429,"s":"error"}
[13:50:56]   MIDCPNIFTY chain unavailable [OPTIONS_CHAIN_ERROR]: FyersAPIError: Fyers HTTP 429 on https://api-t1.fyers.in/data/options-chain-v3?symbol=NSE%3AMIDCPNIFTY-INDEX&strikecount=30: {"message":"request limit reached","code":429,"s":"error"}
[13:50:56]   TECHM chain unavailable [OPTIONS_CHAIN_ERROR]: FyersAPIError: Fyers HTTP 429 on https://api-t1.fyers.in/data/options-chain-v3?symbol=NSE%3ATECHM-EQ&strikecount=30: {"message":"request limit reached","code":429,"s":"error"}
[13:50:56]   TITAN chain unavailable [OPTIONS_CHAIN_ERROR]: FyersAPIError: Fyers HTTP 429 on https://api-t1.fyers.in/data/options-chain-v3?symbol=NSE%3ATITAN-EQ&strikecount=30: {"message":"request limit reached","code":429,"s":"error"}
[13:50:56]   TRENT chain unavailable [OPTIONS_CHAIN_ERROR]: FyersAPIError: Fyers HTTP 429 on https://api-t1.fyers.in/data/options-chain-v3?symbol=NSE%3ATRENT-EQ&strikecount=30: {"message":"request limit reached","code":429,"s":"error"}
[13:50:57]   ULTRACEMCO chain unavailable [OPTIONS_CHAIN_ERROR]: FyersAPIError: Fyers HTTP 429 on https://api-t1.fyers.in/data/options-chain-v3?symbol=NSE%3AULTRACEMCO-EQ&strikecount=30: {"message":"request limit reached","code":429,"s":"error"}
[13:50:57]   WIPRO chain unavailable [OPTIONS_CHAIN_ERROR]: FyersAPIError: Fyers HTTP 429 on https://api-t1.fyers.in/data/options-chain-v3?symbol=NSE%3AWIPRO-EQ&strikecount=30: {"message":"request limit reached","code":429,"s":"error"}
[13:51:37]   NIFTYNXT50 NSE:NIFTYNXT5026AUG73700CE depth unavailable: ValueError: Fyers depth best quote invalid
[13:51:37]   NIFTYNXT50 NSE:NIFTYNXT5026AUG73700PE depth unavailable: ValueError: Fyers depth best quote invalid
[13:51:38]   NIFTYNXT50 NSE:NIFTYNXT5026AUG73800PE depth unavailable: ValueError: Fyers depth best quote invalid
[13:51:38]   NIFTYNXT50 NSE:NIFTYNXT5026AUG73900CE depth unavailable: ValueError: Fyers depth best quote invalid
[13:51:38]   NIFTYNXT50 NSE:NIFTYNXT5026AUG73900PE depth unavailable: ValueError: Fyers depth best quote invalid
[13:51:51]   DATA HEALTH ALERT MIDCPNIFTY: Invalid IV for CE 14125.0; Missing delta for CE 14125.0; Invalid IV for PE 14125.0; Zero volume CE at 14125.0; Zero volume CE at 14150.0; Zero volume CE at 14175.0; Candidate option quote stale 18.24s; Candidate option quote stale 18.24s; Candidate option quote stale 20.24s; Candidate option quote stale 22.24s; Candidate option quote stale 18.25s; Candidate option quote stale 18.25s
[13:51:57]   NIFTY chain unavailable [OPTIONS_CHAIN_ERROR]: FyersAPIError: Fyers HTTP 429 on https://api-t1.fyers.in/data/options-chain-v3?symbol=NSE%3ANIFTY50-INDEX&strikecount=30: {"message":"request limit reached","code":429,"s":"error"}
[13:51:57]   BANKNIFTY chain unavailable [OPTIONS_CHAIN_ERROR]: FyersAPIError: Fyers HTTP 429 on https://api-t1.fyers.in/data/options-chain-v3?symbol=NSE%3ANIFTYBANK-INDEX&strikecount=30: {"message":"request limit reached","code":429,"s":"error"}
[13:51:57]   FINNIFTY chain unavailable [OPTIONS_CHAIN_ERROR]: FyersAPIError: Fyers HTTP 429 on https://api-t1.fyers.in/data/options-chain-v3?symbol=NSE%3AFINNIFTY-INDEX&strikecount=30: {"message":"request limit reached","code":429,"s":"error"}
[13:51:59]   NIFTYNXT50 NSE:NIFTYNXT5026AUG73700CE depth unavailable: ValueError: Fyers depth best quote invalid
[13:51:59]   NIFTYNXT50 NSE:NIFTYNXT5026AUG73700PE depth unavailable: ValueError: Fyers depth best quote invalid
[13:51:59]   NIFTYNXT50 NSE:NIFTYNXT5026AUG73800PE depth unavailable: ValueError: Fyers depth best quote invalid
[13:51:59]   NIFTYNXT50 NSE:NIFTYNXT5026AUG73900CE depth unavailable: ValueError: Fyers depth best quote invalid
[13:52:00]   NIFTYNXT50 NSE:NIFTYNXT5026AUG73900PE depth unavailable: ValueError: Fyers depth best quote invalid
[13:52:22]   NIFTYNXT50 NSE:NIFTYNXT5026AUG73700CE depth unavailable: ValueError: Fyers depth best quote invalid
[13:52:23]   NIFTYNXT50 NSE:NIFTYNXT5026AUG73700PE depth unavailable: ValueError: Fyers depth best quote invalid
[13:52:23]   NIFTYNXT50 NSE:NIFTYNXT5026AUG73800PE depth unavailable: ValueError: Fyers depth best quote invalid
[13:52:23]   NIFTYNXT50 NSE:NIFTYNXT5026AUG73900CE depth unavailable: ValueError: Fyers depth best quote invalid
[13:52:23]   NIFTYNXT50 NSE:NIFTYNXT5026AUG73900PE depth unavailable: ValueError: Fyers depth best quote invalid
[13:52:52]   BHARTIARTL NSE:BHARTIARTL26AUG1960PE depth unavailable: FyersAPIError: Fyers HTTP 429 on https://api-t1.fyers.in/data/depth?symbol=NSE%3ABHARTIARTL26AUG1960PE&ohlcv_flag=1: {"message":"request limit reached","code":429,"s":"error"}
[13:52:52]   CIPLA chain unavailable [OPTIONS_CHAIN_ERROR]: FyersAPIError: Fyers HTTP 429 on https://api-t1.fyers.in/data/options-chain-v3?symbol=NSE%3ACIPLA-EQ&strikecount=30: {"message":"request limit reached","code":429,"s":"error"}
[13:52:52]   COALINDIA chain unavailable [OPTIONS_CHAIN_ERROR]: FyersAPIError: Fyers HTTP 429 on https://api-t1.fyers.in/data/options-chain-v3?symbol=NSE%3ACOALINDIA-EQ&strikecount=30: {"message":"request limit reached","code":429,"s":"error"}
[13:52:53]   DRREDDY chain unavailable [OPTIONS_CHAIN_ERROR]: FyersAPIError: Fyers HTTP 429 on https://api-t1.fyers.in/data/options-chain-v3?symbol=NSE%3ADRREDDY-EQ&strikecount=30: {"message":"request limit reached","code":429,"s":"error"}
[13:52:53]   EICHERMOT chain unavailable [OPTIONS_CHAIN_ERROR]: FyersAPIError: Fyers HTTP 429 on https://api-t1.fyers.in/data/options-chain-v3?symbol=NSE%3AEICHERMOT-EQ&strikecount=30: {"message":"request limit reached","code":429,"s":"error"}
[13:52:53]   ETERNAL chain unavailable [OPTIONS_CHAIN_ERROR]: FyersAPIError: Fyers HTTP 429 on https://api-t1.fyers.in/data/options-chain-v3?symbol=NSE%3AETERNAL-EQ&strikecount=30: {"message":"request limit reached","code":429,"s":"error"}
[13:52:53]   DATA HEALTH ALERT NIFTY: Invalid IV for CE 22650.0; Missing delta for CE 22650.0; Invalid IV for PE 22650.0; Zero volume CE at 22650.0; Zero volume CE at 22750.0; Zero volume CE at 22850.0; Candidate option quote stale 15.77s; Candidate option quote stale 15.77s; Candidate option quote stale 18.77s; Candidate option quote stale 16.77s; Candidate option quote stale 15.77s; Candidate option quote stale 15.77s
[13:52:53]   DATA HEALTH ALERT BANKNIFTY: CE/PE timestamp delta 3.00s at 57200.0; Candidate option quote stale 15.78s; Candidate option quote stale 15.78s; Candidate option quote stale 18.78s; Candidate option quote stale 15.79s; Candidate option quote stale 14.79s; Candidate option quote stale 15.79s
[13:53:40]   DATA HEALTH ALERT CIPLA: CE/PE timestamp delta 521.00s at 1410.0; CE/PE timestamp delta 106.00s at 1420.0; CE/PE timestamp delta 135.00s at 1430.0; Candidate option quote stale 90.32s; Candidate option quote stale 196.32s; Candidate option quote stale 633.32s; Candidate option quote stale 112.32s; Candidate option quote stale 90.32s; Candidate option quote stale 225.32s
[13:53:40]   DATA HEALTH ALERT COALINDIA: CE/PE timestamp delta 16.00s at 400.0; CE/PE timestamp delta 31.00s at 405.0; CE/PE timestamp delta 20.00s at 410.0; Candidate option quote stale 56.32s; Candidate option quote stale 25.32s; Candidate option quote stale 43.33s; Candidate option quote stale 59.33s; Candidate option quote stale 36.33s; Candidate option quote stale 16.33s
[13:53:40]   DATA HEALTH ALERT DRREDDY: CE/PE timestamp delta 21.00s at 1170.0; CE/PE timestamp delta 3.00s at 1180.0; CE/PE timestamp delta 54.00s at 1190.0; Candidate option quote stale 27.33s; Candidate option quote stale 30.33s; Candidate option quote stale 36.33s; Candidate option quote stale 15.33s; Candidate option quote stale 43.33s; Candidate option quote stale 97.33s
[13:53:40]   DATA HEALTH ALERT EICHERMOT: CE/PE timestamp delta 30.00s at 7900.0; CE/PE timestamp delta 65.00s at 8000.0; CE/PE timestamp delta 115.00s at 8100.0; Candidate option quote warning stale 6.33s; Candidate option quote stale 71.34s; Candidate option quote stale 71.34s; Candidate option quote stale 101.34s; Candidate option quote stale 48.34s; Candidate option quote stale 163.34s
[13:53:40]   DATA HEALTH ALERT ETERNAL: CE/PE timestamp delta 57.00s at 325.0; CE/PE timestamp delta 122.00s at 330.0; CE/PE timestamp delta 78.00s at 335.0; Candidate option quote stale 30.34s; Candidate option quote stale 152.34s; Candidate option quote stale 12.34s; Candidate option quote stale 69.34s; Candidate option quote stale 28.34s; Candidate option quote stale 106.35s
[13:53:51]   MIDCPNIFTY chain unavailable [OPTIONS_CHAIN_ERROR]: FyersAPIError: Fyers HTTP 429 on https://api-t1.fyers.in/data/options-chain-v3?symbol=NSE%3AMIDCPNIFTY-INDEX&strikecount=30: {"message":"request limit reached","code":429,"s":"error"}
[13:53:51]   GRASIM chain unavailable [OPTIONS_CHAIN_ERROR]: FyersAPIError: Fyers HTTP 429 on https://api-t1.fyers.in/data/options-chain-v3?symbol=NSE%3AGRASIM-EQ&strikecount=30: {"message":"request limit reached","code":429,"s":"error"}
[13:53:51]   HCLTECH chain unavailable [OPTIONS_CHAIN_ERROR]: FyersAPIError: Fyers HTTP 429 on https://api-t1.fyers.in/data/options-chain-v3?symbol=NSE%3AHCLTECH-EQ&strikecount=30: {"message":"request limit reached","code":429,"s":"error"}
[13:53:51]   HDFCBANK chain unavailable [OPTIONS_CHAIN_ERROR]: FyersAPIError: Fyers HTTP 429 on https://api-t1.fyers.in/data/options-chain-v3?symbol=NSE%3AHDFCBANK-EQ&strikecount=30: {"message":"request limit reached","code":429,"s":"error"}
[13:53:51]   HDFCLIFE chain unavailable [OPTIONS_CHAIN_ERROR]: FyersAPIError: Fyers HTTP 429 on https://api-t1.fyers.in/data/options-chain-v3?symbol=NSE%3AHDFCLIFE-EQ&strikecount=30: {"message":"request limit reached","code":429,"s":"error"}
[13:53:52]   HINDALCO chain unavailable [OPTIONS_CHAIN_ERROR]: FyersAPIError: Fyers HTTP 429 on https://api-t1.fyers.in/data/options-chain-v3?symbol=NSE%3AHINDALCO-EQ&strikecount=30: {"message":"request limit reached","code":429,"s":"error"}
[13:53:52]   HINDUNILVR chain unavailable [OPTIONS_CHAIN_ERROR]: FyersAPIError: Fyers HTTP 429 on https://api-t1.fyers.in/data/options-chain-v3?symbol=NSE%3AHINDUNILVR-EQ&strikecount=30: {"message":"request limit reached","code":429,"s":"error"}
[13:53:52]   ICICIBANK chain unavailable [OPTIONS_CHAIN_ERROR]: FyersAPIError: Fyers HTTP 429 on https://api-t1.fyers.in/data/options-chain-v3?symbol=NSE%3AICICIBANK-EQ&strikecount=30: {"message":"request limit reached","code":429,"s":"error"}
[13:53:52]   ITC chain unavailable [OPTIONS_CHAIN_ERROR]: FyersAPIError: Fyers HTTP 429 on https://api-t1.fyers.in/data/options-chain-v3?symbol=NSE%3AITC-EQ&strikecount=30: {"message":"request limit reached","code":429,"s":"error"}
[13:53:58]   NIFTY chain unavailable [OPTIONS_CHAIN_ERROR]: FyersAPIError: Fyers HTTP 429 on https://api-t1.fyers.in/data/options-chain-v3?symbol=NSE%3ANIFTY50-INDEX&strikecount=30: {"message":"request limit reached","code":429,"s":"error"}
[13:53:58]   BANKNIFTY chain unavailable [OPTIONS_CHAIN_ERROR]: FyersAPIError: Fyers HTTP 429 on https://api-t1.fyers.in/data/options-chain-v3?symbol=NSE%3ANIFTYBANK-INDEX&strikecount=30: {"message":"request limit reached","code":429,"s":"error"}
[13:53:58]   FINNIFTY chain unavailable [OPTIONS_CHAIN_ERROR]: FyersAPIError: Fyers HTTP 429 on https://api-t1.fyers.in/data/options-chain-v3?symbol=NSE%3AFINNIFTY-INDEX&strikecount=30: {"message":"request limit reached","code":429,"s":"error"}
[13:53:58]   MIDCPNIFTY chain unavailable [OPTIONS_CHAIN_ERROR]: FyersAPIError: Fyers HTTP 429 on https://api-t1.fyers.in/data/options-chain-v3?symbol=NSE%3AMIDCPNIFTY-INDEX&strikecount=30: {"message":"request limit reached","code":429,"s":"error"}
[13:53:58]   GRASIM chain unavailable [OPTIONS_CHAIN_ERROR]: FyersAPIError: Fyers HTTP 429 on https://api-t1.fyers.in/data/options-chain-v3?symbol=NSE%3AGRASIM-EQ&strikecount=30: {"message":"request limit reached","code":429,"s":"error"}
[13:53:59]   HCLTECH chain unavailable [OPTIONS_CHAIN_ERROR]: FyersAPIError: Fyers HTTP 429 on https://api-t1.fyers.in/data/options-chain-v3?symbol=NSE%3AHCLTECH-EQ&strikecount=30: {"message":"request limit reached","code":429,"s":"error"}
[13:54:32]   DATA HEALTH ALERT HDFCBANK: CE/PE timestamp delta 10.00s at 720.0; CE/PE timestamp delta 11.00s at 730.0; CE/PE timestamp delta 15.00s at 740.0; Candidate option quote stale 23.65s; Candidate option quote stale 12.65s; Candidate option quote stale 24.65s; Candidate option quote stale 14.65s; Candidate option quote stale 11.66s; Candidate option quote stale 26.66s
[13:54:32]   DATA HEALTH ALERT HDFCLIFE: CE/PE timestamp delta 85.00s at 545.0; CE/PE timestamp delta 76.00s at 550.0; CE/PE timestamp delta 123.00s at 555.0; Candidate option quote stale 143.67s; Candidate option quote stale 219.67s; Candidate option quote stale 41.67s; Candidate option quote stale 126.67s; Candidate option quote stale 65.67s; Candidate option quote stale 188.67s
[13:54:32]   DATA HEALTH ALERT HINDALCO: CE/PE timestamp delta 17.00s at 1060.0; CE/PE timestamp delta 8.00s at 1080.0; Candidate option quote stale 8.67s; Candidate option quote stale 25.67s; Candidate option quote stale 8.68s; Candidate option quote stale 8.68s; Candidate option quote stale 25.68s; Candidate option quote stale 17.68s
[13:54:32]   DATA HEALTH ALERT HINDUNILVR: CE/PE timestamp delta 21.00s at 2000.0; CE/PE timestamp delta 39.00s at 2020.0; CE/PE timestamp delta 78.00s at 2040.0; Candidate option quote stale 52.68s; Candidate option quote stale 91.68s; Candidate option quote stale 75.68s; Candidate option quote stale 54.68s; Candidate option quote stale 10.68s; Candidate option quote stale 88.69s
[13:54:32]   DATA HEALTH ALERT ICICIBANK: CE/PE timestamp delta 39.00s at 1400.0; CE/PE timestamp delta 14.00s at 1410.0; Candidate option quote stale 21.69s; Candidate option quote stale 35.69s; Candidate option quote stale 23.69s; Candidate option quote stale 62.69s; Candidate option quote stale 23.69s; Candidate option quote stale 23.70s
[13:54:32]   DATA HEALTH ALERT ITC: CE/PE timestamp delta 371.00s at 265.0; CE/PE timestamp delta 179.00s at 267.5; CE/PE timestamp delta 127.00s at 270.0; Candidate option quote stale 195.70s; Candidate option quote stale 16.70s; Candidate option quote stale 409.70s; Candidate option quote stale 38.70s; Candidate option quote stale 75.70s; Candidate option quote stale 202.70s
[13:54:51]   HINDUNILVR chain unavailable [OPTIONS_CHAIN_ERROR]: FyersAPIError: Fyers HTTP 429 on https://api-t1.fyers.in/data/options-chain-v3?symbol=NSE%3AHINDUNILVR-EQ&strikecount=30: {"message":"request limit reached","code":429,"s":"error"}
[13:54:52]   ICICIBANK chain unavailable [OPTIONS_CHAIN_ERROR]: FyersAPIError: Fyers HTTP 429 on https://api-t1.fyers.in/data/options-chain-v3?symbol=NSE%3AICICIBANK-EQ&strikecount=30: {"message":"request limit reached","code":429,"s":"error"}
[13:54:52]   ITC chain unavailable [OPTIONS_CHAIN_ERROR]: FyersAPIError: Fyers HTTP 429 on https://api-t1.fyers.in/data/options-chain-v3?symbol=NSE%3AITC-EQ&strikecount=30: {"message":"request limit reached","code":429,"s":"error"}
[13:54:52]   DATA HEALTH ALERT NIFTY: Invalid IV for CE 22650.0; Missing delta for CE 22650.0; Invalid IV for PE 22650.0; Zero volume CE at 22650.0; Zero volume CE at 22750.0; Zero volume CE at 22850.0; Candidate option quote stale 15.95s; Candidate option quote stale 15.95s; Candidate option quote stale 17.95s; Candidate option quote stale 17.95s; Candidate option quote stale 15.95s; Candidate option quote stale 15.95s
[13:54:52]   DATA HEALTH ALERT BANKNIFTY: Invalid IV for CE 54300.0; Missing delta for CE 54300.0; Invalid IV for PE 54300.0; Zero volume CE at 54300.0; Zero volume CE at 54400.0; Zero volume CE at 54600.0; Candidate option quote stale 13.95s; Candidate option quote stale 12.95s; Candidate option quote stale 14.96s; Candidate option quote stale 13.96s; Candidate option quote stale 13.96s; Candidate option quote stale 13.96s
[13:54:52]   DATA HEALTH ALERT MIDCPNIFTY: Invalid IV for CE 14125.0; Missing delta for CE 14125.0; Invalid IV for PE 14125.0; Zero volume CE at 14125.0; Zero volume CE at 14150.0; Zero volume CE at 14175.0; Candidate option quote stale 12.96s; Candidate option quote stale 12.97s; Candidate option quote stale 11.97s; Candidate option quote stale 12.97s; Candidate option quote stale 13.97s; Candidate option quote stale 13.97s
[13:54:52]   DATA HEALTH ALERT GRASIM: CE/PE timestamp delta 189.00s at 3260.0; CE/PE timestamp delta 51.00s at 3280.0; Candidate option quote stale 82.97s; Candidate option quote stale 31.97s; Candidate option quote stale 220.97s; Candidate option quote stale 31.98s; Candidate option quote stale 24.98s; Candidate option quote stale 24.98s
[13:54:52]   DATA HEALTH ALERT HCLTECH: CE/PE timestamp delta 94.00s at 1310.0; CE/PE timestamp delta 64.00s at 1320.0; CE/PE timestamp delta 89.00s at 1330.0; Candidate option quote stale 91.98s; Candidate option quote stale 27.98s; Candidate option quote stale 152.98s; Candidate option quote stale 58.98s; Candidate option quote stale 133.98s; Candidate option quote stale 222.98s
[13:54:58]   NIFTY chain unavailable [OPTIONS_CHAIN_ERROR]: FyersAPIError: Fyers HTTP 429 on https://api-t1.fyers.in/data/options-chain-v3?symbol=NSE%3ANIFTY50-INDEX&strikecount=30: {"message":"request limit reached","code":429,"s":"error"}
[13:54:59]   BANKNIFTY chain unavailable [OPTIONS_CHAIN_ERROR]: FyersAPIError: Fyers HTTP 429 on https://api-t1.fyers.in/data/options-chain-v3?symbol=NSE%3ANIFTYBANK-INDEX&strikecount=30: {"message":"request limit reached","code":429,"s":"error"}
[13:54:59]   FINNIFTY chain unavailable [OPTIONS_CHAIN_ERROR]: FyersAPIError: Fyers HTTP 429 on https://api-t1.fyers.in/data/options-chain-v3?symbol=NSE%3AFINNIFTY-INDEX&strikecount=30: {"message":"request limit reached","code":429,"s":"error"}
[13:55:13] Cycle error; new entries blocked for 30.0s: OptionChainParseError: Missing CE at strike 1135.0
[13:55:55]   JSWSTEEL NSE:JSWSTEEL26AUG1280PE depth unavailable: FyersAPIError: Fyers HTTP 429 on https://api-t1.fyers.in/data/depth?symbol=NSE%3AJSWSTEEL26AUG1280PE&ohlcv_flag=1: {"message":"request limit reached","code":429,"s":"error"}
[13:55:57]   JSWSTEEL NSE:JSWSTEEL26AUG1300CE depth unavailable: FyersAPIError: Fyers HTTP 429 on https://api-t1.fyers.in/data/depth?symbol=NSE%3AJSWSTEEL26AUG1300CE&ohlcv_flag=1: {"message":"request limit reached","code":429,"s":"error"}
[13:56:07] Cycle error; new entries blocked for 30.0s: OptionChainParseError: Missing CE at strike 1135.0
[13:56:56]   RELIANCE NSE:RELIANCE26AUG1310CE depth unavailable: FyersAPIError: Fyers HTTP 429 on https://api-t1.fyers.in/data/depth?symbol=NSE%3ARELIANCE26AUG1310CE&ohlcv_flag=1: {"message":"request limit reached","code":429,"s":"error"}
[13:56:59]   RELIANCE NSE:RELIANCE26AUG1310PE depth unavailable: FyersAPIError: Fyers HTTP 429 on https://api-t1.fyers.in/data/depth?symbol=NSE%3ARELIANCE26AUG1310PE&ohlcv_flag=1: {"message":"request limit reached","code":429,"s":"error"}
[13:56:59]   SBILIFE chain unavailable [OPTIONS_CHAIN_ERROR]: FyersAPIError: Fyers HTTP 429 on https://api-t1.fyers.in/data/options-chain-v3?symbol=NSE%3ASBILIFE-EQ&strikecount=30: {"message":"request limit reached","code":429,"s":"error"}
[13:56:59]   SHRIRAMFIN chain unavailable [OPTIONS_CHAIN_ERROR]: FyersAPIError: Fyers HTTP 429 on https://api-t1.fyers.in/data/options-chain-v3?symbol=NSE%3ASHRIRAMFIN-EQ&strikecount=30: {"message":"request limit reached","code":429,"s":"error"}
[13:56:59]   DATA HEALTH ALERT NIFTY: Invalid IV for CE 22650.0; Missing delta for CE 22650.0; Invalid IV for PE 22650.0; Zero volume CE at 22650.0; Zero volume CE at 22750.0; Zero volume CE at 22850.0; Candidate option quote stale 25.96s; Candidate option quote stale 25.96s; Candidate option quote stale 25.96s; Candidate option quote stale 24.96s; Candidate option quote stale 24.96s; Candidate option quote stale 24.96s
[13:56:59]   DATA HEALTH ALERT BANKNIFTY: Invalid IV for CE 54300.0; Missing delta for CE 54300.0; Invalid IV for PE 54300.0; Zero volume CE at 54300.0; Zero volume CE at 54400.0; Zero volume CE at 54600.0; Candidate option quote stale 23.97s; Candidate option quote stale 23.97s; Candidate option quote stale 23.97s; Candidate option quote stale 23.97s; Candidate option quote stale 23.97s; Candidate option quote stale 23.97s
[13:57:48]   DATA HEALTH ALERT TMPV: CE/PE timestamp delta 51.00s at 310.0; CE/PE timestamp delta 31.00s at 315.0; CE/PE timestamp delta 36.00s at 320.0; Candidate option quote stale 86.45s; Candidate option quote stale 117.46s; Candidate option quote stale 97.46s; Candidate option quote stale 148.46s; Candidate option quote stale 72.47s; Candidate option quote stale 36.47s
[13:57:48]   DATA HEALTH ALERT TATASTEEL: CE/PE timestamp delta 18.00s at 182.5; CE/PE timestamp delta 30.00s at 185.0; CE/PE timestamp delta 8.00s at 187.5; Candidate option quote stale 60.48s; Candidate option quote stale 30.48s; Candidate option quote stale 59.48s; Candidate option quote stale 41.48s; Candidate option quote stale 46.48s; Candidate option quote stale 54.48s
[13:57:48]   DATA HEALTH ALERT TECHM: CE/PE timestamp delta 73.00s at 1560.0; CE/PE timestamp delta 91.00s at 1564.0; CE/PE timestamp delta 31.00s at 1580.0; Candidate option quote stale 53.49s; Candidate option quote stale 22.49s; Candidate option quote stale 146.49s; Candidate option quote stale 55.49s; Candidate option quote stale 146.49s; Candidate option quote stale 73.50s
[13:57:48]   DATA HEALTH ALERT TITAN: CE/PE timestamp delta 46.00s at 5000.0; CE/PE timestamp delta 39.00s at 5100.0; Candidate option quote stale 57.50s; Candidate option quote stale 58.50s; Candidate option quote stale 49.50s; Candidate option quote stale 95.50s; Candidate option quote stale 19.50s; Candidate option quote stale 58.50s
[13:58:01]   FINNIFTY NSE:FINNIFTY26AUG26150PE depth unavailable: FyersAPIError: Fyers HTTP 429 on https://api-t1.fyers.in/data/depth?symbol=NSE%3AFINNIFTY26AUG26150PE&ohlcv_flag=1: {"message":"request limit reached","code":429,"s":"error"}
[13:58:01]   MIDCPNIFTY chain unavailable [OPTIONS_CHAIN_ERROR]: FyersAPIError: Fyers HTTP 429 on https://api-t1.fyers.in/data/options-chain-v3?symbol=NSE%3AMIDCPNIFTY-INDEX&strikecount=30: {"message":"request limit reached","code":429,"s":"error"}
[13:58:01]   SBIN chain unavailable [OPTIONS_CHAIN_ERROR]: FyersAPIError: Fyers HTTP 429 on https://api-t1.fyers.in/data/options-chain-v3?symbol=NSE%3ASBIN-EQ&strikecount=30: {"message":"request limit reached","code":429,"s":"error"}
[13:58:01]   SUNPHARMA chain unavailable [OPTIONS_CHAIN_ERROR]: FyersAPIError: Fyers HTTP 429 on https://api-t1.fyers.in/data/options-chain-v3?symbol=NSE%3ASUNPHARMA-EQ&strikecount=30: {"message":"request limit reached","code":429,"s":"error"}
[13:58:02]   TCS chain unavailable [OPTIONS_CHAIN_ERROR]: FyersAPIError: Fyers HTTP 429 on https://api-t1.fyers.in/data/options-chain-v3?symbol=NSE%3ATCS-EQ&strikecount=30: {"message":"request limit reached","code":429,"s":"error"}
[13:58:02]   TATACONSUM chain unavailable [OPTIONS_CHAIN_ERROR]: FyersAPIError: Fyers HTTP 429 on https://api-t1.fyers.in/data/options-chain-v3?symbol=NSE%3ATATACONSUM-EQ&strikecount=30: {"message":"request limit reached","code":429,"s":"error"}
[13:58:02]   TMPV chain unavailable [OPTIONS_CHAIN_ERROR]: FyersAPIError: Fyers HTTP 429 on https://api-t1.fyers.in/data/options-chain-v3?symbol=NSE%3ATMPV-EQ&strikecount=30: {"message":"request limit reached","code":429,"s":"error"}
[13:58:02]   TATASTEEL chain unavailable [OPTIONS_CHAIN_ERROR]: FyersAPIError: Fyers HTTP 429 on https://api-t1.fyers.in/data/options-chain-v3?symbol=NSE%3ATATASTEEL-EQ&strikecount=30: {"message":"request limit reached","code":429,"s":"error"}
[13:58:02]   TECHM chain unavailable [OPTIONS_CHAIN_ERROR]: FyersAPIError: Fyers HTTP 429 on https://api-t1.fyers.in/data/options-chain-v3?symbol=NSE%3ATECHM-EQ&strikecount=30: {"message":"request limit reached","code":429,"s":"error"}
[13:58:03]   TITAN chain unavailable [OPTIONS_CHAIN_ERROR]: FyersAPIError: Fyers HTTP 429 on https://api-t1.fyers.in/data/options-chain-v3?symbol=NSE%3ATITAN-EQ&strikecount=30: {"message":"request limit reached","code":429,"s":"error"}
[13:58:49]   NIFTYNXT50 NSE:NIFTYNXT5026AUG73700CE depth unavailable: ValueError: Fyers depth best quote invalid
[13:58:49]   NIFTYNXT50 NSE:NIFTYNXT5026AUG73700PE depth unavailable: ValueError: Fyers depth best quote invalid
[13:58:50]   NIFTYNXT50 NSE:NIFTYNXT5026AUG73800PE depth unavailable: ValueError: Fyers depth best quote invalid
[13:58:50]   NIFTYNXT50 NSE:NIFTYNXT5026AUG73900CE depth unavailable: ValueError: Fyers depth best quote invalid
[13:58:50]   NIFTYNXT50 NSE:NIFTYNXT5026AUG73900PE depth unavailable: ValueError: Fyers depth best quote invalid
[13:58:52]   DATA HEALTH ALERT MIDCPNIFTY: CE/PE timestamp delta 7.00s at 14850.0; CE/PE timestamp delta 4.00s at 14875.0; Candidate option quote stale 16.91s; Candidate option quote stale 20.91s; Candidate option quote stale 27.91s; Candidate option quote stale 20.91s; Candidate option quote stale 16.91s; Candidate option quote stale 16.91s
[13:58:52]   DATA HEALTH ALERT TRENT: CE/PE timestamp delta 169.00s at 2850.0; CE/PE timestamp delta 15.00s at 2900.0; CE/PE timestamp delta 8.00s at 2950.0; Candidate option quote stale 31.91s; Candidate option quote stale 46.92s; Candidate option quote stale 204.92s; Candidate option quote stale 35.92s; Candidate option quote stale 35.92s; Candidate option quote stale 27.92s
[13:58:52]   DATA HEALTH ALERT ULTRACEMCO: CE/PE timestamp delta 40.00s at 11500.0; CE/PE timestamp delta 77.00s at 11560.0; CE/PE timestamp delta 512.00s at 11600.0; Candidate option quote stale 29.92s; Candidate option quote stale 106.92s; Candidate option quote stale 17.92s; Candidate option quote stale 529.92s; Candidate option quote stale 29.92s; Candidate option quote stale 69.92s
[13:58:52]   DATA HEALTH ALERT WIPRO: CE/PE timestamp delta 16.00s at 180.0; CE/PE timestamp delta 9.00s at 182.5; CE/PE timestamp delta 11.00s at 185.0; Candidate option quote stale 17.93s; Candidate option quote stale 26.93s; Candidate option quote stale 26.93s; Candidate option quote stale 42.93s; Candidate option quote stale 79.93s; Candidate option quote stale 90.93s
[13:59:05]   FINNIFTY NSE:FINNIFTY26AUG26150PE depth unavailable: FyersAPIError: Fyers HTTP 429 on https://api-t1.fyers.in/data/depth?symbol=NSE%3AFINNIFTY26AUG26150PE&ohlcv_flag=1: {"message":"request limit reached","code":429,"s":"error"}
[13:59:05]   MIDCPNIFTY chain unavailable [OPTIONS_CHAIN_ERROR]: FyersAPIError: Fyers HTTP 429 on https://api-t1.fyers.in/data/options-chain-v3?symbol=NSE%3AMIDCPNIFTY-INDEX&strikecount=30: {"message":"request limit reached","code":429,"s":"error"}
[13:59:05]   TRENT chain unavailable [OPTIONS_CHAIN_ERROR]: FyersAPIError: Fyers HTTP 429 on https://api-t1.fyers.in/data/options-chain-v3?symbol=NSE%3ATRENT-EQ&strikecount=30: {"message":"request limit reached","code":429,"s":"error"}
[13:59:05]   ULTRACEMCO chain unavailable [OPTIONS_CHAIN_ERROR]: FyersAPIError: Fyers HTTP 429 on https://api-t1.fyers.in/data/options-chain-v3?symbol=NSE%3AULTRACEMCO-EQ&strikecount=30: {"message":"request limit reached","code":429,"s":"error"}
[13:59:05]   WIPRO chain unavailable [OPTIONS_CHAIN_ERROR]: FyersAPIError: Fyers HTTP 429 on https://api-t1.fyers.in/data/options-chain-v3?symbol=NSE%3AWIPRO-EQ&strikecount=30: {"message":"request limit reached","code":429,"s":"error"}
[13:59:06]   SENSEX chain unavailable [OPTIONS_CHAIN_ERROR]: FyersAPIError: Fyers HTTP 429 on https://api-t1.fyers.in/data/options-chain-v3?symbol=BSE%3ASENSEX-INDEX&strikecount=30: {"message":"request limit reached","code":429,"s":"error"}
[13:59:06]   BANKEX chain unavailable [OPTIONS_CHAIN_ERROR]: FyersAPIError: Fyers HTTP 429 on https://api-t1.fyers.in/data/options-chain-v3?symbol=BSE%3ABANKEX-INDEX&strikecount=30: {"message":"request limit reached","code":429,"s":"error"}
[13:59:06]   FOCIT chain unavailable [OPTIONS_CHAIN_ERROR]: FyersAPIError: Fyers HTTP 429 on https://api-t1.fyers.in/data/options-chain-v3?symbol=BSE%3AFOCIT-INDEX&strikecount=30: {"message":"request limit reached","code":429,"s":"error"}
[13:59:06]   NIFTYNXT50 chain unavailable [OPTIONS_CHAIN_ERROR]: FyersAPIError: Fyers HTTP 429 on https://api-t1.fyers.in/data/options-chain-v3?symbol=NSE%3ANIFTYNXT50-INDEX&strikecount=30: {"message":"request limit reached","code":429,"s":"error"}
[13:59:06]   ADANIENT chain unavailable [OPTIONS_CHAIN_ERROR]: FyersAPIError: Fyers HTTP 429 on https://api-t1.fyers.in/data/options-chain-v3?symbol=NSE%3AADANIENT-EQ&strikecount=30: {"message":"request limit reached","code":429,"s":"error"}
[13:59:27]   NIFTYNXT50 NSE:NIFTYNXT5026AUG73700CE depth unavailable: ValueError: Fyers depth best quote invalid
[13:59:28]   NIFTYNXT50 NSE:NIFTYNXT5026AUG73700PE depth unavailable: ValueError: Fyers depth best quote invalid
[13:59:28]   NIFTYNXT50 NSE:NIFTYNXT5026AUG73800PE depth unavailable: ValueError: Fyers depth best quote invalid
[13:59:28]   NIFTYNXT50 NSE:NIFTYNXT5026AUG73900CE depth unavailable: ValueError: Fyers depth best quote invalid
[13:59:28]   NIFTYNXT50 NSE:NIFTYNXT5026AUG73900PE depth unavailable: ValueError: Fyers depth best quote invalid
[13:59:55]   DATA HEALTH ALERT MIDCPNIFTY: CE/PE timestamp delta 7.00s at 14875.0; Candidate option quote stale 16.99s; Candidate option quote stale 23.99s; Candidate option quote stale 21.99s; Candidate option quote stale 23.99s; Candidate option quote stale 16.99s; Candidate option quote stale 17.00s
[14:00:08]   FINNIFTY NSE:FINNIFTY26AUG26150PE depth unavailable: FyersAPIError: Fyers HTTP 429 on https://api-t1.fyers.in/data/depth?symbol=NSE%3AFINNIFTY26AUG26150PE&ohlcv_flag=1: {"message":"request limit reached","code":429,"s":"error"}
[14:00:08]   MIDCPNIFTY chain unavailable [OPTIONS_CHAIN_ERROR]: FyersAPIError: Fyers HTTP 429 on https://api-t1.fyers.in/data/options-chain-v3?symbol=NSE%3AMIDCPNIFTY-INDEX&strikecount=30: {"message":"request limit reached","code":429,"s":"error"}
[14:00:08]   ADANIPORTS chain unavailable [OPTIONS_CHAIN_ERROR]: FyersAPIError: Fyers HTTP 429 on https://api-t1.fyers.in/data/options-chain-v3?symbol=NSE%3AADANIPORTS-EQ&strikecount=30: {"message":"request limit reached","code":429,"s":"error"}
[14:00:09]   APOLLOHOSP chain unavailable [OPTIONS_CHAIN_ERROR]: FyersAPIError: Fyers HTTP 429 on https://api-t1.fyers.in/data/options-chain-v3?symbol=NSE%3AAPOLLOHOSP-EQ&strikecount=30: {"message":"request limit reached","code":429,"s":"error"}
[14:00:09]   ASIANPAINT chain unavailable [OPTIONS_CHAIN_ERROR]: FyersAPIError: Fyers HTTP 429 on https://api-t1.fyers.in/data/options-chain-v3?symbol=NSE%3AASIANPAINT-EQ&strikecount=30: {"message":"request limit reached","code":429,"s":"error"}
[14:00:09]   AXISBANK chain unavailable [OPTIONS_CHAIN_ERROR]: FyersAPIError: Fyers HTTP 429 on https://api-t1.fyers.in/data/options-chain-v3?symbol=NSE%3AAXISBANK-EQ&strikecount=30: {"message":"request limit reached","code":429,"s":"error"}
[14:00:09]   BAJAJ-AUTO chain unavailable [OPTIONS_CHAIN_ERROR]: FyersAPIError: Fyers HTTP 429 on https://api-t1.fyers.in/data/options-chain-v3?symbol=NSE%3ABAJAJ-AUTO-EQ&strikecount=30: {"message":"request limit reached","code":429,"s":"error"}
[14:00:09]   BAJFINANCE chain unavailable [OPTIONS_CHAIN_ERROR]: FyersAPIError: Fyers HTTP 429 on https://api-t1.fyers.in/data/options-chain-v3?symbol=NSE%3ABAJFINANCE-EQ&strikecount=30: {"message":"request limit reached","code":429,"s":"error"}
[14:00:10]   BAJAJFINSV chain unavailable [OPTIONS_CHAIN_ERROR]: FyersAPIError: Fyers HTTP 429 on https://api-t1.fyers.in/data/options-chain-v3?symbol=NSE%3ABAJAJFINSV-EQ&strikecount=30: {"message":"request limit reached","code":429,"s":"error"}
[14:00:10]   BEL chain unavailable [OPTIONS_CHAIN_ERROR]: FyersAPIError: Fyers HTTP 429 on https://api-t1.fyers.in/data/options-chain-v3?symbol=NSE%3ABEL-EQ&strikecount=30: {"message":"request limit reached","code":429,"s":"error"}
[14:00:58]   DATA HEALTH ALERT MIDCPNIFTY: CE/PE timestamp delta 4.00s at 14850.0; CE/PE timestamp delta 4.00s at 14875.0; Candidate option quote stale 22.97s; Candidate option quote stale 26.97s; Candidate option quote stale 17.97s; Candidate option quote stale 21.97s; Candidate option quote stale 16.97s; Candidate option quote stale 17.97s
[14:01:10]   FINNIFTY NSE:FINNIFTY26AUG26100PE depth unavailable: FyersAPIError: Fyers HTTP 429 on https://api-t1.fyers.in/data/depth?symbol=NSE%3AFINNIFTY26AUG26100PE&ohlcv_flag=1: {"message":"request limit reached","code":429,"s":"error"}
[14:01:12]   FINNIFTY NSE:FINNIFTY26AUG26150CE depth unavailable: FyersAPIError: Fyers HTTP 429 on https://api-t1.fyers.in/data/depth?symbol=NSE%3AFINNIFTY26AUG26150CE&ohlcv_flag=1: {"message":"request limit reached","code":429,"s":"error"}
[14:01:14]   FINNIFTY NSE:FINNIFTY26AUG26150PE depth unavailable: FyersAPIError: Fyers HTTP 429 on https://api-t1.fyers.in/data/depth?symbol=NSE%3AFINNIFTY26AUG26150PE&ohlcv_flag=1: {"message":"request limit reached","code":429,"s":"error"}
[14:01:15]   MIDCPNIFTY chain unavailable [OPTIONS_CHAIN_ERROR]: FyersAPIError: Fyers HTTP 429 on https://api-t1.fyers.in/data/options-chain-v3?symbol=NSE%3AMIDCPNIFTY-INDEX&strikecount=30: {"message":"request limit reached","code":429,"s":"error"}
[14:01:15]   BHARTIARTL chain unavailable [OPTIONS_CHAIN_ERROR]: FyersAPIError: Fyers HTTP 429 on https://api-t1.fyers.in/data/options-chain-v3?symbol=NSE%3ABHARTIARTL-EQ&strikecount=30: {"message":"request limit reached","code":429,"s":"error"}
[14:01:15]   CIPLA chain unavailable [OPTIONS_CHAIN_ERROR]: FyersAPIError: Fyers HTTP 429 on https://api-t1.fyers.in/data/options-chain-v3?symbol=NSE%3ACIPLA-EQ&strikecount=30: {"message":"request limit reached","code":429,"s":"error"}
[14:01:15]   COALINDIA chain unavailable [OPTIONS_CHAIN_ERROR]: FyersAPIError: Fyers HTTP 429 on https://api-t1.fyers.in/data/options-chain-v3?symbol=NSE%3ACOALINDIA-EQ&strikecount=30: {"message":"request limit reached","code":429,"s":"error"}
[14:01:15]   DRREDDY chain unavailable [OPTIONS_CHAIN_ERROR]: FyersAPIError: Fyers HTTP 429 on https://api-t1.fyers.in/data/options-chain-v3?symbol=NSE%3ADRREDDY-EQ&strikecount=30: {"message":"request limit reached","code":429,"s":"error"}
[14:02:11]   KOTAKBANK NSE:KOTAKBANK26AUG395CE depth unavailable: FyersAPIError: Fyers HTTP 429 on https://api-t1.fyers.in/data/depth?symbol=NSE%3AKOTAKBANK26AUG395CE&ohlcv_flag=1: {"message":"request limit reached","code":429,"s":"error"}
[14:02:13]   KOTAKBANK NSE:KOTAKBANK26AUG395PE depth unavailable: FyersAPIError: Fyers HTTP 429 on https://api-t1.fyers.in/data/depth?symbol=NSE%3AKOTAKBANK26AUG395PE&ohlcv_flag=1: {"message":"request limit reached","code":429,"s":"error"}
[14:02:15]   KOTAKBANK NSE:KOTAKBANK26AUG400CE depth unavailable: FyersAPIError: Fyers HTTP 429 on https://api-t1.fyers.in/data/depth?symbol=NSE%3AKOTAKBANK26AUG400CE&ohlcv_flag=1: {"message":"request limit reached","code":429,"s":"error"}
[14:02:17]   DATA HEALTH ALERT MIDCPNIFTY: Invalid IV for CE 14125.0; Missing delta for CE 14125.0; Invalid IV for PE 14125.0; Zero volume CE at 14125.0; Zero volume CE at 14150.0; Zero volume CE at 14175.0; Candidate option quote stale 24.91s; Candidate option quote stale 25.91s; Candidate option quote stale 25.91s; Candidate option quote stale 24.91s; Candidate option quote stale 24.91s; Candidate option quote stale 22.92s
[14:02:17] Cycle error; new entries blocked for 30.0s: OptionChainParseError: Missing CE at strike 1135.0
[14:03:04] Cycle error; new entries blocked for 30.0s: OptionChainParseError: Missing CE at strike 1135.0
[14:03:55] Cycle error; new entries blocked for 30.0s: OptionChainParseError: Missing CE at strike 4080.0
[14:04:11]   MARUTI NSE:MARUTI26AUG13600CE depth unavailable: FyersAPIError: Fyers HTTP 429 on https://api-t1.fyers.in/data/depth?symbol=NSE%3AMARUTI26AUG13600CE&ohlcv_flag=1: {"message":"request limit reached","code":429,"s":"error"}
[14:04:14]   MARUTI NSE:MARUTI26AUG13600PE depth unavailable: FyersAPIError: Fyers HTTP 429 on https://api-t1.fyers.in/data/depth?symbol=NSE%3AMARUTI26AUG13600PE&ohlcv_flag=1: {"message":"request limit reached","code":429,"s":"error"}
[14:04:16]   MARUTI NSE:MARUTI26AUG13700CE depth unavailable: FyersAPIError: Fyers HTTP 429 on https://api-t1.fyers.in/data/depth?symbol=NSE%3AMARUTI26AUG13700CE&ohlcv_flag=1: {"message":"request limit reached","code":429,"s":"error"}
[14:04:25] Cycle error; new entries blocked for 30.0s: OptionChainParseError: Missing CE at strike 4080.0
[14:05:12]   TATACONSUM NSE:TATACONSUM26AUG1040CE depth unavailable: FyersAPIError: Fyers HTTP 429 on https://api-t1.fyers.in/data/depth?symbol=NSE%3ATATACONSUM26AUG1040CE&ohlcv_flag=1: {"message":"request limit reached","code":429,"s":"error"}
[14:05:14]   TATACONSUM NSE:TATACONSUM26AUG1040PE depth unavailable: FyersAPIError: Fyers HTTP 429 on https://api-t1.fyers.in/data/depth?symbol=NSE%3ATATACONSUM26AUG1040PE&ohlcv_flag=1: {"message":"request limit reached","code":429,"s":"error"}
[14:05:16]   TATACONSUM NSE:TATACONSUM26AUG1050CE depth unavailable: FyersAPIError: Fyers HTTP 429 on https://api-t1.fyers.in/data/depth?symbol=NSE%3ATATACONSUM26AUG1050CE&ohlcv_flag=1: {"message":"request limit reached","code":429,"s":"error"}
[14:05:20]   DATA HEALTH ALERT SBILIFE: CE/PE timestamp delta 294.00s at 1760.0; CE/PE timestamp delta 134.00s at 1780.0; CE/PE timestamp delta 189.00s at 1800.0; Candidate option quote stale 66.03s; Candidate option quote stale 200.03s; Candidate option quote stale 376.03s; Candidate option quote stale 670.03s; Candidate option quote stale 39.03s; Candidate option quote stale 228.03s
[14:05:20]   DATA HEALTH ALERT SHRIRAMFIN: CE/PE timestamp delta 37.00s at 1100.0; CE/PE timestamp delta 111.00s at 1140.0; Candidate option quote stale 22.05s; Candidate option quote stale 22.05s; Candidate option quote stale 59.05s; Candidate option quote stale 22.05s; Candidate option quote stale 29.05s; Candidate option quote stale 140.05s
[14:05:20]   DATA HEALTH ALERT SBIN: CE/PE timestamp delta 57.00s at 1020.0; CE/PE timestamp delta 15.00s at 1030.0; Candidate option quote stale 27.05s; Candidate option quote stale 42.05s; Candidate option quote stale 114.05s; Candidate option quote stale 57.06s; Candidate option quote stale 31.06s; Candidate option quote stale 30.06s
[14:05:20]   DATA HEALTH ALERT SUNPHARMA: CE/PE timestamp delta 27.00s at 1900.0; CE/PE timestamp delta 4.00s at 1920.0; CE/PE timestamp delta 8.00s at 1940.0; Candidate option quote stale 39.06s; Candidate option quote stale 35.07s; Candidate option quote stale 100.07s; Candidate option quote stale 73.07s; Candidate option quote stale 29.07s; Candidate option quote stale 21.07s
[14:05:20]   DATA HEALTH ALERT TCS: CE/PE timestamp delta 159.00s at 2260.0; Candidate option quote stale 16.07s; Candidate option quote stale 16.07s; Candidate option quote stale 209.07s; Candidate option quote stale 50.08s; Candidate option quote stale 23.08s; Candidate option quote stale 23.08s
[14:05:20]   DATA HEALTH ALERT TATACONSUM: CE/PE timestamp delta 12.30s at 1050.0; CE/PE timestamp delta 12.00s at 1060.0; Candidate option quote depth unavailable; Candidate option quote stale 12.08s; Candidate option quote depth unavailable; Candidate option quote depth unavailable; Candidate option quote stale 16.09s; Candidate option quote stale 28.09s
[14:05:20]   DATA HEALTH ALERT TMPV: CE/PE timestamp delta 4.00s at 310.0; CE/PE timestamp delta 6.00s at 315.0; CE/PE timestamp delta 10.00s at 320.0; Candidate option quote stale 46.09s; Candidate option quote stale 52.09s; Candidate option quote stale 38.09s; Candidate option quote stale 42.10s; Candidate option quote stale 27.10s; Candidate option quote stale 17.10s
[14:06:12]   DATA HEALTH ALERT TATASTEEL: CE/PE timestamp delta 9.00s at 182.5; CE/PE timestamp delta 4.00s at 185.0; CE/PE timestamp delta 17.00s at 187.5; Candidate option quote stale 48.05s; Candidate option quote stale 52.06s; Candidate option quote stale 63.06s; Candidate option quote stale 72.06s; Candidate option quote stale 49.06s; Candidate option quote stale 32.06s
[14:06:12]   DATA HEALTH ALERT TECHM: CE/PE timestamp delta 156.00s at 1560.0; CE/PE timestamp delta 305.00s at 1564.0; CE/PE timestamp delta 31.00s at 1580.0; Candidate option quote stale 26.09s; Candidate option quote stale 57.10s; Candidate option quote stale 417.10s; Candidate option quote stale 112.11s; Candidate option quote stale 32.12s; Candidate option quote stale 188.12s
[14:06:12]   DATA HEALTH ALERT TITAN: CE/PE timestamp delta 56.00s at 5000.0; CE/PE timestamp delta 62.00s at 5100.0; Candidate option quote stale 29.13s; Candidate option quote stale 28.13s; Candidate option quote stale 98.14s; Candidate option quote stale 42.14s; Candidate option quote stale 106.15s; Candidate option quote stale 44.15s
[14:06:12]   DATA HEALTH ALERT TRENT: CE/PE timestamp delta 4.00s at 2950.0; Candidate option quote stale 82.15s; Candidate option quote stale 80.16s; Candidate option quote stale 42.16s; Candidate option quote stale 41.16s; Candidate option quote stale 37.16s; Candidate option quote stale 41.17s
[14:06:12]   DATA HEALTH ALERT ULTRACEMCO: CE/PE timestamp delta 62.00s at 11600.0; Candidate option quote stale 28.17s; Candidate option quote stale 30.17s; Candidate option quote stale 21.17s; Candidate option quote stale 83.17s; Candidate option quote stale 15.17s; Candidate option quote stale 15.18s
[14:06:12]   DATA HEALTH ALERT WIPRO: CE/PE timestamp delta 9.00s at 180.0; CE/PE timestamp delta 31.00s at 182.5; CE/PE timestamp delta 15.00s at 185.0; Candidate option quote stale 41.18s; Candidate option quote stale 72.18s; Candidate option quote stale 41.18s; Candidate option quote stale 32.18s; Candidate option quote stale 92.18s; Candidate option quote stale 77.19s
[14:06:12]   DATA HEALTH ALERT SENSEX: Invalid IV for CE 74300.0; Missing delta for CE 74300.0; Invalid IV for PE 74300.0; Zero volume CE at 74300.0; Zero volume CE at 74400.0; Zero volume CE at 74500.0; Candidate option quote warning stale 7.19s; Candidate option quote warning stale 7.19s; Candidate option quote stale 9.19s; Candidate option quote stale 9.19s; Candidate option quote stale 10.20s; Candidate option quote stale 10.20s
[14:06:12]   DATA HEALTH ALERT BANKEX: CE/PE timestamp delta 1284.00s at 64900.0; CE/PE timestamp delta 180.00s at 65000.0; CE/PE timestamp delta 1015.00s at 65100.0; Candidate option quote stale 215.20s; Candidate option quote stale 35.20s; Candidate option quote stale 1849.20s; Candidate option quote stale 565.20s; Candidate option quote stale 1043.20s; Candidate option quote stale 28.20s
[14:07:17]   MIDCPNIFTY NSE:MIDCPNIFTY26AUG14900CE depth unavailable: FyersAPIError: Fyers HTTP 429 on https://api-t1.fyers.in/data/depth?symbol=NSE%3AMIDCPNIFTY26AUG14900CE&ohlcv_flag=1: {"message":"request limit reached","code":429,"s":"error"}
[14:07:21]   NIFTYNXT50 NSE:NIFTYNXT5026AUG73700CE depth unavailable: ValueError: Fyers depth best quote invalid
[14:07:22]   NIFTYNXT50 NSE:NIFTYNXT5026AUG73700PE depth unavailable: ValueError: Fyers depth source timestamp invalid
[14:07:22]   NIFTYNXT50 NSE:NIFTYNXT5026AUG73800PE depth unavailable: ValueError: Fyers depth source timestamp invalid
[14:07:22]   NIFTYNXT50 NSE:NIFTYNXT5026AUG73900CE depth unavailable: ValueError: Fyers depth source timestamp invalid
[14:07:22]   NIFTYNXT50 NSE:NIFTYNXT5026AUG73900PE depth unavailable: ValueError: Fyers depth best quote invalid
