[11:25:48] PAPER-ONLY config overrides active: {'exit_management': {'vol_time_stop_fraction': 0.35, 'stop_exit_slippage_frac': 0.1, 'edge_scaled_target': True, 'edge_scale_min_ratio': 1.1, 'edge_scale_min_r': 1.0, 'edge_scale_max_r': 3.0}, 'risk': {'normal_risk_pct_of_capital': 5.0, 'normal_risk_cap_rupees': 5000, 'a_plus_risk_pct_of_capital': 6.0, 'a_plus_risk_cap_rupees': 6000, 'max_daily_loss_rupees': 8000}, 'instrument_risk_overrides': {'BANKNIFTY': {'normal_risk_cap_rupees': 5000, 'a_plus_risk_cap_rupees': 6000}, 'NIFTY': {'normal_risk_cap_rupees': 5000, 'a_plus_risk_cap_rupees': 6000}, 'FINNIFTY': {'normal_risk_cap_rupees': 5000, 'a_plus_risk_cap_rupees': 6000}, 'MIDCPNIFTY': {'normal_risk_cap_rupees': 5000, 'a_plus_risk_cap_rupees': 6000}}, 'instrument_calibration_status': {'BANKNIFTY': {'direction': 'OBSERVED', 'liquidity': 'OBSERVED', 'expected_move': 'UNVALIDATED'}, 'NIFTY': {'direction': 'OBSERVED', 'liquidity': 'OBSERVED', 'expected_move': 'UNVALIDATED'}, 'FINNIFTY': {'direction': 'OBSERVED', 'liquidity': 'OBSERVED', 'expected_move': 'UNVALIDATED'}, 'MIDCPNIFTY': {'direction': 'OBSERVED', 'liquidity': 'OBSERVED', 'expected_move': 'UNVALIDATED'}}}
[11:25:50]   NIFTY [NSE, TRADE_ELIGIBLE]: 18 expiries, nearest 2026-08-25
[11:25:50]   BANKNIFTY [NSE, TRADE_ELIGIBLE]: 6 expiries, nearest 2026-08-25
[11:25:50]   FINNIFTY [NSE, TRADE_ELIGIBLE]: 3 expiries, nearest 2026-08-25
[11:25:50]   MIDCPNIFTY [NSE, TRADE_ELIGIBLE]: 3 expiries, nearest 2026-08-25
[11:25:50]   SENSEX [BSE, TRADE_ELIGIBLE]: 19 expiries, nearest 2026-08-27
[11:25:50]   BANKEX [BSE, TRADE_ELIGIBLE]: 3 expiries, nearest 2026-08-27
[11:25:50]   FOCIT [BSE, TRADE_ELIGIBLE]: 3 expiries, nearest 2026-08-27
[11:25:50]   NIFTYNXT50 [NSE, TRADE_ELIGIBLE]: 3 expiries, nearest 2026-08-25
[11:25:50]   NIFTYFPI [NSE, TRADE_ELIGIBLE]: 3 expiries, nearest 2026-08-25
[11:25:50]   ADANIENT [NSE, TRADE_ELIGIBLE]: 3 expiries, nearest 2026-08-25
[11:25:50]   ADANIPORTS [NSE, TRADE_ELIGIBLE]: 3 expiries, nearest 2026-08-25
[11:25:50]   APOLLOHOSP [NSE, TRADE_ELIGIBLE]: 3 expiries, nearest 2026-08-25
[11:25:50]   ASIANPAINT [NSE, TRADE_ELIGIBLE]: 3 expiries, nearest 2026-08-25
[11:25:50]   AXISBANK [NSE, TRADE_ELIGIBLE]: 6 expiries, nearest 2026-08-25
[11:25:50]   BAJAJ-AUTO [NSE, TRADE_ELIGIBLE]: 3 expiries, nearest 2026-08-25
[11:25:50]   BAJFINANCE [NSE, TRADE_ELIGIBLE]: 3 expiries, nearest 2026-08-25
[11:25:50]   BAJAJFINSV [NSE, TRADE_ELIGIBLE]: 3 expiries, nearest 2026-08-25
[11:25:50]   BEL [NSE, TRADE_ELIGIBLE]: 3 expiries, nearest 2026-08-25
[11:25:50]   BHARTIARTL [NSE, TRADE_ELIGIBLE]: 3 expiries, nearest 2026-08-25
[11:25:50]   CIPLA [NSE, TRADE_ELIGIBLE]: 3 expiries, nearest 2026-08-25
[11:25:50]   COALINDIA [NSE, TRADE_ELIGIBLE]: 3 expiries, nearest 2026-08-25
[11:25:50]   DRREDDY [NSE, TRADE_ELIGIBLE]: 3 expiries, nearest 2026-08-25
[11:25:50]   EICHERMOT [NSE, TRADE_ELIGIBLE]: 3 expiries, nearest 2026-08-25
[11:25:50]   ETERNAL [NSE, TRADE_ELIGIBLE]: 3 expiries, nearest 2026-08-25
[11:25:50]   GRASIM [NSE, TRADE_ELIGIBLE]: 3 expiries, nearest 2026-08-25
[11:25:50]   HCLTECH [NSE, TRADE_ELIGIBLE]: 3 expiries, nearest 2026-08-25
[11:25:50]   HDFCBANK [NSE, TRADE_ELIGIBLE]: 6 expiries, nearest 2026-08-25
[11:25:50]   HDFCLIFE [NSE, TRADE_ELIGIBLE]: 3 expiries, nearest 2026-08-25
[11:25:50]   HINDALCO [NSE, TRADE_ELIGIBLE]: 3 expiries, nearest 2026-08-25
[11:25:50]   HINDUNILVR [NSE, TRADE_ELIGIBLE]: 3 expiries, nearest 2026-08-25
[11:25:50]   ICICIBANK [NSE, TRADE_ELIGIBLE]: 6 expiries, nearest 2026-08-25
[11:25:50]   ITC [NSE, TRADE_ELIGIBLE]: 6 expiries, nearest 2026-08-25
[11:25:50]   INFY [NSE, TRADE_ELIGIBLE]: 6 expiries, nearest 2026-08-25
[11:25:50]   INDIGO [NSE, TRADE_ELIGIBLE]: 3 expiries, nearest 2026-08-25
[11:25:50]   JSWSTEEL [NSE, TRADE_ELIGIBLE]: 6 expiries, nearest 2026-08-25
[11:25:50]   JIOFIN [NSE, TRADE_ELIGIBLE]: 6 expiries, nearest 2026-08-25
[11:25:50]   KOTAKBANK [NSE, TRADE_ELIGIBLE]: 3 expiries, nearest 2026-08-25
[11:25:50]   LT [NSE, TRADE_ELIGIBLE]: 3 expiries, nearest 2026-08-25
[11:25:50]   M&M [NSE, TRADE_ELIGIBLE]: 3 expiries, nearest 2026-08-25
[11:25:50]   MARUTI [NSE, TRADE_ELIGIBLE]: 3 expiries, nearest 2026-08-25
[11:25:50]   MAXHEALTH [NSE, TRADE_ELIGIBLE]: 3 expiries, nearest 2026-08-25
[11:25:50]   NTPC [NSE, TRADE_ELIGIBLE]: 3 expiries, nearest 2026-08-25
[11:25:50]   NESTLEIND [NSE, TRADE_ELIGIBLE]: 3 expiries, nearest 2026-08-25
[11:25:50]   ONGC [NSE, TRADE_ELIGIBLE]: 3 expiries, nearest 2026-08-25
[11:25:50]   POWERGRID [NSE, TRADE_ELIGIBLE]: 3 expiries, nearest 2026-08-25
[11:25:50]   RELIANCE [NSE, TRADE_ELIGIBLE]: 6 expiries, nearest 2026-08-25
[11:25:50]   SBILIFE [NSE, TRADE_ELIGIBLE]: 3 expiries, nearest 2026-08-25
[11:25:50]   SHRIRAMFIN [NSE, TRADE_ELIGIBLE]: 3 expiries, nearest 2026-08-25
[11:25:50]   SBIN [NSE, TRADE_ELIGIBLE]: 6 expiries, nearest 2026-08-25
[11:25:50]   SUNPHARMA [NSE, TRADE_ELIGIBLE]: 3 expiries, nearest 2026-08-25
[11:25:50]   TCS [NSE, TRADE_ELIGIBLE]: 6 expiries, nearest 2026-08-25
[11:25:50]   TATACONSUM [NSE, TRADE_ELIGIBLE]: 3 expiries, nearest 2026-08-25
[11:25:50]   TMPV [NSE, TRADE_ELIGIBLE]: 3 expiries, nearest 2026-08-25
[11:25:50]   TATASTEEL [NSE, TRADE_ELIGIBLE]: 6 expiries, nearest 2026-08-25
[11:25:50]   TECHM [NSE, TRADE_ELIGIBLE]: 3 expiries, nearest 2026-08-25
[11:25:50]   TITAN [NSE, TRADE_ELIGIBLE]: 6 expiries, nearest 2026-08-25
[11:25:50]   TRENT [NSE, TRADE_ELIGIBLE]: 3 expiries, nearest 2026-08-25
[11:25:50]   ULTRACEMCO [NSE, TRADE_ELIGIBLE]: 3 expiries, nearest 2026-08-25
[11:25:50]   WIPRO [NSE, TRADE_ELIGIBLE]: 3 expiries, nearest 2026-08-25
[11:25:50] Paper selector universe: NIFTY, BANKNIFTY, FINNIFTY, MIDCPNIFTY, SENSEX, BANKEX, FOCIT, NIFTYNXT50, NIFTYFPI, ADANIENT, ADANIPORTS, APOLLOHOSP, ASIANPAINT, AXISBANK, BAJAJ-AUTO, BAJFINANCE, BAJAJFINSV, BEL, BHARTIARTL, CIPLA, COALINDIA, DRREDDY, EICHERMOT, ETERNAL, GRASIM, HCLTECH, HDFCBANK, HDFCLIFE, HINDALCO, HINDUNILVR, ICICIBANK, ITC, INFY, INDIGO, JSWSTEEL, JIOFIN, KOTAKBANK, LT, M&M, MARUTI, MAXHEALTH, NTPC, NESTLEIND, ONGC, POWERGRID, RELIANCE, SBILIFE, SHRIRAMFIN, SBIN, SUNPHARMA, TCS, TATACONSUM, TMPV, TATASTEEL, TECHM, TITAN, TRENT, ULTRACEMCO, WIPRO; monitor-only: -

Dashboard: http://127.0.0.1:8775  (Ctrl+C to stop)
[11:25:50] Loop started.
[11:26:12]   NIFTYNXT50 NSE:NIFTYNXT5026AUG73800PE depth unavailable: ValueError: Fyers depth best quote invalid
[11:26:12]   NIFTYNXT50 NSE:NIFTYNXT5026AUG73900CE depth unavailable: ValueError: Fyers depth source timestamp invalid
[11:26:13]   NIFTYNXT50 NSE:NIFTYNXT5026AUG73900PE depth unavailable: ValueError: Fyers depth best quote invalid
[11:26:14]   NIFTYFPI chain unavailable [OPTIONS_CHAIN_UNAVAILABLE]: OptionChainParseError: Missing data.optionsChain in Fyers payload
[11:26:48]   NIFTYNXT50 NSE:NIFTYNXT5026AUG73800PE depth unavailable: ValueError: Fyers depth best quote invalid
[11:26:48]   NIFTYNXT50 NSE:NIFTYNXT5026AUG73900CE depth unavailable: ValueError: Fyers depth source timestamp invalid
[11:26:49]   NIFTYNXT50 NSE:NIFTYNXT5026AUG73900PE depth unavailable: ValueError: Fyers depth best quote invalid
[11:26:50]   NIFTYFPI chain unavailable [OPTIONS_CHAIN_UNAVAILABLE]: OptionChainParseError: Missing data.optionsChain in Fyers payload
[11:26:58]   DATA HEALTH ALERT NIFTY: Invalid IV for CE 22650.0; Missing delta for CE 22650.0; Invalid IV for PE 22650.0; Zero volume CE at 22650.0; Zero volume CE at 22750.0; Zero volume CE at 22850.0; Candidate option quote stale 27.67s; Candidate option quote stale 27.68s; Candidate option quote stale 28.68s; Candidate option quote stale 28.68s; Candidate option quote stale 27.69s; Candidate option quote stale 27.69s
[11:26:58]   DATA HEALTH ALERT BANKNIFTY: Invalid IV for CE 54400.0; Missing delta for CE 54400.0; Invalid IV for PE 54400.0; Zero volume CE at 54400.0; Zero volume CE at 54600.0; Zero volume CE at 54700.0; Candidate option quote stale 25.69s; Candidate option quote stale 24.69s; Candidate option quote stale 25.69s; Candidate option quote stale 25.69s; Candidate option quote stale 24.69s; Candidate option quote stale 24.70s
[11:26:58]   DATA HEALTH ALERT FINNIFTY: Invalid IV for CE 24600.0; Missing delta for CE 24600.0; Invalid IV for PE 24600.0; Zero volume CE at 24600.0; Zero volume CE at 24650.0; Zero volume CE at 24700.0; Candidate option quote stale 23.70s; Candidate option quote stale 23.70s; Candidate option quote stale 24.70s; Candidate option quote stale 24.70s; Candidate option quote stale 22.70s; Candidate option quote stale 21.70s
[11:26:58]   DATA HEALTH ALERT MIDCPNIFTY: Invalid IV for CE 14125.0; Missing delta for CE 14125.0; Invalid IV for PE 14125.0; Zero volume CE at 14125.0; Zero volume CE at 14150.0; Zero volume CE at 14175.0; Candidate option quote stale 20.71s; Candidate option quote stale 21.71s; Candidate option quote stale 21.71s; Candidate option quote stale 20.72s; Candidate option quote stale 20.72s; Candidate option quote stale 19.72s
[11:26:58]   DATA HEALTH ALERT SENSEX: Invalid IV for CE 74200.0; Missing delta for CE 74200.0; Invalid IV for PE 74200.0; Zero volume CE at 74200.0; Zero volume CE at 74300.0; Zero volume CE at 74400.0; Candidate option quote stale 18.72s; Candidate option quote stale 18.72s; Candidate option quote stale 18.72s; Candidate option quote stale 18.72s; Candidate option quote stale 18.72s; Candidate option quote stale 17.72s
[11:26:58]   DATA HEALTH ALERT BANKEX: CE/PE timestamp delta 177.00s at 65100.0; CE/PE timestamp delta 88.00s at 65200.0; Candidate option quote stale 199.72s; Candidate option quote stale 22.72s; Candidate option quote stale 16.72s; Candidate option quote stale 16.73s; Candidate option quote stale 110.73s; Candidate option quote stale 22.73s
[11:26:58]   DATA HEALTH ALERT FOCIT: CE/PE timestamp delta 1630.00s at 37000.0; Candidate option quote stale 41218.74s; Candidate option quote stale 41218.74s; Candidate option quote stale 41218.74s; Candidate option quote stale 41218.74s; Candidate option quote stale 1943.74s; Candidate option quote stale 313.74s
[11:26:58]   DATA HEALTH ALERT NIFTYNXT50: CE/PE timestamp delta 2151078.78s at 73800.0; CE/PE timestamp delta 139.00s at 74000.0; Candidate option quote depth unavailable; Candidate option quote invalid; Candidate option quote stale 2151089.75s; Candidate option quote invalid; Candidate option quote stale 151.75s; Candidate option quote stale 290.75s
[11:26:58]   DATA HEALTH ALERT ADANIENT: CE/PE timestamp delta 59.00s at 3050.0; Candidate option quote stale 874.76s; Candidate option quote stale 17.76s; Candidate option quote stale 76.76s; Candidate option quote stale 40.77s; Candidate option quote stale 40.77s
[11:26:58]   DATA HEALTH ALERT ADANIPORTS: CE/PE timestamp delta 429.00s at 1660.0; CE/PE timestamp delta 97.00s at 1700.0; Candidate option quote stale 58.77s; Candidate option quote stale 60.77s; Candidate option quote stale 475.77s; Candidate option quote stale 46.78s; Candidate option quote stale 32.78s; Candidate option quote stale 129.78s
[11:26:58]   DATA HEALTH ALERT APOLLOHOSP: CE/PE timestamp delta 48.00s at 8700.0; CE/PE timestamp delta 8.00s at 8800.0; Candidate option quote stale 38.79s; Candidate option quote stale 86.79s; Candidate option quote stale 80.79s; Candidate option quote stale 79.79s; Candidate option quote stale 46.80s; Candidate option quote stale 54.80s
[11:28:19]   DATA HEALTH ALERT ASIANPAINT: CE/PE timestamp delta 90.00s at 2600.0; CE/PE timestamp delta 107.00s at 2620.0; CE/PE timestamp delta 8.00s at 2640.0; Candidate option quote stale 147.22s; Candidate option quote stale 254.22s; Candidate option quote stale 156.22s; Candidate option quote stale 66.22s; Candidate option quote stale 237.22s; Candidate option quote stale 245.22s
[11:28:19]   DATA HEALTH ALERT AXISBANK: CE/PE timestamp delta 50.00s at 1220.0; CE/PE timestamp delta 126.00s at 1260.0; Candidate option quote stale 45.23s; Candidate option quote stale 46.23s; Candidate option quote stale 33.23s; Candidate option quote stale 83.23s; Candidate option quote stale 107.23s; Candidate option quote stale 233.24s
[11:28:19]   DATA HEALTH ALERT BAJAJ-AUTO: CE/PE timestamp delta 47.00s at 11700.0; CE/PE timestamp delta 47.00s at 11800.0; CE/PE timestamp delta 1235.00s at 11900.0; Candidate option quote stale 20.25s; Candidate option quote stale 67.25s; Candidate option quote stale 97.25s; Candidate option quote stale 50.25s; Candidate option quote stale 41.25s; Candidate option quote stale 1276.25s
[11:28:19]   DATA HEALTH ALERT BAJFINANCE: CE/PE timestamp delta 271.00s at 1070.0; CE/PE timestamp delta 4.00s at 1080.0; CE/PE timestamp delta 147.00s at 1090.0; Candidate option quote stale 23.26s; Candidate option quote stale 19.26s; Candidate option quote stale 289.26s; Candidate option quote stale 18.26s; Candidate option quote stale 19.26s; Candidate option quote stale 166.26s
[11:28:19]   DATA HEALTH ALERT BAJAJFINSV: CE/PE timestamp delta 1282.00s at 1960.0; CE/PE timestamp delta 563.00s at 1980.0; CE/PE timestamp delta 61.00s at 2000.0; Candidate option quote stale 653.27s; Candidate option quote stale 90.27s; Candidate option quote stale 1346.27s; Candidate option quote stale 64.27s; Candidate option quote stale 193.27s; Candidate option quote stale 132.27s
[11:28:19]   DATA HEALTH ALERT BEL: CE/PE timestamp delta 149.00s at 405.0; CE/PE timestamp delta 84.00s at 410.0; CE/PE timestamp delta 343.00s at 415.0; Candidate option quote stale 59.27s; Candidate option quote stale 143.28s; Candidate option quote stale 25.28s; Candidate option quote stale 174.28s; Candidate option quote stale 33.28s; Candidate option quote stale 376.28s
[11:28:19]   DATA HEALTH ALERT BHARTIARTL: CE/PE timestamp delta 86.00s at 1920.0; Candidate option quote stale 12.29s; Candidate option quote stale 10.29s; Candidate option quote stale 12.29s; Candidate option quote stale 98.29s; Candidate option quote stale 26.29s; Candidate option quote stale 25.29s
[11:28:19]   DATA HEALTH ALERT CIPLA: CE/PE timestamp delta 14.00s at 1410.0; CE/PE timestamp delta 56.00s at 1420.0; CE/PE timestamp delta 279.00s at 1430.0; Candidate option quote stale 10.30s; Candidate option quote stale 66.30s; Candidate option quote stale 53.30s; Candidate option quote stale 39.30s; Candidate option quote stale 41.30s; Candidate option quote stale 320.30s
[11:28:39]   COALINDIA NSE:COALINDIA26AUG410CE depth unavailable: ValueError: Fyers depth best quote invalid
[11:29:18]   COALINDIA NSE:COALINDIA26AUG410CE depth unavailable: ValueError: Fyers depth best quote invalid
[11:29:37]   DATA HEALTH ALERT COALINDIA: CE/PE timestamp delta 52.14s at 410.0; Candidate option quote stale 72.38s; Candidate option quote stale 72.38s; Candidate option quote stale 70.38s; Candidate option quote stale 70.38s; Candidate option quote invalid; Candidate option quote stale 72.38s
[11:29:37]   DATA HEALTH ALERT DRREDDY: CE/PE timestamp delta 481.00s at 1190.0; CE/PE timestamp delta 99.00s at 1200.0; Candidate option quote stale 36.39s; Candidate option quote stale 517.39s; Candidate option quote stale 60.39s; Candidate option quote stale 60.39s; Candidate option quote stale 36.39s; Candidate option quote stale 135.39s
[11:29:37]   DATA HEALTH ALERT EICHERMOT: CE/PE timestamp delta 493.00s at 7900.0; CE/PE timestamp delta 14.00s at 8000.0; CE/PE timestamp delta 559.00s at 8100.0; Candidate option quote stale 69.39s; Candidate option quote stale 83.39s; Candidate option quote stale 604.40s; Candidate option quote stale 111.40s; Candidate option quote stale 291.40s; Candidate option quote stale 850.40s
[11:29:37]   DATA HEALTH ALERT ETERNAL: CE/PE timestamp delta 55.00s at 325.0; CE/PE timestamp delta 85.00s at 335.0; Candidate option quote stale 39.40s; Candidate option quote stale 39.40s; Candidate option quote stale 107.40s; Candidate option quote stale 52.40s; Candidate option quote stale 124.40s; Candidate option quote stale 39.41s
[11:29:37]   DATA HEALTH ALERT GRASIM: CE/PE timestamp delta 301.00s at 3220.0; CE/PE timestamp delta 462.00s at 3240.0; CE/PE timestamp delta 72.00s at 3260.0; Candidate option quote stale 566.41s; Candidate option quote stale 104.41s; Candidate option quote stale 367.41s; Candidate option quote stale 66.41s; Candidate option quote stale 57.41s; Candidate option quote stale 129.41s
[11:29:37]   DATA HEALTH ALERT HCLTECH: CE/PE timestamp delta 779.00s at 1290.0; CE/PE timestamp delta 356.00s at 1300.0; Candidate option quote stale 452.41s; Candidate option quote stale 96.42s; Candidate option quote stale 1151.42s; Candidate option quote stale 372.42s; Candidate option quote stale 149.42s; Candidate option quote stale 149.42s
[11:29:37]   DATA HEALTH ALERT HDFCBANK: CE/PE timestamp delta 17.00s at 720.0; CE/PE timestamp delta 19.00s at 730.0; Candidate option quote stale 28.42s; Candidate option quote stale 9.42s; Candidate option quote stale 31.42s; Candidate option quote stale 14.42s; Candidate option quote stale 12.43s; Candidate option quote stale 13.43s
[11:29:37]   DATA HEALTH ALERT HDFCLIFE: CE/PE timestamp delta 150.00s at 545.0; Candidate option quote stale 22.43s; Candidate option quote stale 23.43s; Candidate option quote stale 257.43s; Candidate option quote stale 107.43s; Candidate option quote stale 269.43s; Candidate option quote stale 269.43s
[11:30:55]   DATA HEALTH ALERT HINDALCO: CE/PE timestamp delta 124.00s at 1020.0; CE/PE timestamp delta 3.00s at 1040.0; CE/PE timestamp delta 26.00s at 1060.0; Candidate option quote stale 36.25s; Candidate option quote stale 33.25s; Candidate option quote stale 55.25s; Candidate option quote stale 179.25s; Candidate option quote stale 35.25s; Candidate option quote stale 61.25s
[11:30:55]   DATA HEALTH ALERT HINDUNILVR: CE/PE timestamp delta 85.00s at 2000.0; CE/PE timestamp delta 80.00s at 2020.0; CE/PE timestamp delta 161.00s at 2040.0; Candidate option quote stale 182.26s; Candidate option quote stale 102.26s; Candidate option quote stale 123.26s; Candidate option quote stale 38.26s; Candidate option quote stale 91.26s; Candidate option quote stale 252.26s
[11:30:55]   DATA HEALTH ALERT ICICIBANK: CE/PE timestamp delta 117.00s at 1430.0; Candidate option quote stale 17.26s; Candidate option quote stale 17.26s; Candidate option quote stale 48.27s; Candidate option quote stale 48.27s; Candidate option quote stale 28.27s; Candidate option quote stale 145.27s
[11:30:55]   DATA HEALTH ALERT ITC: CE/PE timestamp delta 303.00s at 265.0; CE/PE timestamp delta 70.00s at 267.5; CE/PE timestamp delta 26.00s at 270.0; Candidate option quote stale 118.27s; Candidate option quote stale 48.27s; Candidate option quote stale 471.27s; Candidate option quote stale 168.27s; Candidate option quote stale 127.27s; Candidate option quote stale 101.27s
[11:30:55]   DATA HEALTH ALERT INFY: CE/PE timestamp delta 419.00s at 1115.0; CE/PE timestamp delta 14.00s at 1120.0; Candidate option quote stale 41.28s; Candidate option quote stale 27.28s; Candidate option quote stale 500.28s; Candidate option quote stale 81.28s; Candidate option quote stale 173.28s
[11:30:55]   DATA HEALTH ALERT INDIGO: CE/PE timestamp delta 117.00s at 5000.0; CE/PE timestamp delta 194.00s at 5200.0; Candidate option quote stale 16.28s; Candidate option quote stale 16.28s; Candidate option quote stale 152.29s; Candidate option quote stale 35.29s; Candidate option quote stale 64.29s; Candidate option quote stale 258.29s
[11:30:55]   DATA HEALTH ALERT JSWSTEEL: CE/PE timestamp delta 110.00s at 1300.0; CE/PE timestamp delta 1715.00s at 1320.0; CE/PE timestamp delta 2200.00s at 1340.0; Candidate option quote stale 30.29s; Candidate option quote stale 1745.29s; Candidate option quote stale 251.29s; Candidate option quote stale 141.29s; Candidate option quote stale 52.30s; Candidate option quote stale 2252.30s
[11:30:55]   DATA HEALTH ALERT JIOFIN: CE/PE timestamp delta 109.00s at 237.5; CE/PE timestamp delta 42.00s at 240.0; CE/PE timestamp delta 193.00s at 242.5; Candidate option quote stale 13.30s; Candidate option quote stale 55.30s; Candidate option quote stale 662.30s; Candidate option quote stale 553.30s; Candidate option quote stale 40.30s; Candidate option quote stale 233.30s
[11:31:14]   KOTAKBANK NSE:KOTAKBANK26AUG395PE depth unavailable: ValueError: Fyers depth best quote invalid
[11:31:28]   NTPC NSE:NTPC26AUG330PE depth unavailable: ValueError: Fyers depth best quote invalid
[11:31:53]   KOTAKBANK NSE:KOTAKBANK26AUG395PE depth unavailable: ValueError: Fyers depth best quote invalid
[11:32:05]   NTPC NSE:NTPC26AUG330PE depth unavailable: ValueError: Fyers depth best quote invalid
[11:32:12]   DATA HEALTH ALERT KOTAKBANK: CE/PE timestamp delta 81.48s at 395.0; CE/PE timestamp delta 9.00s at 400.0; CE/PE timestamp delta 12.00s at 405.0; Candidate option quote stale 27.63s; Candidate option quote stale 36.63s; Candidate option quote stale 101.63s; Candidate option quote invalid; Candidate option quote stale 36.63s; Candidate option quote stale 48.63s
[11:32:12]   DATA HEALTH ALERT LT: CE/PE timestamp delta 219.00s at 4050.0; CE/PE timestamp delta 32.00s at 4100.0; Candidate option quote stale 117.64s; Candidate option quote stale 50.64s; Candidate option quote stale 82.64s; Candidate option quote stale 259.64s; Candidate option quote stale 40.64s
[11:32:12]   DATA HEALTH ALERT M&M: CE/PE timestamp delta 64.00s at 3350.0; CE/PE timestamp delta 12.00s at 3400.0; CE/PE timestamp delta 81.00s at 3450.0; Candidate option quote stale 42.65s; Candidate option quote stale 54.65s; Candidate option quote stale 224.65s; Candidate option quote stale 160.65s; Candidate option quote stale 45.65s; Candidate option quote stale 126.65s
[11:32:12]   DATA HEALTH ALERT MARUTI: CE/PE timestamp delta 149.00s at 13400.0; CE/PE timestamp delta 24.00s at 13500.0; CE/PE timestamp delta 41.00s at 13600.0; Candidate option quote stale 62.65s; Candidate option quote stale 86.66s; Candidate option quote stale 175.66s; Candidate option quote stale 26.66s; Candidate option quote stale 28.66s; Candidate option quote stale 69.66s
[11:32:12]   DATA HEALTH ALERT MAXHEALTH: CE/PE timestamp delta 1097.00s at 980.0; CE/PE timestamp delta 4.00s at 1000.0; Candidate option quote stale 28.66s; Candidate option quote stale 28.67s; Candidate option quote stale 1134.67s; Candidate option quote stale 37.67s; Candidate option quote stale 41.67s; Candidate option quote stale 37.67s
[11:32:12]   DATA HEALTH ALERT NTPC: CE/PE timestamp delta 2291.54s at 330.0; CE/PE timestamp delta 82.00s at 335.0; CE/PE timestamp delta 24.00s at 340.0; Candidate option quote stale 140.67s; Candidate option quote stale 58.67s; Candidate option quote stale 2299.67s; Candidate option quote invalid; Candidate option quote stale 120.68s; Candidate option quote stale 96.68s
[11:32:12]   DATA HEALTH ALERT NESTLEIND: CE/PE timestamp delta 28.00s at 1460.0; CE/PE timestamp delta 286.00s at 1470.0; Candidate option quote stale 81.68s; Candidate option quote stale 367.68s; Candidate option quote stale 70.69s; Candidate option quote stale 42.69s; Candidate option quote stale 113.69s; Candidate option quote stale 113.69s
[11:32:12]   DATA HEALTH ALERT ONGC: CE/PE timestamp delta 2336.00s at 232.5; CE/PE timestamp delta 183.00s at 237.5; Candidate option quote stale 18.69s; Candidate option quote stale 18.69s; Candidate option quote stale 2557.69s; Candidate option quote stale 221.70s; Candidate option quote stale 22.70s; Candidate option quote stale 205.70s
[11:32:36]   SBILIFE NSE:SBILIFE26AUG1740CE depth unavailable: ValueError: Fyers depth source timestamp invalid
[11:32:51]   TATACONSUM NSE:TATACONSUM26AUG1040PE depth unavailable: ValueError: Fyers depth best quote invalid
[11:33:16]   SBILIFE NSE:SBILIFE26AUG1740CE depth unavailable: ValueError: Fyers depth source timestamp invalid
[11:33:30]   TATACONSUM NSE:TATACONSUM26AUG1070CE depth unavailable: ValueError: Fyers depth best quote invalid
[11:33:32]   DATA HEALTH ALERT POWERGRID: CE/PE timestamp delta 39.00s at 270.0; CE/PE timestamp delta 831.00s at 272.5; Candidate option quote stale 37.22s; Candidate option quote stale 76.22s; Candidate option quote stale 119.22s; Candidate option quote stale 119.22s; Candidate option quote stale 114.22s; Candidate option quote stale 945.22s
[11:33:32]   DATA HEALTH ALERT RELIANCE: CE/PE timestamp delta 6.00s at 1300.0; CE/PE timestamp delta 66.00s at 1310.0; Candidate option quote stale 33.22s; Candidate option quote stale 39.23s; Candidate option quote stale 39.23s; Candidate option quote stale 39.23s; Candidate option quote stale 47.23s; Candidate option quote stale 113.23s
[11:33:32]   DATA HEALTH ALERT SBILIFE: CE/PE timestamp delta 178.04s at 1740.0; CE/PE timestamp delta 138.00s at 1760.0; Candidate option quote stale 173.23s; Candidate option quote stale 35.24s; Candidate option quote depth unavailable; Candidate option quote stale 194.24s; Candidate option quote stale 80.24s; Candidate option quote stale 82.24s
[11:33:32]   DATA HEALTH ALERT SHRIRAMFIN: CE/PE timestamp delta 23.00s at 1120.0; CE/PE timestamp delta 111.00s at 1140.0; Candidate option quote stale 56.24s; Candidate option quote stale 79.24s; Candidate option quote stale 76.25s; Candidate option quote stale 76.25s; Candidate option quote stale 82.25s; Candidate option quote stale 193.25s
[11:33:32]   DATA HEALTH ALERT SBIN: CE/PE timestamp delta 21.00s at 1030.0; CE/PE timestamp delta 4.00s at 1050.0; Candidate option quote stale 28.25s; Candidate option quote stale 28.25s; Candidate option quote stale 53.25s; Candidate option quote stale 32.26s; Candidate option quote stale 28.26s; Candidate option quote stale 32.26s
[11:33:32]   DATA HEALTH ALERT SUNPHARMA: CE/PE timestamp delta 19.00s at 1900.0; CE/PE timestamp delta 63.00s at 1920.0; CE/PE timestamp delta 24.00s at 1940.0; Candidate option quote stale 22.26s; Candidate option quote stale 85.26s; Candidate option quote stale 11.26s; Candidate option quote stale 30.26s; Candidate option quote stale 23.26s; Candidate option quote stale 47.27s
[11:33:32]   DATA HEALTH ALERT TCS: CE/PE timestamp delta 13.00s at 2260.0; CE/PE timestamp delta 9.00s at 2300.0; Candidate option quote stale 20.27s; Candidate option quote stale 20.27s; Candidate option quote stale 20.27s; Candidate option quote stale 33.27s; Candidate option quote stale 23.27s; Candidate option quote stale 32.27s
[11:33:32]   DATA HEALTH ALERT TATACONSUM: CE/PE timestamp delta 31.00s at 1050.0; CE/PE timestamp delta 58.00s at 1060.0; CE/PE timestamp delta 423.27s at 1070.0; Candidate option quote stale 22.27s; Candidate option quote stale 80.28s; Candidate option quote stale 103.28s; Candidate option quote stale 134.28s; Candidate option quote invalid; Candidate option quote stale 427.28s
[11:34:51]   DATA HEALTH ALERT TMPV: CE/PE timestamp delta 73.00s at 310.0; CE/PE timestamp delta 5.00s at 320.0; Candidate option quote stale 22.49s; Candidate option quote stale 22.50s; Candidate option quote stale 118.50s; Candidate option quote stale 45.50s; Candidate option quote stale 73.50s; Candidate option quote stale 78.50s
[11:34:51]   DATA HEALTH ALERT TATASTEEL: CE/PE timestamp delta 317.00s at 182.5; CE/PE timestamp delta 304.00s at 185.0; CE/PE timestamp delta 472.00s at 187.5; Candidate option quote stale 38.50s; Candidate option quote stale 342.51s; Candidate option quote stale 342.51s; Candidate option quote stale 25.51s; Candidate option quote stale 69.51s; Candidate option quote stale 541.51s
[11:34:51]   DATA HEALTH ALERT TECHM: CE/PE timestamp delta 163.00s at 1560.0; CE/PE timestamp delta 3365.00s at 1564.0; CE/PE timestamp delta 44.00s at 1580.0; Candidate option quote stale 3574.51s; Candidate option quote stale 209.52s; Candidate option quote stale 357.52s; Candidate option quote stale 194.52s; Candidate option quote stale 46.52s; Candidate option quote stale 90.52s
[11:34:51]   DATA HEALTH ALERT TITAN: CE/PE timestamp delta 433.00s at 5100.0; Candidate option quote stale 49.52s; Candidate option quote stale 49.52s; Candidate option quote stale 49.52s; Candidate option quote stale 49.52s; Candidate option quote stale 116.53s; Candidate option quote stale 549.53s
[11:34:51]   DATA HEALTH ALERT TRENT: CE/PE timestamp delta 312.00s at 2850.0; CE/PE timestamp delta 26.00s at 2900.0; CE/PE timestamp delta 396.00s at 2950.0; Candidate option quote stale 63.53s; Candidate option quote stale 37.53s; Candidate option quote stale 403.53s; Candidate option quote stale 91.53s; Candidate option quote stale 22.53s; Candidate option quote stale 418.54s
[11:34:51]   DATA HEALTH ALERT ULTRACEMCO: CE/PE timestamp delta 130.00s at 11400.0; CE/PE timestamp delta 201.00s at 11460.0; CE/PE timestamp delta 160.00s at 11500.0; Candidate option quote stale 98.54s; Candidate option quote stale 299.54s; Candidate option quote stale 207.54s; Candidate option quote stale 47.54s; Candidate option quote stale 243.54s; Candidate option quote stale 113.54s
[11:34:51]   DATA HEALTH ALERT WIPRO: CE/PE timestamp delta 696.00s at 177.5; CE/PE timestamp delta 19.00s at 180.0; CE/PE timestamp delta 223.00s at 182.5; Candidate option quote stale 69.55s; Candidate option quote stale 50.55s; Candidate option quote stale 929.55s; Candidate option quote stale 233.55s; Candidate option quote stale 79.55s; Candidate option quote stale 302.55s
[11:35:16]   NIFTYNXT50 NSE:NIFTYNXT5026AUG73800PE depth unavailable: ValueError: Fyers depth best quote invalid
[11:35:16]   NIFTYNXT50 NSE:NIFTYNXT5026AUG73900CE depth unavailable: ValueError: Fyers depth source timestamp invalid
[11:35:17]   NIFTYNXT50 NSE:NIFTYNXT5026AUG73900PE depth unavailable: ValueError: Fyers depth best quote invalid
[11:35:54]   NIFTYNXT50 NSE:NIFTYNXT5026AUG73800PE depth unavailable: ValueError: Fyers depth best quote invalid
[11:35:55]   NIFTYNXT50 NSE:NIFTYNXT5026AUG73900CE depth unavailable: ValueError: Fyers depth source timestamp invalid
[11:35:55]   NIFTYNXT50 NSE:NIFTYNXT5026AUG73900PE depth unavailable: ValueError: Fyers depth best quote invalid
[11:36:47]   COALINDIA NSE:COALINDIA26AUG395PE depth unavailable: ValueError: Fyers depth best quote invalid
[11:37:24]   COALINDIA NSE:COALINDIA26AUG395PE depth unavailable: ValueError: Fyers depth best quote invalid
[11:39:24]   KOTAKBANK NSE:KOTAKBANK26AUG395PE depth unavailable: ValueError: Fyers depth best quote invalid
