Traceback (most recent call last):
  File "C:\Users\Mishay\AppData\Local\Programs\Python\Python313\Lib\shutil.py", line 856, in move
    os.rename(src, real_dst)
    ~~~~~~~~~^^^^^^^^^^^^^^^
PermissionError: [WinError 32] The process cannot access the file because it is being used by another process: 'paper_state\\high_risk_dashboard_session\\runner.stderr.log' -> 'paper_state\\high_risk_dashboard_session\\archives\\policy_20260821_143637\\runner.stderr.log'

During handling of the above exception, another exception occurred:

Traceback (most recent call last):
  File "<frozen runpy>", line 198, in _run_module_as_main
  File "<frozen runpy>", line 88, in _run_code
  File "E:\Jatin-Project\DHAN\2_High-Risk\institutional_options\paper_trade.py", line 81, in <module>
    raise SystemExit(main())
                     ~~~~^^
  File "E:\Jatin-Project\DHAN\2_High-Risk\institutional_options\paper_trade.py", line 61, in main
    runner = PaperRunner(cfg, runner_cfg, state_dir=state_dir)
  File "E:\Jatin-Project\DHAN\2_High-Risk\institutional_options\paper_runner.py", line 146, in __init__
    self._prepare_state_directory()
    ~~~~~~~~~~~~~~~~~~~~~~~~~~~~~^^
  File "E:\Jatin-Project\DHAN\2_High-Risk\institutional_options\paper_runner.py", line 378, in _prepare_state_directory
    shutil.move(str(child), str(archive_dir / child.name))
    ~~~~~~~~~~~^^^^^^^^^^^^^^^^^^^^^^^^^^^^^^^^^^^^^^^^^^^
  File "C:\Users\Mishay\AppData\Local\Programs\Python\Python313\Lib\shutil.py", line 877, in move
    os.unlink(src)
    ~~~~~~~~~^^^^^
PermissionError: [WinError 32] The process cannot access the file because it is being used by another process: 'paper_state\\high_risk_dashboard_session\\runner.stderr.log'
