[09:58:10] PAPER-ONLY config overrides active: {'exit_management': {'vol_time_stop_fraction': 0.35, 'stop_exit_slippage_frac': 0.1, 'edge_scaled_target': True, 'edge_scale_min_ratio': 1.1, 'edge_scale_min_r': 1.0, 'edge_scale_max_r': 3.0}, 'risk': {'normal_risk_pct_of_capital': 5.0, 'normal_risk_cap_rupees': 5000, 'a_plus_risk_pct_of_capital': 6.0, 'a_plus_risk_cap_rupees': 6000, 'max_daily_loss_rupees': 8000}, 'instrument_risk_overrides': {'BANKNIFTY': {'normal_risk_cap_rupees': 5000, 'a_plus_risk_cap_rupees': 6000}, 'NIFTY': {'normal_risk_cap_rupees': 5000, 'a_plus_risk_cap_rupees': 6000}, 'FINNIFTY': {'normal_risk_cap_rupees': 5000, 'a_plus_risk_cap_rupees': 6000}, 'MIDCPNIFTY': {'normal_risk_cap_rupees': 5000, 'a_plus_risk_cap_rupees': 6000}}, 'instrument_calibration_status': {'BANKNIFTY': {'direction': 'OBSERVED', 'liquidity': 'OBSERVED', 'expected_move': 'UNVALIDATED'}, 'NIFTY': {'direction': 'OBSERVED', 'liquidity': 'OBSERVED', 'expected_move': 'UNVALIDATED'}, 'FINNIFTY': {'direction': 'OBSERVED', 'liquidity': 'OBSERVED', 'expected_move': 'UNVALIDATED'}, 'MIDCPNIFTY': {'direction': 'OBSERVED', 'liquidity': 'OBSERVED', 'expected_move': 'UNVALIDATED'}}}
[09:58:24]   NIFTY [NSE, TRADE_ELIGIBLE]: 18 expiries, nearest 2026-08-25
[09:58:24]   BANKNIFTY [NSE, TRADE_ELIGIBLE]: 6 expiries, nearest 2026-08-25
[09:58:24]   FINNIFTY [NSE, TRADE_ELIGIBLE]: 3 expiries, nearest 2026-08-25
[09:58:24]   MIDCPNIFTY [NSE, TRADE_ELIGIBLE]: 3 expiries, nearest 2026-08-25
[09:58:24]   SENSEX [BSE, TRADE_ELIGIBLE]: 19 expiries, nearest 2026-08-20
[09:58:24]   BANKEX [BSE, TRADE_ELIGIBLE]: 3 expiries, nearest 2026-08-27
[09:58:24]   FOCIT [BSE, TRADE_ELIGIBLE]: 3 expiries, nearest 2026-08-27
[09:58:24]   NIFTYNXT50 [NSE, TRADE_ELIGIBLE]: 3 expiries, nearest 2026-08-25
[09:58:24]   NIFTYFPI [NSE, TRADE_ELIGIBLE]: 3 expiries, nearest 2026-08-25
[09:58:24]   ADANIENT [NSE, TRADE_ELIGIBLE]: 3 expiries, nearest 2026-08-25
[09:58:24]   ADANIPORTS [NSE, TRADE_ELIGIBLE]: 3 expiries, nearest 2026-08-25
[09:58:24]   APOLLOHOSP [NSE, TRADE_ELIGIBLE]: 3 expiries, nearest 2026-08-25
[09:58:24]   ASIANPAINT [NSE, TRADE_ELIGIBLE]: 3 expiries, nearest 2026-08-25
[09:58:24]   AXISBANK [NSE, TRADE_ELIGIBLE]: 6 expiries, nearest 2026-08-25
[09:58:24]   BAJAJ-AUTO [NSE, TRADE_ELIGIBLE]: 3 expiries, nearest 2026-08-25
[09:58:24]   BAJFINANCE [NSE, TRADE_ELIGIBLE]: 3 expiries, nearest 2026-08-25
[09:58:24]   BAJAJFINSV [NSE, TRADE_ELIGIBLE]: 3 expiries, nearest 2026-08-25
[09:58:24]   BEL [NSE, TRADE_ELIGIBLE]: 3 expiries, nearest 2026-08-25
[09:58:24]   BHARTIARTL [NSE, TRADE_ELIGIBLE]: 3 expiries, nearest 2026-08-25
[09:58:24]   CIPLA [NSE, TRADE_ELIGIBLE]: 3 expiries, nearest 2026-08-25
[09:58:24]   COALINDIA [NSE, TRADE_ELIGIBLE]: 3 expiries, nearest 2026-08-25
[09:58:24]   DRREDDY [NSE, TRADE_ELIGIBLE]: 3 expiries, nearest 2026-08-25
[09:58:24]   EICHERMOT [NSE, TRADE_ELIGIBLE]: 3 expiries, nearest 2026-08-25
[09:58:24]   ETERNAL [NSE, TRADE_ELIGIBLE]: 3 expiries, nearest 2026-08-25
[09:58:24]   GRASIM [NSE, TRADE_ELIGIBLE]: 3 expiries, nearest 2026-08-25
[09:58:24]   HCLTECH [NSE, TRADE_ELIGIBLE]: 3 expiries, nearest 2026-08-25
[09:58:24]   HDFCBANK [NSE, TRADE_ELIGIBLE]: 6 expiries, nearest 2026-08-25
[09:58:24]   HDFCLIFE [NSE, TRADE_ELIGIBLE]: 3 expiries, nearest 2026-08-25
[09:58:24]   HINDALCO [NSE, TRADE_ELIGIBLE]: 3 expiries, nearest 2026-08-25
[09:58:24]   HINDUNILVR [NSE, TRADE_ELIGIBLE]: 3 expiries, nearest 2026-08-25
[09:58:24]   ICICIBANK [NSE, TRADE_ELIGIBLE]: 6 expiries, nearest 2026-08-25
[09:58:24]   ITC [NSE, TRADE_ELIGIBLE]: 6 expiries, nearest 2026-08-25
[09:58:24]   INFY [NSE, TRADE_ELIGIBLE]: 6 expiries, nearest 2026-08-25
[09:58:24]   INDIGO [NSE, TRADE_ELIGIBLE]: 3 expiries, nearest 2026-08-25
[09:58:24]   JSWSTEEL [NSE, TRADE_ELIGIBLE]: 6 expiries, nearest 2026-08-25
[09:58:24]   JIOFIN [NSE, TRADE_ELIGIBLE]: 6 expiries, nearest 2026-08-25
[09:58:24]   KOTAKBANK [NSE, TRADE_ELIGIBLE]: 3 expiries, nearest 2026-08-25
[09:58:24]   LT [NSE, TRADE_ELIGIBLE]: 3 expiries, nearest 2026-08-25
[09:58:24]   M&M [NSE, TRADE_ELIGIBLE]: 3 expiries, nearest 2026-08-25
[09:58:24]   MARUTI [NSE, TRADE_ELIGIBLE]: 3 expiries, nearest 2026-08-25
[09:58:24]   MAXHEALTH [NSE, TRADE_ELIGIBLE]: 3 expiries, nearest 2026-08-25
[09:58:24]   NTPC [NSE, TRADE_ELIGIBLE]: 3 expiries, nearest 2026-08-25
[09:58:24]   NESTLEIND [NSE, TRADE_ELIGIBLE]: 3 expiries, nearest 2026-08-25
[09:58:24]   ONGC [NSE, TRADE_ELIGIBLE]: 3 expiries, nearest 2026-08-25
[09:58:24]   POWERGRID [NSE, TRADE_ELIGIBLE]: 3 expiries, nearest 2026-08-25
[09:58:24]   RELIANCE [NSE, TRADE_ELIGIBLE]: 6 expiries, nearest 2026-08-25
[09:58:24]   SBILIFE [NSE, TRADE_ELIGIBLE]: 3 expiries, nearest 2026-08-25
[09:58:24]   SHRIRAMFIN [NSE, TRADE_ELIGIBLE]: 3 expiries, nearest 2026-08-25
[09:58:24]   SBIN [NSE, TRADE_ELIGIBLE]: 6 expiries, nearest 2026-08-25
[09:58:24]   SUNPHARMA [NSE, TRADE_ELIGIBLE]: 3 expiries, nearest 2026-08-25
[09:58:24]   TCS [NSE, TRADE_ELIGIBLE]: 6 expiries, nearest 2026-08-25
[09:58:24]   TATACONSUM [NSE, TRADE_ELIGIBLE]: 3 expiries, nearest 2026-08-25
[09:58:24]   TMPV [NSE, TRADE_ELIGIBLE]: 3 expiries, nearest 2026-08-25
[09:58:24]   TATASTEEL [NSE, TRADE_ELIGIBLE]: 6 expiries, nearest 2026-08-25
[09:58:24]   TECHM [NSE, TRADE_ELIGIBLE]: 3 expiries, nearest 2026-08-25
[09:58:24]   TITAN [NSE, TRADE_ELIGIBLE]: 6 expiries, nearest 2026-08-25
[09:58:24]   TRENT [NSE, TRADE_ELIGIBLE]: 3 expiries, nearest 2026-08-25
[09:58:24]   ULTRACEMCO [NSE, TRADE_ELIGIBLE]: 3 expiries, nearest 2026-08-25
[09:58:24]   WIPRO [NSE, TRADE_ELIGIBLE]: 3 expiries, nearest 2026-08-25
[09:58:24] Paper selector universe: NIFTY, BANKNIFTY, FINNIFTY, MIDCPNIFTY, SENSEX, BANKEX, FOCIT, NIFTYNXT50, NIFTYFPI, ADANIENT, ADANIPORTS, APOLLOHOSP, ASIANPAINT, AXISBANK, BAJAJ-AUTO, BAJFINANCE, BAJAJFINSV, BEL, BHARTIARTL, CIPLA, COALINDIA, DRREDDY, EICHERMOT, ETERNAL, GRASIM, HCLTECH, HDFCBANK, HDFCLIFE, HINDALCO, HINDUNILVR, ICICIBANK, ITC, INFY, INDIGO, JSWSTEEL, JIOFIN, KOTAKBANK, LT, M&M, MARUTI, MAXHEALTH, NTPC, NESTLEIND, ONGC, POWERGRID, RELIANCE, SBILIFE, SHRIRAMFIN, SBIN, SUNPHARMA, TCS, TATACONSUM, TMPV, TATASTEEL, TECHM, TITAN, TRENT, ULTRACEMCO, WIPRO; monitor-only: -

Dashboard: http://127.0.0.1:8765  (Ctrl+C to stop)
[09:58:24] Loop started.
[09:58:50]   FOCIT BSE:FOCIT26AUG36900PE depth unavailable: ValueError: Fyers depth best quote invalid
[09:58:54]   NIFTYNXT50 NSE:NIFTYNXT5026AUG73900CE depth unavailable: ValueError: Fyers depth best quote invalid
[09:58:54]   NIFTYNXT50 NSE:NIFTYNXT5026AUG73900PE depth unavailable: ValueError: Fyers depth best quote invalid
[09:58:56]   NIFTYNXT50 NSE:NIFTYNXT5026AUG74100CE depth unavailable: ValueError: Fyers depth best quote invalid
[09:58:56]   NIFTYNXT50 NSE:NIFTYNXT5026AUG74100PE depth unavailable: ValueError: Fyers depth best quote invalid
[09:58:57]   NIFTYFPI chain unavailable [OPTIONS_CHAIN_UNAVAILABLE]: OptionChainParseError: Missing data.optionsChain in Fyers payload
[09:59:08] Cycle error; new entries blocked for 30.0s: OptionChainParseError: Missing CE at strike 2960.0
[09:59:36]   NIFTYNXT50 NSE:NIFTYNXT5026AUG73900CE depth unavailable: ValueError: Fyers depth best quote invalid
[09:59:36]   NIFTYNXT50 NSE:NIFTYNXT5026AUG73900PE depth unavailable: ValueError: Fyers depth best quote invalid
[09:59:38]   NIFTYNXT50 NSE:NIFTYNXT5026AUG74100CE depth unavailable: ValueError: Fyers depth best quote invalid
[09:59:38]   NIFTYNXT50 NSE:NIFTYNXT5026AUG74100PE depth unavailable: ValueError: Fyers depth best quote invalid
[09:59:38]   NIFTYFPI chain unavailable [OPTIONS_CHAIN_UNAVAILABLE]: OptionChainParseError: Missing data.optionsChain in Fyers payload
[09:59:48]   DATA HEALTH ALERT NIFTY: Option chain stale 35.05s; Candidate option quote stale 34.09s; Candidate option quote stale 34.09s; Candidate option quote stale 36.09s; Candidate option quote stale 36.09s; Candidate option quote stale 34.09s; Candidate option quote stale 34.09s
[09:59:48]   DATA HEALTH ALERT BANKNIFTY: Option chain stale 35.06s; Candidate option quote stale 31.09s; Candidate option quote stale 30.09s; Candidate option quote stale 32.09s; Candidate option quote stale 31.09s; Candidate option quote stale 30.09s; Candidate option quote stale 30.09s
[09:59:48]   DATA HEALTH ALERT FINNIFTY: Option chain stale 35.06s; Candidate option quote stale 107.10s; Candidate option quote stale 42.10s; Candidate option quote stale 263.10s; Candidate option quote stale 42.10s; Candidate option quote stale 44.10s; Candidate option quote stale 84.10s
[09:59:48]   DATA HEALTH ALERT MIDCPNIFTY: Option chain stale 35.07s; Candidate option quote stale 26.10s; Candidate option quote stale 29.10s; Candidate option quote stale 26.10s; Candidate option quote stale 34.10s; Candidate option quote stale 32.10s; Candidate option quote stale 26.10s
[09:59:48]   DATA HEALTH ALERT SENSEX: Option chain stale 35.07s; Candidate option quote stale 22.11s; Candidate option quote stale 21.11s; Candidate option quote stale 23.11s; Candidate option quote stale 22.11s; Candidate option quote stale 21.11s; Candidate option quote stale 20.11s
[09:59:48]   DATA HEALTH ALERT BANKEX: Option chain stale 35.07s; Candidate option quote stale 547.11s; Candidate option quote stale 670.11s; Candidate option quote stale 507.11s; Candidate option quote stale 35988.11s; Candidate option quote stale 35988.11s; Candidate option quote stale 726.11s
[09:59:48]   DATA HEALTH ALERT FOCIT: Option chain stale 35.08s; Candidate option quote stale 107.11s; Candidate option quote stale 550.11s; Candidate option quote stale 35988.11s; Candidate option quote stale 35988.11s; Candidate option quote stale 35988.12s; Candidate option quote stale 35988.12s
[09:59:48]   DATA HEALTH ALERT NIFTYNXT50: Option chain stale 35.08s; Candidate option quote stale 1571.12s; Candidate option quote stale 1775.12s; Candidate option quote invalid; Candidate option quote invalid; Candidate option quote invalid; Candidate option quote invalid
[09:59:48] Cycle error; new entries blocked for 30.0s: OptionChainParseError: Missing CE at strike 2960.0
[10:01:24]   DATA HEALTH ALERT ASIANPAINT: Option chain stale 38.83s; Candidate option quote stale 54.20s; Candidate option quote stale 54.20s; Candidate option quote stale 159.20s; Candidate option quote stale 58.20s; Candidate option quote stale 58.20s; Candidate option quote stale 58.20s
[10:01:24]   DATA HEALTH ALERT AXISBANK: Option chain stale 38.84s; Candidate option quote stale 55.21s; Candidate option quote stale 55.21s; Candidate option quote stale 60.21s; Candidate option quote stale 55.21s; Candidate option quote stale 55.21s; Candidate option quote stale 55.21s
[10:01:24]   DATA HEALTH ALERT BAJAJ-AUTO: Option chain stale 38.84s; Candidate option quote stale 19.21s; Candidate option quote stale 22.21s; Candidate option quote stale 60.21s; Candidate option quote stale 27.21s; Candidate option quote stale 22.21s; Candidate option quote stale 60.21s
[10:01:24]   DATA HEALTH ALERT BAJFINANCE: Option chain stale 38.84s; Candidate option quote stale 66.21s; Candidate option quote stale 52.21s; Candidate option quote stale 66.21s; Candidate option quote stale 45.21s; Candidate option quote stale 36.21s; Candidate option quote stale 36.21s
[10:01:24]   DATA HEALTH ALERT BAJAJFINSV: Option chain stale 38.85s; Candidate option quote stale 54.22s; Candidate option quote stale 45.22s; Candidate option quote stale 118.22s; Candidate option quote stale 54.22s; Candidate option quote stale 54.22s; Candidate option quote stale 118.22s
[10:01:24]   DATA HEALTH ALERT BEL: Option chain stale 38.85s; Candidate option quote stale 14.22s; Candidate option quote stale 23.22s; Candidate option quote stale 42.22s; Candidate option quote stale 49.22s; Candidate option quote stale 52.22s; Candidate option quote stale 54.22s
[10:01:24]   DATA HEALTH ALERT BHARTIARTL: Option chain stale 38.85s; Candidate option quote stale 31.22s; Candidate option quote stale 88.22s; Candidate option quote stale 62.22s; Candidate option quote stale 8.22s; Candidate option quote stale 16.22s; Candidate option quote stale 63.22s
[10:01:24]   DATA HEALTH ALERT CIPLA: Option chain stale 38.86s; Candidate option quote stale 57.22s; Candidate option quote stale 170.22s; Candidate option quote stale 249.23s; Candidate option quote stale 194.23s; Candidate option quote stale 181.23s; Candidate option quote stale 242.23s
[10:02:59]   DATA HEALTH ALERT COALINDIA: Option chain stale 38.21s; Candidate option quote stale 56.68s; Candidate option quote stale 40.68s; Candidate option quote stale 59.68s; Candidate option quote stale 55.68s; Candidate option quote stale 35.68s; Candidate option quote stale 36.68s
[10:02:59]   DATA HEALTH ALERT DRREDDY: Option chain stale 38.22s; Candidate option quote stale 125.69s; Candidate option quote stale 76.69s; Candidate option quote stale 76.69s; Candidate option quote stale 92.69s; Candidate option quote stale 70.69s; Candidate option quote stale 214.69s
[10:02:59]   DATA HEALTH ALERT EICHERMOT: Option chain stale 38.22s; Candidate option quote stale 19.69s; Candidate option quote stale 20.69s; Candidate option quote stale 19.69s; Candidate option quote stale 29.69s; Candidate option quote stale 18.69s; Candidate option quote stale 24.69s
[10:02:59]   DATA HEALTH ALERT ETERNAL: Option chain stale 38.22s; Candidate option quote stale 22.69s; Candidate option quote stale 44.69s; Candidate option quote stale 43.69s; Candidate option quote stale 77.69s; Candidate option quote stale 62.69s; Candidate option quote stale 73.69s
[10:02:59]   DATA HEALTH ALERT GRASIM: Option chain stale 38.23s; Candidate option quote stale 135.69s; Candidate option quote stale 129.69s; Candidate option quote stale 65.69s; Candidate option quote stale 69.70s; Candidate option quote stale 69.70s; Candidate option quote stale 74.70s
[10:02:59]   DATA HEALTH ALERT HCLTECH: Option chain stale 38.23s; Candidate option quote stale 27.70s; Candidate option quote stale 15.70s; Candidate option quote stale 12.70s; Candidate option quote stale 10.70s; Candidate option quote stale 9.70s; Candidate option quote stale 16.70s
[10:02:59]   DATA HEALTH ALERT HDFCBANK: Option chain stale 38.23s; Candidate option quote warning stale 7.70s; Candidate option quote warning stale 7.70s; Candidate option quote stale 9.70s; Candidate option quote warning stale 7.70s; Candidate option quote warning stale 5.70s; Candidate option quote warning stale 6.70s
[10:02:59]   DATA HEALTH ALERT HDFCLIFE: Option chain stale 38.24s; Candidate option quote stale 30.71s; Candidate option quote stale 13.71s; Candidate option quote stale 33.71s; Candidate option quote stale 25.71s; Candidate option quote stale 13.71s
