[09:49:07] PAPER-ONLY config overrides active: {'exit_management': {'vol_time_stop_fraction': 0.35, 'stop_exit_slippage_frac': 0.1, 'edge_scaled_target': True, 'edge_scale_min_ratio': 1.1, 'edge_scale_min_r': 1.0, 'edge_scale_max_r': 3.0}, 'risk': {'normal_risk_pct_of_capital': 5.0, 'normal_risk_cap_rupees': 5000, 'a_plus_risk_pct_of_capital': 6.0, 'a_plus_risk_cap_rupees': 6000, 'max_daily_loss_rupees': 8000}, 'instrument_risk_overrides': {'BANKNIFTY': {'normal_risk_cap_rupees': 5000, 'a_plus_risk_cap_rupees': 6000}, 'NIFTY': {'normal_risk_cap_rupees': 5000, 'a_plus_risk_cap_rupees': 6000}, 'FINNIFTY': {'normal_risk_cap_rupees': 5000, 'a_plus_risk_cap_rupees': 6000}, 'MIDCPNIFTY': {'normal_risk_cap_rupees': 5000, 'a_plus_risk_cap_rupees': 6000}}, 'instrument_calibration_status': {'BANKNIFTY': {'direction': 'OBSERVED', 'liquidity': 'OBSERVED', 'expected_move': 'UNVALIDATED'}, 'NIFTY': {'direction': 'OBSERVED', 'liquidity': 'OBSERVED', 'expected_move': 'UNVALIDATED'}, 'FINNIFTY': {'direction': 'OBSERVED', 'liquidity': 'OBSERVED', 'expected_move': 'UNVALIDATED'}, 'MIDCPNIFTY': {'direction': 'OBSERVED', 'liquidity': 'OBSERVED', 'expected_move': 'UNVALIDATED'}}}
[09:49:17]   NIFTY [NSE, TRADE_ELIGIBLE]: 18 expiries, nearest 2026-08-25
[09:49:17]   BANKNIFTY [NSE, TRADE_ELIGIBLE]: 6 expiries, nearest 2026-08-25
[09:49:17]   FINNIFTY [NSE, TRADE_ELIGIBLE]: 3 expiries, nearest 2026-08-25
[09:49:17]   MIDCPNIFTY [NSE, TRADE_ELIGIBLE]: 3 expiries, nearest 2026-08-25
[09:49:17]   SENSEX [BSE, TRADE_ELIGIBLE]: 19 expiries, nearest 2026-08-20
[09:49:17]   BANKEX [BSE, TRADE_ELIGIBLE]: 3 expiries, nearest 2026-08-27
[09:49:17]   FOCIT [BSE, TRADE_ELIGIBLE]: 3 expiries, nearest 2026-08-27
[09:49:17]   NIFTYNXT50 [NSE, TRADE_ELIGIBLE]: 3 expiries, nearest 2026-08-25
[09:49:17]   NIFTYFPI [NSE, TRADE_ELIGIBLE]: 3 expiries, nearest 2026-08-25
[09:49:17]   ADANIENT [NSE, TRADE_ELIGIBLE]: 3 expiries, nearest 2026-08-25
[09:49:17]   ADANIPORTS [NSE, TRADE_ELIGIBLE]: 3 expiries, nearest 2026-08-25
[09:49:17]   APOLLOHOSP [NSE, TRADE_ELIGIBLE]: 3 expiries, nearest 2026-08-25
[09:49:17]   ASIANPAINT [NSE, TRADE_ELIGIBLE]: 3 expiries, nearest 2026-08-25
[09:49:17]   AXISBANK [NSE, TRADE_ELIGIBLE]: 6 expiries, nearest 2026-08-25
[09:49:17]   BAJAJ-AUTO [NSE, TRADE_ELIGIBLE]: 3 expiries, nearest 2026-08-25
[09:49:17]   BAJFINANCE [NSE, TRADE_ELIGIBLE]: 3 expiries, nearest 2026-08-25
[09:49:17]   BAJAJFINSV [NSE, TRADE_ELIGIBLE]: 3 expiries, nearest 2026-08-25
[09:49:17]   BEL [NSE, TRADE_ELIGIBLE]: 3 expiries, nearest 2026-08-25
[09:49:17]   BHARTIARTL [NSE, TRADE_ELIGIBLE]: 3 expiries, nearest 2026-08-25
[09:49:17]   CIPLA [NSE, TRADE_ELIGIBLE]: 3 expiries, nearest 2026-08-25
[09:49:17]   COALINDIA [NSE, TRADE_ELIGIBLE]: 3 expiries, nearest 2026-08-25
[09:49:17]   DRREDDY [NSE, TRADE_ELIGIBLE]: 3 expiries, nearest 2026-08-25
[09:49:17]   EICHERMOT [NSE, TRADE_ELIGIBLE]: 3 expiries, nearest 2026-08-25
[09:49:17]   ETERNAL [NSE, TRADE_ELIGIBLE]: 3 expiries, nearest 2026-08-25
[09:49:17]   GRASIM [NSE, TRADE_ELIGIBLE]: 3 expiries, nearest 2026-08-25
[09:49:17]   HCLTECH [NSE, TRADE_ELIGIBLE]: 3 expiries, nearest 2026-08-25
[09:49:17]   HDFCBANK [NSE, TRADE_ELIGIBLE]: 6 expiries, nearest 2026-08-25
[09:49:17]   HDFCLIFE [NSE, TRADE_ELIGIBLE]: 3 expiries, nearest 2026-08-25
[09:49:17]   HINDALCO [NSE, TRADE_ELIGIBLE]: 3 expiries, nearest 2026-08-25
[09:49:17]   HINDUNILVR [NSE, TRADE_ELIGIBLE]: 3 expiries, nearest 2026-08-25
[09:49:17]   ICICIBANK [NSE, TRADE_ELIGIBLE]: 6 expiries, nearest 2026-08-25
[09:49:17]   ITC [NSE, TRADE_ELIGIBLE]: 6 expiries, nearest 2026-08-25
[09:49:17]   INFY [NSE, TRADE_ELIGIBLE]: 6 expiries, nearest 2026-08-25
[09:49:17]   INDIGO [NSE, TRADE_ELIGIBLE]: 3 expiries, nearest 2026-08-25
[09:49:17]   JSWSTEEL [NSE, TRADE_ELIGIBLE]: 6 expiries, nearest 2026-08-25
[09:49:17]   JIOFIN [NSE, TRADE_ELIGIBLE]: 6 expiries, nearest 2026-08-25
[09:49:17]   KOTAKBANK [NSE, TRADE_ELIGIBLE]: 3 expiries, nearest 2026-08-25
[09:49:17]   LT [NSE, TRADE_ELIGIBLE]: 3 expiries, nearest 2026-08-25
[09:49:17]   M&M [NSE, TRADE_ELIGIBLE]: 3 expiries, nearest 2026-08-25
[09:49:17]   MARUTI [NSE, TRADE_ELIGIBLE]: 3 expiries, nearest 2026-08-25
[09:49:17]   MAXHEALTH [NSE, TRADE_ELIGIBLE]: 3 expiries, nearest 2026-08-25
[09:49:17]   NTPC [NSE, TRADE_ELIGIBLE]: 3 expiries, nearest 2026-08-25
[09:49:17]   NESTLEIND [NSE, TRADE_ELIGIBLE]: 3 expiries, nearest 2026-08-25
[09:49:17]   ONGC [NSE, TRADE_ELIGIBLE]: 3 expiries, nearest 2026-08-25
[09:49:17]   POWERGRID [NSE, TRADE_ELIGIBLE]: 3 expiries, nearest 2026-08-25
[09:49:17]   RELIANCE [NSE, TRADE_ELIGIBLE]: 6 expiries, nearest 2026-08-25
[09:49:17]   SBILIFE [NSE, TRADE_ELIGIBLE]: 3 expiries, nearest 2026-08-25
[09:49:17]   SHRIRAMFIN [NSE, TRADE_ELIGIBLE]: 3 expiries, nearest 2026-08-25
[09:49:17]   SBIN [NSE, TRADE_ELIGIBLE]: 6 expiries, nearest 2026-08-25
[09:49:17]   SUNPHARMA [NSE, TRADE_ELIGIBLE]: 3 expiries, nearest 2026-08-25
[09:49:17]   TCS [NSE, TRADE_ELIGIBLE]: 6 expiries, nearest 2026-08-25
[09:49:17]   TATACONSUM [NSE, TRADE_ELIGIBLE]: 3 expiries, nearest 2026-08-25
[09:49:17]   TMPV [NSE, TRADE_ELIGIBLE]: 3 expiries, nearest 2026-08-25
[09:49:17]   TATASTEEL [NSE, TRADE_ELIGIBLE]: 6 expiries, nearest 2026-08-25
[09:49:17]   TECHM [NSE, TRADE_ELIGIBLE]: 3 expiries, nearest 2026-08-25
[09:49:17]   TITAN [NSE, TRADE_ELIGIBLE]: 6 expiries, nearest 2026-08-25
[09:49:17]   TRENT [NSE, TRADE_ELIGIBLE]: 3 expiries, nearest 2026-08-25
[09:49:17]   ULTRACEMCO [NSE, TRADE_ELIGIBLE]: 3 expiries, nearest 2026-08-25
[09:49:17]   WIPRO [NSE, TRADE_ELIGIBLE]: 3 expiries, nearest 2026-08-25
[09:49:17] Paper selector universe: NIFTY, BANKNIFTY, FINNIFTY, MIDCPNIFTY, SENSEX, BANKEX, FOCIT, NIFTYNXT50, NIFTYFPI, ADANIENT, ADANIPORTS, APOLLOHOSP, ASIANPAINT, AXISBANK, BAJAJ-AUTO, BAJFINANCE, BAJAJFINSV, BEL, BHARTIARTL, CIPLA, COALINDIA, DRREDDY, EICHERMOT, ETERNAL, GRASIM, HCLTECH, HDFCBANK, HDFCLIFE, HINDALCO, HINDUNILVR, ICICIBANK, ITC, INFY, INDIGO, JSWSTEEL, JIOFIN, KOTAKBANK, LT, M&M, MARUTI, MAXHEALTH, NTPC, NESTLEIND, ONGC, POWERGRID, RELIANCE, SBILIFE, SHRIRAMFIN, SBIN, SUNPHARMA, TCS, TATACONSUM, TMPV, TATASTEEL, TECHM, TITAN, TRENT, ULTRACEMCO, WIPRO; monitor-only: -

Dashboard: http://127.0.0.1:8765  (Ctrl+C to stop)
[09:49:17] Loop started.
[09:49:48]   NIFTYNXT50 NSE:NIFTYNXT5026AUG73800PE depth unavailable: ValueError: Fyers depth best quote invalid
[09:49:48]   NIFTYNXT50 NSE:NIFTYNXT5026AUG73900CE depth unavailable: ValueError: Fyers depth best quote invalid
[09:49:49]   NIFTYNXT50 NSE:NIFTYNXT5026AUG73900PE depth unavailable: ValueError: Fyers depth best quote invalid
[09:49:51]   NIFTYFPI chain unavailable [OPTIONS_CHAIN_UNAVAILABLE]: OptionChainParseError: Missing data.optionsChain in Fyers payload
[09:50:01] Cycle error; new entries blocked for 30.0s: OptionChainParseError: Missing CE at strike 2960.0
[09:50:30]   NIFTYNXT50 NSE:NIFTYNXT5026AUG73800PE depth unavailable: ValueError: Fyers depth best quote invalid
[09:50:30]   NIFTYNXT50 NSE:NIFTYNXT5026AUG73900CE depth unavailable: ValueError: Fyers depth best quote invalid
[09:50:31]   NIFTYNXT50 NSE:NIFTYNXT5026AUG73900PE depth unavailable: ValueError: Fyers depth best quote invalid
[09:50:32]   NIFTYFPI chain unavailable [OPTIONS_CHAIN_UNAVAILABLE]: OptionChainParseError: Missing data.optionsChain in Fyers payload
[09:50:41]   DATA HEALTH ALERT NIFTY: Option chain stale 34.66s; Candidate option quote stale 33.37s; Candidate option quote stale 34.37s; Candidate option quote stale 35.37s; Candidate option quote stale 35.37s; Candidate option quote stale 33.37s; Candidate option quote stale 32.37s
[09:50:41]   DATA HEALTH ALERT BANKNIFTY: Option chain stale 34.67s; Candidate option quote stale 30.38s; Candidate option quote stale 30.38s; Candidate option quote stale 31.38s; Candidate option quote stale 31.38s; Candidate option quote stale 30.38s; Candidate option quote stale 29.38s
[09:50:41]   DATA HEALTH ALERT FINNIFTY: Option chain stale 34.67s; Candidate option quote stale 31.38s; Candidate option quote stale 34.38s; Candidate option quote stale 280.38s; Candidate option quote stale 57.38s; Candidate option quote stale 126.38s; Candidate option quote stale 42.38s
[09:50:41]   DATA HEALTH ALERT MIDCPNIFTY: Option chain stale 34.67s; Candidate option quote stale 26.38s; Candidate option quote stale 25.38s; Candidate option quote stale 25.38s; Candidate option quote stale 24.38s; Candidate option quote stale 24.38s; Candidate option quote stale 25.38s
[09:50:41]   DATA HEALTH ALERT SENSEX: Option chain stale 34.67s; Candidate option quote stale 21.39s; Candidate option quote stale 20.39s; Candidate option quote stale 22.39s; Candidate option quote stale 21.39s; Candidate option quote stale 20.39s; Candidate option quote stale 19.39s
[09:50:41]   DATA HEALTH ALERT BANKEX: Option chain stale 34.68s; Candidate option quote stale 117.39s; Candidate option quote stale 35441.39s; Candidate option quote stale 35441.39s; Candidate option quote stale 35441.39s; Candidate option quote stale 35441.39s; Candidate option quote stale 123.39s
[09:50:41]   DATA HEALTH ALERT FOCIT: Option chain stale 34.68s; Candidate option quote stale 662.39s; Candidate option quote stale 811.39s; Candidate option quote stale 35441.39s; Candidate option quote stale 35441.39s; Candidate option quote stale 35441.39s; Candidate option quote stale 35441.39s
[09:50:41]   DATA HEALTH ALERT NIFTYNXT50: Option chain stale 34.68s; Candidate option quote invalid; Candidate option quote invalid; Candidate option quote stale 1626912.39s; Candidate option quote invalid; Candidate option quote stale 1024.39s; Candidate option quote stale 1228.39s
[09:50:41] Cycle error; new entries blocked for 30.0s: OptionChainParseError: Missing CE at strike 2960.0
[09:52:16]   DATA HEALTH ALERT ASIANPAINT: Option chain stale 38.28s; Candidate option quote stale 28.75s; Candidate option quote stale 53.75s; Candidate option quote stale 27.75s; Candidate option quote stale 85.75s; Candidate option quote stale 24.75s; Candidate option quote stale 85.75s
[09:52:16]   DATA HEALTH ALERT AXISBANK: Option chain stale 38.28s; Candidate option quote stale 61.75s; Candidate option quote stale 61.75s; Candidate option quote stale 76.75s; Candidate option quote stale 61.75s; Candidate option quote stale 61.75s; Candidate option quote stale 66.75s
[09:52:16]   DATA HEALTH ALERT BAJAJ-AUTO: Option chain stale 38.28s; Candidate option quote stale 28.75s; Candidate option quote stale 19.75s; Candidate option quote stale 28.75s; Candidate option quote stale 28.76s; Candidate option quote stale 28.76s; Candidate option quote stale 24.76s
[09:52:16]   DATA HEALTH ALERT BAJFINANCE: Option chain stale 38.29s; Candidate option quote stale 35.76s; Candidate option quote stale 44.76s; Candidate option quote stale 28.76s; Candidate option quote stale 26.76s; Candidate option quote stale 28.76s; Candidate option quote stale 25.76s
[09:52:16]   DATA HEALTH ALERT BAJAJFINSV: Option chain stale 38.29s; Candidate option quote stale 47.76s; Candidate option quote stale 36.76s; Candidate option quote stale 28.76s; Candidate option quote stale 26.76s; Candidate option quote stale 28.76s; Candidate option quote stale 26.76s
[09:52:16]   DATA HEALTH ALERT BEL: Option chain stale 38.29s; Candidate option quote stale 34.76s; Candidate option quote stale 34.76s; Candidate option quote stale 19.76s; Candidate option quote stale 30.76s; Candidate option quote stale 27.76s; Candidate option quote stale 30.76s
[09:52:16]   DATA HEALTH ALERT BHARTIARTL: Option chain stale 38.29s; Candidate option quote warning stale 7.77s; Candidate option quote stale 25.77s; Candidate option quote stale 35.77s; Candidate option quote stale 35.77s; Candidate option quote stale 35.77s; Candidate option quote stale 15.77s
[09:52:16]   DATA HEALTH ALERT CIPLA: Option chain stale 38.30s; Candidate option quote warning stale 7.77s; Candidate option quote warning stale 7.77s; Candidate option quote warning stale 5.77s; Candidate option quote warning stale 5.77s
[09:53:52]   DATA HEALTH ALERT COALINDIA: Option chain stale 38.76s; Candidate option quote stale 42.50s; Candidate option quote stale 42.50s; Candidate option quote stale 114.50s; Candidate option quote stale 108.50s; Candidate option quote stale 55.50s; Candidate option quote stale 55.50s
[09:53:52]   DATA HEALTH ALERT DRREDDY: Option chain stale 38.77s; Candidate option quote stale 49.51s; Candidate option quote stale 57.51s; Candidate option quote stale 57.51s; Candidate option quote stale 57.51s; Candidate option quote stale 57.51s; Candidate option quote stale 117.51s
[09:53:52]   DATA HEALTH ALERT EICHERMOT: Option chain stale 38.77s; Candidate option quote stale 25.51s; Candidate option quote stale 31.51s; Candidate option quote stale 31.52s; Candidate option quote stale 60.52s; Candidate option quote stale 44.52s; Candidate option quote stale 16.52s
[09:53:52]   DATA HEALTH ALERT ETERNAL: Option chain stale 38.78s; Candidate option quote stale 47.52s; Candidate option quote stale 53.52s; Candidate option quote stale 78.52s; Candidate option quote stale 69.52s; Candidate option quote stale 48.52s; Candidate option quote stale 63.52s
[09:53:52]   DATA HEALTH ALERT GRASIM: Option chain stale 38.78s; Candidate option quote stale 76.52s; Candidate option quote stale 84.52s; Candidate option quote stale 124.52s; Candidate option quote stale 82.52s; Candidate option quote stale 18.52s; Candidate option quote stale 72.52s
[09:53:52]   DATA HEALTH ALERT HCLTECH: Option chain stale 38.78s; Candidate option quote stale 26.52s; Candidate option quote stale 19.52s; Candidate option quote stale 28.52s; Candidate option quote stale 28.52s; Candidate option quote stale 25.52s; Candidate option quote stale 30.53s
[09:53:52]   DATA HEALTH ALERT HDFCBANK: Option chain stale 38.79s; Candidate option quote warning stale 5.53s; Candidate option quote warning stale 6.53s; Candidate option quote stale 12.53s; Candidate option quote stale 12.53s; Candidate option quote warning stale 5.53s; Candidate option quote stale 9.53s
[09:53:52]   DATA HEALTH ALERT HDFCLIFE: Option chain stale 38.79s; Candidate option quote stale 105.53s; Candidate option quote stale 69.53s; Candidate option quote stale 159.53s; Candidate option quote stale 105.53s; Candidate option quote stale 29.53s; Candidate option quote stale 120.53s
[09:55:27] Cycle error; new entries blocked for 30.0s: OptionChainParseError: Missing CE at strike 1135.0
