[10:24:29] PAPER-ONLY config overrides active: {'exit_management': {'vol_time_stop_fraction': 0.35, 'stop_exit_slippage_frac': 0.1, 'edge_scaled_target': True, 'edge_scale_min_ratio': 1.1, 'edge_scale_min_r': 1.0, 'edge_scale_max_r': 3.0}, 'risk': {'normal_risk_pct_of_capital': 5.0, 'normal_risk_cap_rupees': 5000, 'a_plus_risk_pct_of_capital': 6.0, 'a_plus_risk_cap_rupees': 6000, 'max_daily_loss_rupees': 8000}, 'instrument_risk_overrides': {'BANKNIFTY': {'normal_risk_cap_rupees': 5000, 'a_plus_risk_cap_rupees': 6000}, 'NIFTY': {'normal_risk_cap_rupees': 5000, 'a_plus_risk_cap_rupees': 6000}, 'FINNIFTY': {'normal_risk_cap_rupees': 5000, 'a_plus_risk_cap_rupees': 6000}, 'MIDCPNIFTY': {'normal_risk_cap_rupees': 5000, 'a_plus_risk_cap_rupees': 6000}}, 'instrument_calibration_status': {'BANKNIFTY': {'direction': 'OBSERVED', 'liquidity': 'OBSERVED', 'expected_move': 'UNVALIDATED'}, 'NIFTY': {'direction': 'OBSERVED', 'liquidity': 'OBSERVED', 'expected_move': 'UNVALIDATED'}, 'FINNIFTY': {'direction': 'OBSERVED', 'liquidity': 'OBSERVED', 'expected_move': 'UNVALIDATED'}, 'MIDCPNIFTY': {'direction': 'OBSERVED', 'liquidity': 'OBSERVED', 'expected_move': 'UNVALIDATED'}}}
[10:24:42]   NIFTY [NSE, TRADE_ELIGIBLE]: 18 expiries, nearest 2026-08-25
[10:24:42]   BANKNIFTY [NSE, TRADE_ELIGIBLE]: 6 expiries, nearest 2026-08-25
[10:24:42]   FINNIFTY [NSE, TRADE_ELIGIBLE]: 3 expiries, nearest 2026-08-25
[10:24:42]   MIDCPNIFTY [NSE, TRADE_ELIGIBLE]: 3 expiries, nearest 2026-08-25
[10:24:42]   SENSEX [BSE, TRADE_ELIGIBLE]: 19 expiries, nearest 2026-08-20
[10:24:42]   BANKEX [BSE, TRADE_ELIGIBLE]: 3 expiries, nearest 2026-08-27
[10:24:42]   FOCIT [BSE, TRADE_ELIGIBLE]: 3 expiries, nearest 2026-08-27
[10:24:42]   NIFTYNXT50 [NSE, TRADE_ELIGIBLE]: 3 expiries, nearest 2026-08-25
[10:24:42]   NIFTYFPI [NSE, TRADE_ELIGIBLE]: 3 expiries, nearest 2026-08-25
[10:24:42]   ADANIENT [NSE, TRADE_ELIGIBLE]: 3 expiries, nearest 2026-08-25
[10:24:42]   ADANIPORTS [NSE, TRADE_ELIGIBLE]: 3 expiries, nearest 2026-08-25
[10:24:42]   APOLLOHOSP [NSE, TRADE_ELIGIBLE]: 3 expiries, nearest 2026-08-25
[10:24:42]   ASIANPAINT [NSE, TRADE_ELIGIBLE]: 3 expiries, nearest 2026-08-25
[10:24:42]   AXISBANK [NSE, TRADE_ELIGIBLE]: 6 expiries, nearest 2026-08-25
[10:24:42]   BAJAJ-AUTO [NSE, TRADE_ELIGIBLE]: 3 expiries, nearest 2026-08-25
[10:24:42]   BAJFINANCE [NSE, TRADE_ELIGIBLE]: 3 expiries, nearest 2026-08-25
[10:24:42]   BAJAJFINSV [NSE, TRADE_ELIGIBLE]: 3 expiries, nearest 2026-08-25
[10:24:42]   BEL [NSE, TRADE_ELIGIBLE]: 3 expiries, nearest 2026-08-25
[10:24:42]   BHARTIARTL [NSE, TRADE_ELIGIBLE]: 3 expiries, nearest 2026-08-25
[10:24:42]   CIPLA [NSE, TRADE_ELIGIBLE]: 3 expiries, nearest 2026-08-25
[10:24:42]   COALINDIA [NSE, TRADE_ELIGIBLE]: 3 expiries, nearest 2026-08-25
[10:24:42]   DRREDDY [NSE, TRADE_ELIGIBLE]: 3 expiries, nearest 2026-08-25
[10:24:42]   EICHERMOT [NSE, TRADE_ELIGIBLE]: 3 expiries, nearest 2026-08-25
[10:24:42]   ETERNAL [NSE, TRADE_ELIGIBLE]: 3 expiries, nearest 2026-08-25
[10:24:42]   GRASIM [NSE, TRADE_ELIGIBLE]: 3 expiries, nearest 2026-08-25
[10:24:42]   HCLTECH [NSE, TRADE_ELIGIBLE]: 3 expiries, nearest 2026-08-25
[10:24:42]   HDFCBANK [NSE, TRADE_ELIGIBLE]: 6 expiries, nearest 2026-08-25
[10:24:42]   HDFCLIFE [NSE, TRADE_ELIGIBLE]: 3 expiries, nearest 2026-08-25
[10:24:42]   HINDALCO [NSE, TRADE_ELIGIBLE]: 3 expiries, nearest 2026-08-25
[10:24:42]   HINDUNILVR [NSE, TRADE_ELIGIBLE]: 3 expiries, nearest 2026-08-25
[10:24:42]   ICICIBANK [NSE, TRADE_ELIGIBLE]: 6 expiries, nearest 2026-08-25
[10:24:42]   ITC [NSE, TRADE_ELIGIBLE]: 6 expiries, nearest 2026-08-25
[10:24:42]   INFY [NSE, TRADE_ELIGIBLE]: 6 expiries, nearest 2026-08-25
[10:24:42]   INDIGO [NSE, TRADE_ELIGIBLE]: 3 expiries, nearest 2026-08-25
[10:24:42]   JSWSTEEL [NSE, TRADE_ELIGIBLE]: 6 expiries, nearest 2026-08-25
[10:24:42]   JIOFIN [NSE, TRADE_ELIGIBLE]: 6 expiries, nearest 2026-08-25
[10:24:42]   KOTAKBANK [NSE, TRADE_ELIGIBLE]: 3 expiries, nearest 2026-08-25
[10:24:42]   LT [NSE, TRADE_ELIGIBLE]: 3 expiries, nearest 2026-08-25
[10:24:42]   M&M [NSE, TRADE_ELIGIBLE]: 3 expiries, nearest 2026-08-25
[10:24:42]   MARUTI [NSE, TRADE_ELIGIBLE]: 3 expiries, nearest 2026-08-25
[10:24:42]   MAXHEALTH [NSE, TRADE_ELIGIBLE]: 3 expiries, nearest 2026-08-25
[10:24:42]   NTPC [NSE, TRADE_ELIGIBLE]: 3 expiries, nearest 2026-08-25
[10:24:42]   NESTLEIND [NSE, TRADE_ELIGIBLE]: 3 expiries, nearest 2026-08-25
[10:24:42]   ONGC [NSE, TRADE_ELIGIBLE]: 3 expiries, nearest 2026-08-25
[10:24:42]   POWERGRID [NSE, TRADE_ELIGIBLE]: 3 expiries, nearest 2026-08-25
[10:24:42]   RELIANCE [NSE, TRADE_ELIGIBLE]: 6 expiries, nearest 2026-08-25
[10:24:42]   SBILIFE [NSE, TRADE_ELIGIBLE]: 3 expiries, nearest 2026-08-25
[10:24:42]   SHRIRAMFIN [NSE, TRADE_ELIGIBLE]: 3 expiries, nearest 2026-08-25
[10:24:42]   SBIN [NSE, TRADE_ELIGIBLE]: 6 expiries, nearest 2026-08-25
[10:24:42]   SUNPHARMA [NSE, TRADE_ELIGIBLE]: 3 expiries, nearest 2026-08-25
[10:24:42]   TCS [NSE, TRADE_ELIGIBLE]: 6 expiries, nearest 2026-08-25
[10:24:42]   TATACONSUM [NSE, TRADE_ELIGIBLE]: 3 expiries, nearest 2026-08-25
[10:24:42]   TMPV [NSE, TRADE_ELIGIBLE]: 3 expiries, nearest 2026-08-25
[10:24:42]   TATASTEEL [NSE, TRADE_ELIGIBLE]: 6 expiries, nearest 2026-08-25
[10:24:42]   TECHM [NSE, TRADE_ELIGIBLE]: 3 expiries, nearest 2026-08-25
[10:24:42]   TITAN [NSE, TRADE_ELIGIBLE]: 6 expiries, nearest 2026-08-25
[10:24:42]   TRENT [NSE, TRADE_ELIGIBLE]: 3 expiries, nearest 2026-08-25
[10:24:42]   ULTRACEMCO [NSE, TRADE_ELIGIBLE]: 3 expiries, nearest 2026-08-25
[10:24:42]   WIPRO [NSE, TRADE_ELIGIBLE]: 3 expiries, nearest 2026-08-25
[10:24:42] Paper selector universe: NIFTY, BANKNIFTY, FINNIFTY, MIDCPNIFTY, SENSEX, BANKEX, FOCIT, NIFTYNXT50, NIFTYFPI, ADANIENT, ADANIPORTS, APOLLOHOSP, ASIANPAINT, AXISBANK, BAJAJ-AUTO, BAJFINANCE, BAJAJFINSV, BEL, BHARTIARTL, CIPLA, COALINDIA, DRREDDY, EICHERMOT, ETERNAL, GRASIM, HCLTECH, HDFCBANK, HDFCLIFE, HINDALCO, HINDUNILVR, ICICIBANK, ITC, INFY, INDIGO, JSWSTEEL, JIOFIN, KOTAKBANK, LT, M&M, MARUTI, MAXHEALTH, NTPC, NESTLEIND, ONGC, POWERGRID, RELIANCE, SBILIFE, SHRIRAMFIN, SBIN, SUNPHARMA, TCS, TATACONSUM, TMPV, TATASTEEL, TECHM, TITAN, TRENT, ULTRACEMCO, WIPRO; monitor-only: -

Dashboard: http://127.0.0.1:8765  (Ctrl+C to stop)
[10:24:42] Loop started.
[10:25:18]   NIFTYNXT50 NSE:NIFTYNXT5026AUG74100CE depth unavailable: ValueError: Fyers depth source timestamp invalid
[10:25:19]   NIFTYNXT50 NSE:NIFTYNXT5026AUG74100PE depth unavailable: ValueError: Fyers depth source timestamp invalid
[10:25:19]   NIFTYNXT50 NSE:NIFTYNXT5026AUG74200CE depth unavailable: ValueError: Fyers depth source timestamp invalid
[10:25:20]   NIFTYNXT50 NSE:NIFTYNXT5026AUG74200PE depth unavailable: ValueError: Fyers depth source timestamp invalid
[10:25:21]   NIFTYFPI chain unavailable [OPTIONS_CHAIN_UNAVAILABLE]: OptionChainParseError: Missing data.optionsChain in Fyers payload
[10:25:31] Cycle error; new entries blocked for 30.0s: OptionChainParseError: Missing CE at strike 2960.0
[10:26:04]   NIFTYNXT50 NSE:NIFTYNXT5026AUG74100CE depth unavailable: ValueError: Fyers depth source timestamp invalid
[10:26:04]   NIFTYNXT50 NSE:NIFTYNXT5026AUG74100PE depth unavailable: ValueError: Fyers depth source timestamp invalid
[10:26:05]   NIFTYNXT50 NSE:NIFTYNXT5026AUG74200CE depth unavailable: ValueError: Fyers depth source timestamp invalid
[10:26:05]   NIFTYNXT50 NSE:NIFTYNXT5026AUG74200PE depth unavailable: ValueError: Fyers depth source timestamp invalid
[10:26:06]   NIFTYFPI chain unavailable [OPTIONS_CHAIN_UNAVAILABLE]: OptionChainParseError: Missing data.optionsChain in Fyers payload
[10:26:15]   DATA HEALTH ALERT NIFTY: Option chain stale 39.08s; Candidate option quote stale 37.86s; Candidate option quote stale 37.86s; Candidate option quote stale 40.86s; Candidate option quote stale 38.86s; Candidate option quote stale 37.86s; Candidate option quote stale 37.86s
[10:26:15]   DATA HEALTH ALERT BANKNIFTY: Option chain stale 39.09s; Candidate option quote stale 35.87s; Candidate option quote stale 34.87s; Candidate option quote stale 37.87s; Candidate option quote stale 35.87s; Candidate option quote stale 35.87s; Candidate option quote stale 35.87s
[10:26:15]   DATA HEALTH ALERT FINNIFTY: Option chain stale 39.09s; Candidate option quote stale 41.87s; Candidate option quote stale 37.87s; Candidate option quote stale 68.87s; Candidate option quote stale 62.87s; Candidate option quote stale 30.87s; Candidate option quote stale 172.87s
[10:26:15]   DATA HEALTH ALERT MIDCPNIFTY: Option chain stale 39.10s; Candidate option quote stale 38.87s; Candidate option quote stale 33.88s; Candidate option quote stale 42.88s; Candidate option quote stale 58.88s; Candidate option quote stale 240.88s; Candidate option quote stale 86.88s
[10:26:15]   DATA HEALTH ALERT SENSEX: Option chain stale 39.10s; Candidate option quote stale 24.88s; Candidate option quote stale 23.88s; Candidate option quote stale 25.88s; Candidate option quote stale 24.88s; Candidate option quote stale 22.88s; Candidate option quote stale 22.88s
[10:26:15]   DATA HEALTH ALERT BANKEX: Option chain stale 39.10s; Candidate option quote stale 3404.88s; Candidate option quote stale 37575.88s; Candidate option quote stale 781.88s; Candidate option quote stale 378.88s; Candidate option quote stale 40.88s; Candidate option quote stale 40.88s
[10:26:15]   DATA HEALTH ALERT FOCIT: Option chain stale 39.11s; Candidate option quote stale 243.88s; Candidate option quote stale 331.89s; Candidate option quote stale 37575.89s; Candidate option quote stale 37575.89s; Candidate option quote stale 37575.89s; Candidate option quote stale 924.89s
[10:26:15]   DATA HEALTH ALERT NIFTYNXT50: Option chain stale 39.11s; Candidate option quote depth unavailable; Candidate option quote depth unavailable; Candidate option quote stale 71412.89s; Candidate option quote stale 74712.89s; Candidate option quote depth unavailable; Candidate option quote depth unavailable
[10:26:15] Cycle error; new entries blocked for 30.0s: OptionChainParseError: Missing CE at strike 2960.0
[10:27:55]   DATA HEALTH ALERT ASIANPAINT: Option chain stale 41.25s; Candidate option quote stale 61.73s; Candidate option quote stale 52.73s; Candidate option quote stale 59.73s; Candidate option quote stale 56.73s; Candidate option quote stale 52.73s; Candidate option quote stale 61.73s
[10:27:55]   DATA HEALTH ALERT AXISBANK: Option chain stale 41.26s; Candidate option quote stale 53.74s; Candidate option quote stale 65.74s; Candidate option quote stale 24.74s; Candidate option quote stale 47.74s; Candidate option quote stale 47.74s; Candidate option quote stale 127.74s
[10:27:55]   DATA HEALTH ALERT BAJAJ-AUTO: Option chain stale 41.26s; Candidate option quote stale 24.74s; Candidate option quote stale 60.74s; Candidate option quote stale 53.74s; Candidate option quote stale 30.74s; Candidate option quote stale 42.74s; Candidate option quote stale 74.74s
[10:27:55]   DATA HEALTH ALERT BAJFINANCE: Option chain stale 41.26s; Candidate option quote stale 37.74s; Candidate option quote stale 37.74s; Candidate option quote stale 70.74s; Candidate option quote stale 34.74s; Candidate option quote stale 34.74s; Candidate option quote stale 34.74s
[10:27:55]   DATA HEALTH ALERT BAJAJFINSV: Option chain stale 41.27s; Candidate option quote stale 78.74s; Candidate option quote stale 247.74s; Candidate option quote stale 106.74s; Candidate option quote stale 47.75s; Candidate option quote stale 48.75s; Candidate option quote stale 62.75s
[10:27:55]   DATA HEALTH ALERT BEL: Option chain stale 41.27s; Candidate option quote stale 32.75s; Candidate option quote stale 34.75s; Candidate option quote stale 34.75s; Candidate option quote stale 23.75s; Candidate option quote stale 32.75s; Candidate option quote stale 34.75s
[10:27:55]   DATA HEALTH ALERT BHARTIARTL: Option chain stale 41.28s; Candidate option quote stale 28.75s; Candidate option quote stale 29.75s; Candidate option quote stale 126.75s; Candidate option quote stale 54.75s; Candidate option quote stale 35.75s; Candidate option quote stale 98.75s
[10:27:55]   DATA HEALTH ALERT CIPLA: Option chain stale 41.28s; Candidate option quote stale 87.76s; Candidate option quote stale 10.76s; Candidate option quote stale 9.76s; Candidate option quote stale 87.76s; Candidate option quote stale 10.76s; Candidate option quote stale 40.76s
[10:29:37]   DATA HEALTH ALERT COALINDIA: Option chain stale 42.75s; Candidate option quote stale 39.25s; Candidate option quote stale 39.25s; Candidate option quote stale 52.26s; Candidate option quote stale 36.26s; Candidate option quote stale 44.26s; Candidate option quote stale 85.26s
[10:29:37]   DATA HEALTH ALERT DRREDDY: Option chain stale 42.76s; Candidate option quote stale 40.26s; Candidate option quote stale 67.26s; Candidate option quote stale 91.26s; Candidate option quote stale 58.26s; Candidate option quote stale 40.26s; Candidate option quote stale 240.26s
[10:29:37]   DATA HEALTH ALERT EICHERMOT: Option chain stale 42.76s; Candidate option quote stale 24.26s; Candidate option quote stale 29.26s; Candidate option quote stale 88.26s; Candidate option quote stale 33.27s; Candidate option quote stale 47.27s; Candidate option quote stale 165.27s
[10:29:37]   DATA HEALTH ALERT ETERNAL: Option chain stale 42.77s; Candidate option quote stale 45.27s; Candidate option quote stale 45.27s; Candidate option quote stale 39.27s; Candidate option quote stale 51.27s; Candidate option quote stale 30.27s; Candidate option quote stale 35.27s
[10:29:37]   DATA HEALTH ALERT GRASIM: Option chain stale 42.77s; Candidate option quote stale 103.27s; Candidate option quote stale 95.27s; Candidate option quote stale 44.27s; Candidate option quote stale 46.27s; Candidate option quote stale 43.27s; Candidate option quote stale 19.27s
[10:29:37]   DATA HEALTH ALERT HCLTECH: Option chain stale 42.77s; Candidate option quote stale 31.28s; Candidate option quote stale 122.28s; Candidate option quote stale 31.28s; Candidate option quote stale 29.28s; Candidate option quote stale 38.28s; Candidate option quote stale 147.28s
[10:29:37]   DATA HEALTH ALERT HDFCBANK: Option chain stale 42.77s; Candidate option quote stale 8.28s; Candidate option quote stale 8.28s; Candidate option quote stale 39.28s; Candidate option quote stale 35.28s; Candidate option quote stale 36.28s; Candidate option quote stale 62.28s
[10:29:37]   DATA HEALTH ALERT HDFCLIFE: Option chain stale 42.78s; Candidate option quote stale 42.28s; Candidate option quote stale 81.28s; Candidate option quote stale 46.28s; Candidate option quote stale 68.28s; Candidate option quote stale 40.28s; Candidate option quote stale 91.28s
[10:30:55] Cycle error; new entries blocked for 30.0s: OptionChainParseError: Missing CE at strike 1135.0
[10:31:49] Cycle error; new entries blocked for 30.0s: OptionChainParseError: Missing CE at strike 4080.0
[10:32:37]   DATA HEALTH ALERT KOTAKBANK: Option chain stale 42.92s; Candidate option quote stale 59.36s; Candidate option quote stale 64.36s; Candidate option quote stale 73.36s; Candidate option quote stale 66.36s; Candidate option quote stale 47.36s; Candidate option quote stale 70.36s
[10:32:37] Cycle error; new entries blocked for 30.0s: OptionChainParseError: Missing CE at strike 4080.0
[10:34:24]   DATA HEALTH ALERT POWERGRID: Option chain stale 43.76s; Candidate option quote stale 140.41s; Candidate option quote stale 149.41s; Candidate option quote stale 143.41s; Candidate option quote stale 240.42s; Candidate option quote stale 113.42s; Candidate option quote stale 69.42s
[10:34:24]   DATA HEALTH ALERT RELIANCE: Option chain stale 43.76s; Candidate option quote stale 46.42s; Candidate option quote stale 49.42s; Candidate option quote stale 64.42s; Candidate option quote stale 46.42s; Candidate option quote stale 52.42s; Candidate option quote stale 65.42s
[10:34:24]   DATA HEALTH ALERT SBILIFE: Option chain stale 43.77s; Candidate option quote stale 55.42s; Candidate option quote stale 53.42s; Candidate option quote stale 151.42s; Candidate option quote stale 118.42s; Candidate option quote stale 78.42s; Candidate option quote stale 42.42s
[10:34:24]   DATA HEALTH ALERT SHRIRAMFIN: Option chain stale 43.77s; Candidate option quote stale 71.43s; Candidate option quote stale 58.43s; Candidate option quote stale 124.43s; Candidate option quote stale 73.43s; Candidate option quote stale 44.43s; Candidate option quote stale 71.43s
[10:34:24]   DATA HEALTH ALERT SBIN: Option chain stale 43.77s; Candidate option quote stale 39.43s; Candidate option quote stale 39.43s; Candidate option quote stale 39.43s; Candidate option quote stale 26.43s; Candidate option quote stale 20.43s; Candidate option quote stale 25.43s
[10:34:24]   DATA HEALTH ALERT SUNPHARMA: Option chain stale 43.77s; Candidate option quote stale 35.43s; Candidate option quote stale 40.43s; Candidate option quote stale 84.43s; Candidate option quote stale 49.43s; Candidate option quote stale 24.43s; Candidate option quote stale 22.43s
[10:34:24]   DATA HEALTH ALERT TCS: Option chain stale 43.78s; Candidate option quote stale 14.43s; Candidate option quote stale 13.44s; Candidate option quote stale 30.44s; Candidate option quote stale 24.44s; Candidate option quote stale 8.44s; Candidate option quote stale 21.44s
[10:34:24]   DATA HEALTH ALERT TATACONSUM: Option chain stale 43.78s; Candidate option quote stale 186.44s; Candidate option quote stale 355.44s; Candidate option quote stale 230.44s; Candidate option quote stale 140.44s; Candidate option quote stale 21.44s; Candidate option quote stale 83.44s
[10:35:23] Cycle error; new entries blocked for 30.0s: OptionChainParseError: Missing PE at strike 2960.0
[10:36:10]   DATA HEALTH ALERT TMPV: Option chain stale 41.78s; Candidate option quote stale 72.05s; Candidate option quote stale 278.05s; Candidate option quote stale 83.05s; Candidate option quote stale 83.05s; Candidate option quote stale 83.05s; Candidate option quote stale 164.05s
[10:36:10]   DATA HEALTH ALERT TATASTEEL: Option chain stale 41.78s; Candidate option quote stale 24.05s; Candidate option quote stale 25.05s; Candidate option quote stale 25.05s; Candidate option quote stale 42.05s; Candidate option quote stale 25.05s; Candidate option quote stale 25.05s
[10:36:10]   DATA HEALTH ALERT TECHM: Option chain stale 41.79s; Candidate option quote stale 85.05s; Candidate option quote stale 652.06s; Candidate option quote stale 31.06s; Candidate option quote stale 31.06s; Candidate option quote stale 44.06s; Candidate option quote stale 107.06s
[10:36:10]   DATA HEALTH ALERT TITAN: Option chain stale 41.79s; Candidate option quote stale 22.06s; Candidate option quote stale 22.06s; Candidate option quote stale 35.06s; Candidate option quote stale 19.06s; Candidate option quote stale 41.06s; Candidate option quote stale 130.06s
[10:36:10] Cycle error; new entries blocked for 30.0s: OptionChainParseError: Missing PE at strike 2960.0
[10:36:41]   NIFTYNXT50 NSE:NIFTYNXT5026AUG74100CE depth unavailable: ValueError: Fyers depth source timestamp invalid
[10:36:42]   NIFTYNXT50 NSE:NIFTYNXT5026AUG74100PE depth unavailable: ValueError: Fyers depth source timestamp invalid
[10:36:43]   NIFTYNXT50 NSE:NIFTYNXT5026AUG74200CE depth unavailable: ValueError: Fyers depth source timestamp invalid
[10:36:45]   NIFTYNXT50 NSE:NIFTYNXT5026AUG74200PE depth unavailable: ValueError: Fyers depth source timestamp invalid
[10:36:49]   NIFTYNXT50 NSE:NIFTYNXT5026AUG74300CE depth unavailable: ValueError: Fyers depth source timestamp invalid
[10:36:52]   NIFTYNXT50 NSE:NIFTYNXT5026AUG74300PE depth unavailable: ValueError: Fyers depth source timestamp invalid
[10:37:15] Cycle error; new entries blocked for 30.0s: OptionChainParseError: Missing CE at strike 2960.0
[10:40:18]   MIDCPNIFTY NSE:MIDCPNIFTY26AUG14975PE depth unavailable: RemoteDisconnected: Remote end closed connection without response
[10:41:28]   DATA HEALTH ALERT HINDALCO: Option chain stale 122.20s; Candidate option quote stale 19.01s; Candidate option quote stale 23.01s; Candidate option quote stale 27.01s; Candidate option quote stale 24.01s; Candidate option quote stale 17.01s; Candidate option quote stale 39.01s
[10:41:28]   DATA HEALTH ALERT HINDUNILVR: Option chain stale 122.21s; Candidate option quote stale 20.01s; Candidate option quote stale 20.01s; Candidate option quote stale 20.02s; Candidate option quote stale 20.02s; Candidate option quote stale 13.02s; Candidate option quote stale 20.02s
[10:43:05]   DATA HEALTH ALERT ICICIBANK: Option chain stale 91.90s; Candidate option quote stale 80.10s; Candidate option quote stale 88.10s; Candidate option quote stale 78.10s; Candidate option quote stale 80.10s; Candidate option quote stale 79.10s; Candidate option quote stale 103.10s
[10:43:05]   DATA HEALTH ALERT ITC: Option chain stale 91.90s; Candidate option quote stale 91.10s; Candidate option quote stale 76.10s; Candidate option quote stale 112.10s; Candidate option quote stale 76.10s; Candidate option quote stale 91.11s; Candidate option quote stale 56.11s
[10:43:05] Cycle error; new entries blocked for 30.0s: OptionChainParseError: Missing CE at strike 1135.0
[10:46:50] Cycle error; new entries blocked for 30.0s: OptionChainParseError: Missing PE at strike 2960.0
[10:47:35] Cycle error; new entries blocked for 30.0s: OptionChainParseError: Missing PE at strike 2960.0
[10:47:57]   NIFTYNXT50 NSE:NIFTYNXT5026AUG74100CE depth unavailable: ValueError: Fyers depth source timestamp invalid
[10:47:57]   NIFTYNXT50 NSE:NIFTYNXT5026AUG74100PE depth unavailable: ValueError: Fyers depth source timestamp invalid
[10:47:58]   NIFTYNXT50 NSE:NIFTYNXT5026AUG74200CE depth unavailable: ValueError: Fyers depth source timestamp invalid
[10:47:58]   NIFTYNXT50 NSE:NIFTYNXT5026AUG74200PE depth unavailable: ValueError: Fyers depth source timestamp invalid
[10:47:59]   NIFTYNXT50 NSE:NIFTYNXT5026AUG74300CE depth unavailable: ValueError: Fyers depth source timestamp invalid
[10:47:59]   NIFTYNXT50 NSE:NIFTYNXT5026AUG74300PE depth unavailable: ValueError: Fyers depth source timestamp invalid
[10:48:27] Cycle error; new entries blocked for 30.0s: OptionChainParseError: Missing CE at strike 2960.0
[10:48:48]   NIFTYNXT50 NSE:NIFTYNXT5026AUG74100CE depth unavailable: ValueError: Fyers depth source timestamp invalid
[10:48:49]   NIFTYNXT50 NSE:NIFTYNXT5026AUG74100PE depth unavailable: ValueError: Fyers depth source timestamp invalid
[10:48:49]   NIFTYNXT50 NSE:NIFTYNXT5026AUG74200CE depth unavailable: ValueError: Fyers depth source timestamp invalid
[10:48:50]   NIFTYNXT50 NSE:NIFTYNXT5026AUG74200PE depth unavailable: ValueError: Fyers depth source timestamp invalid
[10:48:50]   NIFTYNXT50 NSE:NIFTYNXT5026AUG74300CE depth unavailable: ValueError: Fyers depth source timestamp invalid
[10:48:51]   NIFTYNXT50 NSE:NIFTYNXT5026AUG74300PE depth unavailable: ValueError: Fyers depth source timestamp invalid
[10:49:13] Cycle error; new entries blocked for 30.0s: OptionChainParseError: Missing CE at strike 2960.0
[10:53:27] Cycle error; new entries blocked for 30.0s: OptionChainParseError: Missing CE at strike 1135.0
[10:54:14] Cycle error; new entries blocked for 30.0s: OptionChainParseError: Missing CE at strike 1135.0
[10:55:07]   DATA HEALTH ALERT MAXHEALTH: Option chain stale 48.21s; Candidate option quote stale 165.87s; Candidate option quote stale 203.87s; Candidate option quote stale 441.87s; Candidate option quote stale 118.87s; Candidate option quote stale 58.87s; Candidate option quote stale 97.87s
[10:55:07]   DATA HEALTH ALERT NTPC: Option chain stale 48.22s; Candidate option quote stale 82.88s; Candidate option quote stale 223.88s; Candidate option quote stale 112.88s; Candidate option quote stale 145.88s; Candidate option quote stale 58.88s; Candidate option quote stale 172.88s
[10:55:07]   DATA HEALTH ALERT NESTLEIND: Option chain stale 48.22s; Candidate option quote stale 37.88s; Candidate option quote stale 326.88s; Candidate option quote stale 93.88s; Candidate option quote stale 42.88s; Candidate option quote stale 57.88s; Candidate option quote stale 92.88s
[10:55:07]   DATA HEALTH ALERT ONGC: Option chain stale 48.23s; Candidate option quote stale 32.88s; Candidate option quote stale 112.89s; Candidate option quote stale 34.89s; Candidate option quote stale 34.89s; Candidate option quote stale 29.89s; Candidate option quote stale 81.89s
[10:58:22]   NIFTYNXT50 NSE:NIFTYNXT5026AUG74200CE depth unavailable: ValueError: Fyers depth source timestamp invalid
[10:58:23]   NIFTYNXT50 NSE:NIFTYNXT5026AUG74200PE depth unavailable: ValueError: Fyers depth source timestamp invalid
[10:58:23]   NIFTYNXT50 NSE:NIFTYNXT5026AUG74300CE depth unavailable: ValueError: Fyers depth source timestamp invalid
[10:58:24]   NIFTYNXT50 NSE:NIFTYNXT5026AUG74300PE depth unavailable: ValueError: Fyers depth source timestamp invalid
[10:58:24]   NIFTYNXT50 NSE:NIFTYNXT5026AUG74400CE depth unavailable: ValueError: Fyers depth source timestamp invalid
[10:58:28] Cycle error; new entries blocked for 30.0s: OptionChainParseError: Missing PE at strike 2960.0
[10:59:12]   NIFTYNXT50 NSE:NIFTYNXT5026AUG74200CE depth unavailable: ValueError: Fyers depth source timestamp invalid
[10:59:12]   NIFTYNXT50 NSE:NIFTYNXT5026AUG74200PE depth unavailable: ValueError: Fyers depth source timestamp invalid
[10:59:13]   NIFTYNXT50 NSE:NIFTYNXT5026AUG74300CE depth unavailable: ValueError: Fyers depth source timestamp invalid
[10:59:13]   NIFTYNXT50 NSE:NIFTYNXT5026AUG74300PE depth unavailable: ValueError: Fyers depth source timestamp invalid
[10:59:14]   NIFTYNXT50 NSE:NIFTYNXT5026AUG74400CE depth unavailable: ValueError: Fyers depth source timestamp invalid
[10:59:17] Cycle error; new entries blocked for 30.0s: OptionChainParseError: Missing PE at strike 2960.0
[11:01:07]   DATA HEALTH ALERT ADANIPORTS: Option chain stale 46.46s; Candidate option quote stale 118.93s; Candidate option quote stale 107.93s; Candidate option quote stale 155.93s; Candidate option quote stale 100.93s; Candidate option quote stale 38.93s; Candidate option quote stale 38.93s
[11:01:07]   DATA HEALTH ALERT APOLLOHOSP: Option chain stale 46.47s; Candidate option quote stale 65.93s; Candidate option quote stale 62.94s; Candidate option quote stale 55.94s; Candidate option quote stale 55.94s; Candidate option quote stale 32.94s; Candidate option quote stale 67.94s
[11:03:49] Cycle error; new entries blocked for 30.0s: OptionChainParseError: Missing CE at strike 1135.0
[11:04:40] Cycle error; new entries blocked for 30.0s: OptionChainParseError: Missing CE at strike 1135.0
[11:05:42] Cycle error; new entries blocked for 30.0s: OptionChainParseError: Missing CE at strike 4080.0
[11:08:29] Cycle error; new entries blocked for 30.0s: OptionChainParseError: Missing PE at strike 2960.0
[11:09:19] Cycle error; new entries blocked for 30.0s: OptionChainParseError: Missing PE at strike 2960.0
[11:09:59]   NIFTYNXT50 NSE:NIFTYNXT5026AUG74200CE depth unavailable: ValueError: Fyers depth source timestamp invalid
[11:10:00]   NIFTYNXT50 NSE:NIFTYNXT5026AUG74200PE depth unavailable: ValueError: Fyers depth source timestamp invalid
[11:10:00]   NIFTYNXT50 NSE:NIFTYNXT5026AUG74300CE depth unavailable: ValueError: Fyers depth source timestamp invalid
[11:10:02]   NIFTYNXT50 NSE:NIFTYNXT5026AUG74300PE depth unavailable: ValueError: Fyers depth source timestamp invalid
[11:10:02]   NIFTYNXT50 NSE:NIFTYNXT5026AUG74400CE depth unavailable: ValueError: Fyers depth source timestamp invalid
[11:10:21] Cycle error; new entries blocked for 30.0s: OptionChainParseError: Missing CE at strike 2960.0
